10-29 09:29:35.189  1982  2182 I GnssLocationProvider: WakeLock acquired by sendMessage(REPORT_SV_STATUS, 0, com.android.server.location.GnssLocationProvider$SvStatusInfo@97d724a)
10-29 09:29:35.196  1982  2001 I GnssLocationProvider: WakeLock released by handleMessage(REPORT_SV_STATUS, 0, com.android.server.location.GnssLocationProvider$SvStatusInfo@97d724a)
10-29 09:29:35.235  1623  2259 D gralloc_ranchu: gralloc_alloc: Creating ashmem region of size 212992
10-29 09:29:35.579  1631  1708 D AudioFlinger: mixer(0xe8e03000) throttle end: throttle time(2)
10-29 09:29:35.642 19019 19132 V QueryEngine: executeQuery 12 Configuration
10-29 09:29:35.643 19019 19130 V QueryEngine: executeQuery 13 GetScene
10-29 09:29:35.673 19019 19132 V QueryEngine: executeQuery 12 Configuration successful
10-29 09:29:35.687 19019 19019 I ServerPreferences: updatePreferences for server version v0.29.1
10-29 09:29:35.694 19019 19130 V QueryEngine: executeQuery 13 GetScene successful
10-29 09:29:35.708 19019 19130 V QueryEngine: executeQuery 14 FindScenes
10-29 09:29:35.771 19019 19047 V QueryEngine: executeQuery 14 FindScenes successful
10-29 09:29:35.798  1623  2259 D gralloc_ranchu: gralloc_alloc: Creating ashmem region of size 7356416
10-29 09:29:36.190  1982  2182 I GnssLocationProvider: WakeLock acquired by sendMessage(REPORT_SV_STATUS, 0, com.android.server.location.GnssLocationProvider$SvStatusInfo@27865bb)
10-29 09:29:36.191  1982  2001 I GnssLocationProvider: WakeLock released by handleMessage(REPORT_SV_STATUS, 0, com.android.server.location.GnssLocationProvider$SvStatusInfo@27865bb)
10-29 09:29:36.845 19019 19019 D SceneDetails: focused on 0
10-29 09:29:36.862 19019 19019 D SceneDetails: Setting focusPair on 0
10-29 09:29:36.934  1623  2259 D gralloc_ranchu: gralloc_alloc: Creating ashmem region of size 270336
10-29 09:29:36.963  1623  2259 I chatty  : uid=1000(system) HwBinder:1623_2 identical 3 lines
10-29 09:29:36.974  1623  2259 D gralloc_ranchu: gralloc_alloc: Creating ashmem region of size 270336
10-29 09:29:37.191  1982  2182 I GnssLocationProvider: WakeLock acquired by sendMessage(REPORT_SV_STATUS, 0, com.android.server.location.GnssLocationProvider$SvStatusInfo@5e47ad8)
10-29 09:29:37.191  1982  2001 I GnssLocationProvider: WakeLock released by handleMessage(REPORT_SV_STATUS, 0, com.android.server.location.GnssLocationProvider$SvStatusInfo@5e47ad8)
10-29 09:29:38.192  1982  2182 I GnssLocationProvider: WakeLock acquired by sendMessage(REPORT_SV_STATUS, 0, com.android.server.location.GnssLocationProvider$SvStatusInfo@ac64e31)
10-29 09:29:38.192  1982  2001 I GnssLocationProvider: WakeLock released by handleMessage(REPORT_SV_STATUS, 0, com.android.server.location.GnssLocationProvider$SvStatusInfo@ac64e31)
10-29 09:29:39.033 19019 19019 D PlaybackPage: scene=null
10-29 09:29:39.047 19019 19127 V QueryEngine: executeQuery 15 Configuration
10-29 09:29:39.048 19019 19132 V QueryEngine: executeQuery 16 GetScene
10-29 09:29:39.080 19019 19127 V QueryEngine: executeQuery 15 Configuration successful
10-29 09:29:39.080 19019 19019 I ServerPreferences: updatePreferences for server version v0.29.1
10-29 09:29:39.085 19019 19132 V QueryEngine: executeQuery 16 GetScene successful
10-29 09:29:39.099 19019 19019 D PlaybackPage: scene=291
10-29 09:29:39.103 19019 19019 D StashExoPlayer: createInstance
10-29 09:29:39.127  1982  2001 I UsageStatsService: User[0] Flushing usage stats to disk
10-29 09:29:39.185 19019 19019 I ExoPlayerImpl: Init 7fc8a3 [AndroidXMedia3/1.8.0] [generic_x86, sdk_google_atv_x86, unknown, 28]
10-29 09:29:39.192  1982  2182 I GnssLocationProvider: WakeLock acquired by sendMessage(REPORT_SV_STATUS, 0, com.android.server.location.GnssLocationProvider$SvStatusInfo@d286916)
10-29 09:29:39.192  1982  2001 I GnssLocationProvider: WakeLock released by handleMessage(REPORT_SV_STATUS, 0, com.android.server.location.GnssLocationProvider$SvStatusInfo@d286916)
10-29 09:29:39.217 19019 19019 W tecres.stashap: Accessing hidden method Landroid/media/AudioTrack$Builder;->setOffloadedPlayback(Z)Landroid/media/AudioTrack$Builder; (dark greylist, linking)
10-29 09:29:39.224 19019 19019 W tecres.stashap: Accessing hidden method Landroid/media/AudioTrack;->getLatency()I (light greylist, reflection)
10-29 09:29:39.268 19019 19019 V CodecSupport: Default forced direct: video=[], audio=[ac3, aac, dts, truehd, pcm_alaw, pcm_f32le, pcm_mulaw, pcm_s16be, pcm_s16le, pcm_s24le, pcm_s32le, pcm_s8], containers=[flv, matroska, mov, mp4, mpeg, mpegts, webm]
10-29 09:29:39.285 19019 19019 W VideoCapabilities: Unrecognized profile 4 for video/hevc
10-29 09:29:39.294 19019 19019 I VideoCapabilities: Unsupported profile 4 for video/mp4v-es
10-29 09:29:39.296 19019 19019 V CodecSupport: Supported codecs: video=[h264, h263, hevc, mpeg4, vp8, vp9], audio=[ac3, aac, dts, truehd, pcm_alaw, pcm_f32le, pcm_mulaw, pcm_s16be, pcm_s16le, pcm_s24le, pcm_s32le, pcm_s8, flac, mp3, opus, vorbis], containers=[flv, matroska, mov, mp4, mpeg, mpegts, webm]
10-29 09:29:39.296 19019 19019 D StreamUtils: getStreamDecision: mode=Choose, sceneId=291, videoCodec=h264, videoHeight=1080, audioCodec=aac, format=mp4, alwaysTranscodeAbove=UNSPECIFIED
10-29 09:29:39.297 19019 19019 D StreamUtils: alwaysTranscode=null
10-29 09:29:39.297 19019 19019 V PlaybackSceneFragment: Video (h264), audio (aac), & container (mp4) supported
10-29 09:29:39.301 19019 19019 V StreamUtils: Got 1 subtitle options for scene 291
10-29 09:29:39.325 22225 22225 I TTS     : Creating Google TTS service, version 3.15.16.197398873
10-29 09:29:39.325 19019 19019 I TextToSpeech: Sucessfully bound to com.google.android.tts
10-29 09:29:39.330 22225 19245 I TTS     : Initializing en-us-x-sfg-lstm-embedded from apk
10-29 09:29:39.364 19019 19024 I tecres.stashap: JIT allocated 98KB for stack maps of void com.github.damontecres.stashapp.ui.components.playback.PlaybackPageContentKt.PlaybackPageContent(com.github.damontecres.stashapp.util.StashServer, androidx.media3.exoplayer.ExoPlayer, java.util.List, int, com.github.damontecres.stashapp.ui.ComposeUiConfig, boolean, com.github.damontecres.stashapp.util.ComposePager, kotlin.jvm.functions.Function1, com.github.damontecres.stashapp.ui.components.ItemOnClicker, androidx.compose.ui.Modifier, boolean, com.github.damontecres.stashapp.ui.components.playback.PlaybackViewModel, long, androidx.compose.runtime.Composer, int, int, int)
10-29 09:29:39.370 19019 19024 I tecres.stashap: Compiler allocated 5MB to compile void com.github.damontecres.stashapp.ui.components.playback.PlaybackPageContentKt.PlaybackPageContent(com.github.damontecres.stashapp.util.StashServer, androidx.media3.exoplayer.ExoPlayer, java.util.List, int, com.github.damontecres.stashapp.ui.ComposeUiConfig, boolean, com.github.damontecres.stashapp.util.ComposePager, kotlin.jvm.functions.Function1, com.github.damontecres.stashapp.ui.components.ItemOnClicker, androidx.compose.ui.Modifier, boolean, com.github.damontecres.stashapp.ui.components.playback.PlaybackViewModel, long, androidx.compose.runtime.Composer, int, int, int)
10-29 09:29:39.379  1812  1964 W ServiceManager: Permission failure: android.permission.ACCESS_SURFACE_FLINGER from uid=10058 pid=19019
10-29 09:29:39.379  1812  1964 D PermissionCache: checking android.permission.ACCESS_SURFACE_FLINGER for uid=10058 => denied (285 us)
10-29 09:29:39.391 19019 19019 I TextToSpeech: Connected to ComponentInfo{com.google.android.tts/com.google.android.tts.service.GoogleTTSService}
10-29 09:29:39.393 22225 22238 I TTS     : For default lang en-us is name en-US-language (en-us-x-sfg-server)
10-29 09:29:39.393 19019 19246 I TextToSpeech: Set up connection to ComponentInfo{com.google.android.tts/com.google.android.tts.service.GoogleTTSService}
10-29 09:29:39.400 19019 19019 V PlaybackPageContent: Setting up activity tracking scene 291, removing=null
10-29 09:29:39.405 19019 19019 D TrackActivityPlaybackListener: Scheduling for 1000ms
10-29 09:29:39.406 19019 19019 V StashExoPlayer: Added listener: com.github.damontecres.stashapp.playback.TrackActivityPlaybackListener@d704e3bd
10-29 09:29:39.407 19019 19047 V QueryEngine: executeQuery 17 GetScene
10-29 09:29:39.409 19019 19019 V StreamUtils: maybeMuteAudio: playAudioPreview=false, startMuted=false, checkPreviewAudioPref=false
10-29 09:29:39.465 19019 19130 V QueryEngine: executeQuery 17 GetScene successful
10-29 09:29:39.478 19019 19019 V StashExoPlayer: Added listener: com.github.damontecres.stashapp.ui.components.playback.PlaybackPageContentKt$setupFinishedBehavior$2@8a8ef37
10-29 09:29:39.479 19019 19019 V StashExoPlayer: Added listener: com.github.damontecres.stashapp.ui.components.playback.StashAnalyticsListener@45acca4
10-29 09:29:39.480 19019 19019 V StashExoPlayer: Added listener: com.github.damontecres.stashapp.ui.components.playback.PlaybackPageContentKt$PlaybackPageContent$5$1$3@fdb4a0d
10-29 09:29:39.488 19019 19019 D PronunciationService: TTS initialized successfully
10-29 09:29:39.643  1623  2259 D gralloc_ranchu: gralloc_alloc: Creating ashmem region of size 4669440
10-29 09:29:39.690 22225 19245 I TTS     : Done initializing en-us-x-sfg-lstm-embedded
10-29 09:29:39.968 19019 19239 E libc    : Access denied finding property "vendor.display-size"
10-29 09:29:39.960 19019 19019 W ExoPlayer:Playb: type=1400 audit(0.0:94): avc: denied { read } for name="u:object_r:vendor_default_prop:s0" dev="tmpfs" ino=5262 scontext=u:r:untrusted_app:s0:c58,c256,c512,c768 tcontext=u:object_r:vendor_default_prop:s0 tclass=file permissive=0
10-29 09:29:40.000 19019 19251 I OMXClient: IOmx service obtained
10-29 09:29:40.003  1827  2445 I OMXMaster: makeComponentInstance(OMX.google.h264.decoder) in omx@1.0-service process
10-29 09:29:40.006 19019 19250 D SurfaceUtils: connecting to surface 0xe031e008, reason connectToSurface
10-29 09:29:40.007 19019 19250 I MediaCodec: [OMX.google.h264.decoder] setting surface generation to 19475457
10-29 09:29:40.007 19019 19250 D SurfaceUtils: disconnecting from surface 0xe031e008, reason connectToSurface(reconnect)
10-29 09:29:40.007 19019 19250 D SurfaceUtils: connecting to surface 0xe031e008, reason connectToSurface(reconnect)
10-29 09:29:40.009  1827  2445 E OMXNodeInstance: getExtensionIndex(0xeaca6c60:google.h264.decoder, OMX.google.android.index.enableAndroidNativeBuffers) ERROR: UnsupportedIndex(0x8000101a)
10-29 09:29:40.010 19019 19251 E ACodec  : [OMX.google.h264.decoder] setPortMode on output to DynamicANWBuffer failed w/ err -1010
10-29 09:29:40.010  1827  2445 W OMXNodeInstance: [0xeaca6c60:google.h264.decoder] component does not support metadata mode; using fallback
10-29 09:29:40.012  1827  2445 D SoftVideoDecoderOMXComponent: Color Aspects preference: 1 
10-29 09:29:40.012  1827  2445 E OMXNodeInstance: setConfig(0xeaca6c60:google.h264.decoder, ConfigPriority(0x6f800002)) ERROR: UnsupportedIndex(0x8000101a)
10-29 09:29:40.013 19019 19251 I ACodec  : codec does not support config priority (err -1010)
10-29 09:29:40.013  1827  2445 E OMXNodeInstance: getConfig(0xeaca6c60:google.h264.decoder, ConfigAndroidVendorExtension(0x6f100004)) ERROR: UnsupportedIndex(0x8000101a)
10-29 09:29:40.013  1827  2445 E OMXNodeInstance: getConfig(0xeaca6c60:google.h264.decoder, ??(0x7f000003)) ERROR: UnsupportedSetting(0x80001019)
10-29 09:29:40.015  1611  1611 W AshmemAllocator: ashmem_create_region(3110400) returning hidl_memory(0xe9c1c180, 3110400)
10-29 09:29:40.020  1611  1611 I chatty  : uid=1000(system) allocator@1.0-s identical 12 lines
10-29 09:29:40.021  1611  1611 W AshmemAllocator: ashmem_create_region(3110400) returning hidl_memory(0xe9c1c180, 3110400)
10-29 09:29:40.062 19140 19167 W LocationOracle: No location history returned by ContextManager
10-29 09:29:40.070  2379  3014 W GCoreFlp: No location to return for getLastLocation()
10-29 09:29:40.071  1611  1611 W AshmemAllocator: ashmem_create_region(3110400) returning hidl_memory(0xe9c1c180, 3110400)
10-29 09:29:40.073  1611  1611 W AshmemAllocator: ashmem_create_region(3110400) returning hidl_memory(0xe9c1c180, 3110400)
10-29 09:29:40.078 19140 19175 W LocationOracle: No location returned by GMS core getLastLocation()
10-29 09:29:40.081 19019 19258 I OMXClient: IOmx service obtained
10-29 09:29:40.081  1827  1885 I OMXMaster: makeComponentInstance(OMX.google.aac.decoder) in omx@1.0-service process
10-29 09:29:40.084  1827 19253 D SoftVideoDecoderOMXComponent: Color Aspects preference: 1 
10-29 09:29:40.085  1827  1885 E OMXNodeInstance: setConfig(0xeaca6ba0:google.aac.decoder, ConfigPriority(0x6f800002)) ERROR: Undefined(0x80001001)
10-29 09:29:40.085 19019 19258 I ACodec  : codec does not support config priority (err -2147483648)
10-29 09:29:40.085  1827  1885 E OMXNodeInstance: getConfig(0xeaca6ba0:google.aac.decoder, ConfigAndroidVendorExtension(0x6f100004)) ERROR: Undefined(0x80001001)
10-29 09:29:40.088  1827 10976 E OMXNodeInstance: getConfig(0xeaca6c60:google.h264.decoder, ??(0x7f000003)) ERROR: UnsupportedSetting(0x80001019)
10-29 09:29:40.088  1611  1611 W AshmemAllocator: ashmem_create_region(8192) returning hidl_memory(0xe9c1c180, 8192)
10-29 09:29:40.089  1611  1611 I chatty  : uid=1000(system) allocator@1.0-s identical 2 lines
10-29 09:29:40.089  1611  1611 W AshmemAllocator: ashmem_create_region(8192) returning hidl_memory(0xe9c1c180, 8192)
10-29 09:29:40.091  1611  1611 W AshmemAllocator: ashmem_create_region(32768) returning hidl_memory(0xe9c1c180, 32768)
10-29 09:29:40.092  1611  1611 I chatty  : uid=1000(system) allocator@1.0-s identical 2 lines
10-29 09:29:40.092  1611  1611 W AshmemAllocator: ashmem_create_region(32768) returning hidl_memory(0xe9c1c180, 32768)
10-29 09:29:40.145  1827 19259 I SoftAAC2: Reconfiguring decoder: 0->44100 Hz, 0->2 channels
10-29 09:29:40.162  1611  1611 W AshmemAllocator: ashmem_create_region(32768) returning hidl_memory(0xe9c1c180, 32768)
10-29 09:29:40.163  1611  1611 I chatty  : uid=1000(system) allocator@1.0-s identical 2 lines
10-29 09:29:40.164  1611  1611 W AshmemAllocator: ashmem_create_region(32768) returning hidl_memory(0xe9c1c180, 32768)
10-29 09:29:40.168  1631  2257 W AudioFlinger: createTrack_l(): mismatch between requested flags (00000008) and output flags (00000006)
10-29 09:29:40.168  1631  2257 D AudioFlinger: Client defaulted notificationFrames to 3675 for frameCount 11025
10-29 09:29:40.202  1982  2182 I GnssLocationProvider: WakeLock acquired by sendMessage(REPORT_SV_STATUS, 0, com.android.server.location.GnssLocationProvider$SvStatusInfo@25625a1)
10-29 09:29:40.202  1982  2001 I GnssLocationProvider: WakeLock released by handleMessage(REPORT_SV_STATUS, 0, com.android.server.location.GnssLocationProvider$SvStatusInfo@25625a1)
10-29 09:29:40.285 19019 19250 D MediaCodec: [OMX.google.h264.decoder] setting dataspace on output surface to #104
10-29 09:29:40.607  1812  1840 W MapperHal: buffer descriptor with invalid usage bits 0x2000
10-29 09:29:40.608  1623  2259 D gralloc_ranchu: gralloc_alloc: Creating ashmem region of size 3112960
10-29 09:29:40.636 19019 19250 D SoftwareRenderer: setting dataspace on output surface to #104
10-29 09:29:40.642 19019 19019 V keepScreenOn: Keep screen on: true
10-29 09:29:40.704  1812  1840 W MapperHal: buffer descriptor with invalid usage bits 0x2000
10-29 09:29:40.704  1623  2259 D gralloc_ranchu: gralloc_alloc: Creating ashmem region of size 3112960
10-29 09:29:40.724  1812  1840 W MapperHal: buffer descriptor with invalid usage bits 0x2000
10-29 09:29:40.724  1623  2259 D gralloc_ranchu: gralloc_alloc: Creating ashmem region of size 3112960
10-29 09:29:41.195  1982  2182 I GnssLocationProvider: WakeLock acquired by sendMessage(REPORT_SV_STATUS, 0, com.android.server.location.GnssLocationProvider$SvStatusInfo@9ab43c6)
10-29 09:29:41.197  1982  2001 I GnssLocationProvider: WakeLock released by handleMessage(REPORT_SV_STATUS, 0, com.android.server.location.GnssLocationProvider$SvStatusInfo@9ab43c6)
10-29 09:29:41.642  1812  1840 W MapperHal: buffer descriptor with invalid usage bits 0x2000
10-29 09:29:41.642  1623  2259 D gralloc_ranchu: gralloc_alloc: Creating ashmem region of size 3112960
10-29 09:29:41.753  1613  3510 W audio_hw_generic: Not supplying enough data to HAL, expected position 311368209 , only wrote 311366160
10-29 09:29:41.753  1613  3510 W audio_hw_generic: Not supplying enough data to HAL, expected position 311366171 , only wrote 311366160
10-29 09:29:41.768  1613  3510 W audio_hw_generic: Not supplying enough data to HAL, expected position 311366891 , only wrote 311366880
10-29 09:29:41.777  1631  1708 D AudioFlinger: mixer(0xe8e03000) throttle end: throttle time(12)
10-29 09:29:42.194  1982  2182 I GnssLocationProvider: WakeLock acquired by sendMessage(REPORT_SV_STATUS, 0, com.android.server.location.GnssLocationProvider$SvStatusInfo@80f6d23)
10-29 09:29:42.195  1982  2001 I GnssLocationProvider: WakeLock released by handleMessage(REPORT_SV_STATUS, 0, com.android.server.location.GnssLocationProvider$SvStatusInfo@80f6d23)
10-29 09:29:43.195  1982  2182 I GnssLocationProvider: WakeLock acquired by sendMessage(REPORT_SV_STATUS, 0, com.android.server.location.GnssLocationProvider$SvStatusInfo@de45220)
10-29 09:29:43.195  1982  2001 I GnssLocationProvider: WakeLock released by handleMessage(REPORT_SV_STATUS, 0, com.android.server.location.GnssLocationProvider$SvStatusInfo@de45220)
10-29 09:29:44.195  1982  2182 I GnssLocationProvider: WakeLock acquired by sendMessage(REPORT_SV_STATUS, 0, com.android.server.location.GnssLocationProvider$SvStatusInfo@ffce7d9)
10-29 09:29:44.195  1982  2001 I GnssLocationProvider: WakeLock released by handleMessage(REPORT_SV_STATUS, 0, com.android.server.location.GnssLocationProvider$SvStatusInfo@ffce7d9)
10-29 09:29:44.614  3701 19572 D SetupWraith: DSJobScheduler: DeferredSetupSchedulerTask begin.
10-29 09:29:44.617  3701 19572 D SetupWraith: DeferredStatus: STATUS_NO_ACCOUNT [hasHadNetwork: true, hasHadAccount: false, hasSeenAssistant: false]
10-29 09:29:44.617  3701 19572 D SetupWraith: DSNotificationManager: Not posting notification, yet. Due at Thu Nov 27 17:48:44 GMT 2025
10-29 09:29:44.617  3701 19572 D SetupWraith: DSJobScheduler: job finished.
10-29 09:29:44.769  1631  1708 D AudioFlinger: mixer(0xe8e03000) throttle end: throttle time(12)
10-29 09:29:45.195  1982  2182 I GnssLocationProvider: WakeLock acquired by sendMessage(REPORT_SV_STATUS, 0, com.android.server.location.GnssLocationProvider$SvStatusInfo@9bddaa)
10-29 09:29:45.196  1982  2001 I GnssLocationProvider: WakeLock released by handleMessage(REPORT_SV_STATUS, 0, com.android.server.location.GnssLocationProvider$SvStatusInfo@9bddaa)
10-29 09:29:45.774  1631  1708 D AudioFlinger: mixer(0xe8e03000) throttle end: throttle time(10)
10-29 09:29:46.197  1982  2182 I GnssLocationProvider: WakeLock acquired by sendMessage(REPORT_SV_STATUS, 0, com.android.server.location.GnssLocationProvider$SvStatusInfo@b635d9b)
10-29 09:29:46.197  1982  2001 I GnssLocationProvider: WakeLock released by handleMessage(REPORT_SV_STATUS, 0, com.android.server.location.GnssLocationProvider$SvStatusInfo@b635d9b)
10-29 09:29:46.405  1631  1708 D AudioFlinger: mixer(0xe8e03000) throttle end: throttle time(17)
10-29 09:29:46.457  1613  3510 W audio_hw_generic: Not supplying enough data to HAL, expected position 311591943 , only wrote 311591520
10-29 09:29:46.457  1613  3510 W audio_hw_generic: Not supplying enough data to HAL, expected position 311591533 , only wrote 311591520
10-29 09:29:46.485  1631  1708 D AudioFlinger: mixer(0xe8e03000) throttle end: throttle time(12)
10-29 09:29:46.761  2539 19702 E memtrack: Couldn't load memtrack module
10-29 09:29:46.761  2539 19702 W android.os.Debug: failed to get memory consumption info: -1
10-29 09:29:47.140  1631  1708 D AudioFlinger: mixer(0xe8e03000) throttle end: throttle time(3)
10-29 09:29:47.197  1982  2182 I GnssLocationProvider: WakeLock acquired by sendMessage(REPORT_SV_STATUS, 0, com.android.server.location.GnssLocationProvider$SvStatusInfo@b64538)
10-29 09:29:47.197  1982  2001 I GnssLocationProvider: WakeLock released by handleMessage(REPORT_SV_STATUS, 0, com.android.server.location.GnssLocationProvider$SvStatusInfo@b64538)
10-29 09:29:47.255  2379 19733 E memtrack: Couldn't load memtrack module
10-29 09:29:47.255  2379 19733 W android.os.Debug: failed to get memory consumption info: -1
10-29 09:29:47.696 19019 19019 V keepScreenOn: Keep screen on: false
10-29 09:29:47.701 19019 19019 V TrackActivityPlaybackListener: saveSceneActivity: scene=291, position=-1, duration=7005, calcPosition=881971, totalDuration=7005
10-29 09:29:47.701 19019 19019 V MutationEngine: SceneSaveActivity sceneId=291, position=881971, playDuration=7.005
10-29 09:29:47.702 19019 19127 V MutationEngine: executeMutation 0 SceneSaveActivity start
10-29 09:29:47.759 19019 19127 V MutationEngine: executeMutation 0 SceneSaveActivity successful
10-29 09:29:47.775 19019 19019 V TrackActivityPlaybackListener: totalPlayPercent=0.5996764058794826, minimumPlayPercent=0
10-29 09:29:47.775 19019 19019 V TrackActivityPlaybackListener: Incrementing play count for 291
10-29 09:29:47.775 19019 19019 V MutationEngine: incrementPlayCount on 291
10-29 09:29:47.783 19019 19130 V MutationEngine: executeMutation 1 SceneAddPlayCount start
10-29 09:29:47.817 19019 19130 V MutationEngine: executeMutation 1 SceneAddPlayCount successful
10-29 09:29:48.052  1631 10973 W AudioFlinger: createTrack_l(): mismatch between requested flags (00000008) and output flags (00000006)
10-29 09:29:48.053  1631 10973 D AudioFlinger: Client defaulted notificationFrames to 3675 for frameCount 11025
10-29 09:29:48.157  1613  3510 W audio_hw_generic: Not supplying enough data to HAL, expected position 311673112 , only wrote 311672880
10-29 09:29:48.157  1613  3510 W audio_hw_generic: Not supplying enough data to HAL, expected position 311672894 , only wrote 311672880
10-29 09:29:48.198  1982  2182 I GnssLocationProvider: WakeLock acquired by sendMessage(REPORT_SV_STATUS, 0, com.android.server.location.GnssLocationProvider$SvStatusInfo@f103877)
10-29 09:29:48.199  1982  2001 I GnssLocationProvider: WakeLock released by handleMessage(REPORT_SV_STATUS, 0, com.android.server.location.GnssLocationProvider$SvStatusInfo@f103877)
10-29 09:29:49.197  1982  2182 I GnssLocationProvider: WakeLock acquired by sendMessage(REPORT_SV_STATUS, 0, com.android.server.location.GnssLocationProvider$SvStatusInfo@e267ce4)
10-29 09:29:49.198  1982  2001 I GnssLocationProvider: WakeLock released by handleMessage(REPORT_SV_STATUS, 0, com.android.server.location.GnssLocationProvider$SvStatusInfo@e267ce4)
10-29 09:29:49.570  1631 10973 W AudioFlinger: createTrack_l(): mismatch between requested flags (00000008) and output flags (00000006)
10-29 09:29:49.570  1631 10973 D AudioFlinger: Client defaulted notificationFrames to 3675 for frameCount 11025
10-29 09:29:50.003 19019 19019 V keepScreenOn: Keep screen on: true
10-29 09:29:50.036  1631  1708 D AudioFlinger: mixer(0xe8e03000) throttle end: throttle time(4)
10-29 09:29:50.199  1982  2182 I GnssLocationProvider: WakeLock acquired by sendMessage(REPORT_SV_STATUS, 0, com.android.server.location.GnssLocationProvider$SvStatusInfo@745e513)
10-29 09:29:50.199  1982  2001 I GnssLocationProvider: WakeLock released by handleMessage(REPORT_SV_STATUS, 0, com.android.server.location.GnssLocationProvider$SvStatusInfo@745e513)
10-29 09:29:50.646 19019 19019 V keepScreenOn: Keep screen on: false
10-29 09:29:50.649 19019 19019 V TrackActivityPlaybackListener: saveSceneActivity: scene=291, position=-1, duration=1000, calcPosition=902547, totalDuration=8005
10-29 09:29:50.650 19019 19019 V MutationEngine: SceneSaveActivity sceneId=291, position=902547, playDuration=1.0
10-29 09:29:50.651 19019 19130 V MutationEngine: executeMutation 2 SceneSaveActivity start
10-29 09:29:50.771 19019 19130 V MutationEngine: executeMutation 2 SceneSaveActivity successful
10-29 09:29:50.772 19019 19019 V TrackActivityPlaybackListener: totalPlayPercent=0.6852833160692731, minimumPlayPercent=0
10-29 09:29:51.019  1631  1704 W AudioFlinger: createTrack_l(): mismatch between requested flags (00000008) and output flags (00000006)
10-29 09:29:51.019  1631  1704 D AudioFlinger: Client defaulted notificationFrames to 3675 for frameCount 11025
10-29 09:29:51.199  1982  2182 I GnssLocationProvider: WakeLock acquired by sendMessage(REPORT_SV_STATUS, 0, com.android.server.location.GnssLocationProvider$SvStatusInfo@9f0124e)
10-29 09:29:51.207  1982  2001 I GnssLocationProvider: WakeLock released by handleMessage(REPORT_SV_STATUS, 0, com.android.server.location.GnssLocationProvider$SvStatusInfo@9f0124e)
10-29 09:29:51.289 19019 19030 I tecres.stashap: Background concurrent copying GC freed 123519(4MB) AllocSpace objects, 12(488KB) LOS objects, 17% free, 27MB/33MB, paused 409us total 113.439ms
10-29 09:29:51.480 19019 19019 V keepScreenOn: Keep screen on: true
10-29 09:29:51.636  1613  3510 W audio_hw_generic: Not supplying enough data to HAL, expected position 311839841 , only wrote 311838480
10-29 09:29:51.664  1631  1708 D AudioFlinger: mixer(0xe8e03000) throttle end: throttle time(12)
10-29 09:29:52.199  1982  2182 I GnssLocationProvider: WakeLock acquired by sendMessage(REPORT_SV_STATUS, 0, com.android.server.location.GnssLocationProvider$SvStatusInfo@71fbf6f)
10-29 09:29:52.200  1982  2001 I GnssLocationProvider: WakeLock released by handleMessage(REPORT_SV_STATUS, 0, com.android.server.location.GnssLocationProvider$SvStatusInfo@71fbf6f)
10-29 09:29:52.313  1631  1708 D AudioFlinger: mixer(0xe8e03000) throttle end: throttle time(5)
10-29 09:29:53.199  1982  2182 I GnssLocationProvider: WakeLock acquired by sendMessage(REPORT_SV_STATUS, 0, com.android.server.location.GnssLocationProvider$SvStatusInfo@3b2847c)
10-29 09:29:53.200  1982  2001 I GnssLocationProvider: WakeLock released by handleMessage(REPORT_SV_STATUS, 0, com.android.server.location.GnssLocationProvider$SvStatusInfo@3b2847c)
10-29 09:29:53.254 19019 19019 V keepScreenOn: Keep screen on: false
10-29 09:29:53.255 19019 19019 V TrackActivityPlaybackListener: saveSceneActivity: scene=291, position=-1, duration=1000, calcPosition=894289, totalDuration=9005
10-29 09:29:53.255 19019 19019 V MutationEngine: SceneSaveActivity sceneId=291, position=894289, playDuration=1.0
10-29 09:29:53.257 19019 19132 V MutationEngine: executeMutation 3 SceneSaveActivity start
10-29 09:29:53.303 19019 19132 V MutationEngine: executeMutation 3 SceneSaveActivity successful
10-29 09:29:53.314 19019 19019 V TrackActivityPlaybackListener: totalPlayPercent=0.7708902262590636, minimumPlayPercent=0
10-29 09:29:53.581  1631  2257 W AudioFlinger: createTrack_l(): mismatch between requested flags (00000008) and output flags (00000006)
10-29 09:29:53.581  1631  2257 D AudioFlinger: Client defaulted notificationFrames to 3675 for frameCount 11025
10-29 09:29:54.114  1982  2001 E memtrack: Couldn't load memtrack module
10-29 09:29:54.114  1982  2001 W android.os.Debug: failed to get memory consumption info: -1
10-29 09:29:54.122 19019 19019 V keepScreenOn: Keep screen on: true
10-29 09:29:54.200  1982  2182 I GnssLocationProvider: WakeLock acquired by sendMessage(REPORT_SV_STATUS, 0, com.android.server.location.GnssLocationProvider$SvStatusInfo@e12e38b)
10-29 09:29:54.201  1982  2001 I GnssLocationProvider: WakeLock released by handleMessage(REPORT_SV_STATUS, 0, com.android.server.location.GnssLocationProvider$SvStatusInfo@e12e38b)
10-29 09:29:54.263  1631  1708 D AudioFlinger: mixer(0xe8e03000) throttle end: throttle time(8)
10-29 09:29:54.870 19019 19019 V keepScreenOn: Keep screen on: false
10-29 09:29:54.872 19019 19019 V TrackActivityPlaybackListener: saveSceneActivity: scene=291, position=-1, duration=999, calcPosition=884978, totalDuration=10004
10-29 09:29:54.876 19019 19019 V MutationEngine: SceneSaveActivity sceneId=291, position=884978, playDuration=0.999
10-29 09:29:54.876 19019 19127 V MutationEngine: executeMutation 4 SceneSaveActivity start
10-29 09:29:54.968 19019 19130 V MutationEngine: executeMutation 4 SceneSaveActivity successful
10-29 09:29:54.972 19019 19019 V TrackActivityPlaybackListener: totalPlayPercent=0.8564115295386643, minimumPlayPercent=0
10-29 09:29:55.109  1613  3510 W audio_hw_generic: Not supplying enough data to HAL, expected position 312005170 , only wrote 312004800
10-29 09:29:55.109  1613  3510 W audio_hw_generic: Not supplying enough data to HAL, expected position 312004814 , only wrote 312004800
10-29 09:29:55.199  1982  2182 I GnssLocationProvider: WakeLock acquired by sendMessage(REPORT_SV_STATUS, 0, com.android.server.location.GnssLocationProvider$SvStatusInfo@7e16c68)
10-29 09:29:55.200  1982  2001 I GnssLocationProvider: WakeLock released by handleMessage(REPORT_SV_STATUS, 0, com.android.server.location.GnssLocationProvider$SvStatusInfo@7e16c68)
10-29 09:29:56.074  1631  4228 W AudioFlinger: createTrack_l(): mismatch between requested flags (00000008) and output flags (00000006)
10-29 09:29:56.074  1631  4228 D AudioFlinger: Client defaulted notificationFrames to 3675 for frameCount 11025
10-29 09:29:56.200  1982  2182 I GnssLocationProvider: WakeLock acquired by sendMessage(REPORT_SV_STATUS, 0, com.android.server.location.GnssLocationProvider$SvStatusInfo@3ca2d67)
10-29 09:29:56.200  1982  2001 I GnssLocationProvider: WakeLock released by handleMessage(REPORT_SV_STATUS, 0, com.android.server.location.GnssLocationProvider$SvStatusInfo@3ca2d67)
10-29 09:29:56.518 19019 19019 V keepScreenOn: Keep screen on: true
10-29 09:29:57.151 19019 19019 V keepScreenOn: Keep screen on: false
10-29 09:29:57.200  1982  2182 I GnssLocationProvider: WakeLock acquired by sendMessage(REPORT_SV_STATUS, 0, com.android.server.location.GnssLocationProvider$SvStatusInfo@b94e714)
10-29 09:29:57.200  1982  2001 I GnssLocationProvider: WakeLock released by handleMessage(REPORT_SV_STATUS, 0, com.android.server.location.GnssLocationProvider$SvStatusInfo@b94e714)
10-29 09:29:57.289  1613  3510 W audio_hw_generic: Not supplying enough data to HAL, expected position 312109450 , only wrote 312109200
10-29 09:29:57.289  1613  3510 W audio_hw_generic: Not supplying enough data to HAL, expected position 312109214 , only wrote 312109200
10-29 09:29:57.305  1613  3510 W audio_hw_generic: Not supplying enough data to HAL, expected position 312109934 , only wrote 312109920
10-29 09:29:57.441  1613  3510 W audio_hw_generic: Not supplying enough data to HAL, expected position 312116460 , only wrote 312116400
10-29 09:29:57.441  1613  3510 W audio_hw_generic: Not supplying enough data to HAL, expected position 312116410 , only wrote 312116400
10-29 09:29:57.457  1613  3510 W audio_hw_generic: Not supplying enough data to HAL, expected position 312117168 , only wrote 312117120
10-29 09:29:57.487  1631 26347 W AudioFlinger: createTrack_l(): mismatch between requested flags (00000008) and output flags (00000006)
10-29 09:29:57.487  1631 26347 D AudioFlinger: Client defaulted notificationFrames to 3675 for frameCount 11025
10-29 09:29:57.555  1613  3510 W audio_hw_generic: Not supplying enough data to HAL, expected position 312121798 , only wrote 312121440
10-29 09:29:57.555  1613  3510 W audio_hw_generic: Not supplying enough data to HAL, expected position 312121456 , only wrote 312121440
10-29 09:29:58.201  1982  2182 I GnssLocationProvider: WakeLock acquired by sendMessage(REPORT_SV_STATUS, 0, com.android.server.location.GnssLocationProvider$SvStatusInfo@5c23903)
10-29 09:29:58.203  1982  2001 I GnssLocationProvider: WakeLock released by handleMessage(REPORT_SV_STATUS, 0, com.android.server.location.GnssLocationProvider$SvStatusInfo@5c23903)
10-29 09:29:58.584  1631  4228 W AudioFlinger: createTrack_l(): mismatch between requested flags (00000008) and output flags (00000006)
10-29 09:29:58.584  1631  4228 D AudioFlinger: Client defaulted notificationFrames to 3675 for frameCount 11025
10-29 09:29:59.202  1982  2182 I GnssLocationProvider: WakeLock acquired by sendMessage(REPORT_SV_STATUS, 0, com.android.server.location.GnssLocationProvider$SvStatusInfo@1abaafe)
10-29 09:29:59.204  1982  2001 I GnssLocationProvider: WakeLock released by handleMessage(REPORT_SV_STATUS, 0, com.android.server.location.GnssLocationProvider$SvStatusInfo@1abaafe)
10-29 09:30:00.202  1982  2182 I GnssLocationProvider: WakeLock acquired by sendMessage(REPORT_SV_STATUS, 0, com.android.server.location.GnssLocationProvider$SvStatusInfo@8de04ac)
10-29 09:30:00.202  1982  2001 I GnssLocationProvider: WakeLock released by handleMessage(REPORT_SV_STATUS, 0, com.android.server.location.GnssLocationProvider$SvStatusInfo@8de04ac)
10-29 09:30:00.211  1613 15646 W audio_hw_generic: Not supplying enough data to HAL, expected position 312375638 , only wrote 312248880
10-29 09:30:00.599  1631 26347 W AudioFlinger: createTrack_l(): mismatch between requested flags (00000008) and output flags (00000006)
10-29 09:30:00.599  1631 26347 D AudioFlinger: Client defaulted notificationFrames to 3675 for frameCount 11025
10-29 09:30:00.692  1613  3510 W audio_hw_generic: Not supplying enough data to HAL, expected position 312248889 , only wrote 312248880
10-29 09:30:00.696 19019 19019 V keepScreenOn: Keep screen on: true
10-29 09:30:00.791 19019 19239 W AudioTrack: retrograde timestamp position corrected, -1058 = 1058 - 2116
10-29 09:30:00.801 19019 19239 W AudioTrack: getTimestamp() location moved from kernel to server
10-29 09:30:00.813  1631  1708 D AudioFlinger: mixer(0xe8e03000) throttle end: throttle time(9)
10-29 09:30:00.825 19019 19239 W AudioTrack: retrograde timestamp position corrected, -1058 = 1058 - 2116
10-29 09:30:01.203  1982  2182 I GnssLocationProvider: WakeLock acquired by sendMessage(REPORT_SV_STATUS, 0, com.android.server.location.GnssLocationProvider$SvStatusInfo@f67c57b)
10-29 09:30:01.204  1982  2001 I GnssLocationProvider: WakeLock released by handleMessage(REPORT_SV_STATUS, 0, com.android.server.location.GnssLocationProvider$SvStatusInfo@f67c57b)
10-29 09:30:02.023  1631  1708 D AudioFlinger: mixer(0xe8e03000) throttle end: throttle time(12)
10-29 09:30:02.203  1982  2182 I GnssLocationProvider: WakeLock acquired by sendMessage(REPORT_SV_STATUS, 0, com.android.server.location.GnssLocationProvider$SvStatusInfo@57cbf98)
10-29 09:30:02.203  1982  2001 I GnssLocationProvider: WakeLock released by handleMessage(REPORT_SV_STATUS, 0, com.android.server.location.GnssLocationProvider$SvStatusInfo@57cbf98)
10-29 09:30:02.220  1631  1708 D AudioFlinger: mixer(0xe8e03000) throttle end: throttle time(5)
10-29 09:30:03.060 19019 19019 V keepScreenOn: Keep screen on: false
10-29 09:30:03.062 19019 19019 V TrackActivityPlaybackListener: saveSceneActivity: scene=291, position=-1, duration=2001, calcPosition=367808, totalDuration=12005
10-29 09:30:03.062 19019 19019 V MutationEngine: SceneSaveActivity sceneId=291, position=367808, playDuration=2.001
10-29 09:30:03.062 19019 19127 V MutationEngine: executeMutation 5 SceneSaveActivity start
10-29 09:30:03.131 19019 19127 V MutationEngine: executeMutation 5 SceneSaveActivity successful
10-29 09:30:03.143 19019 19019 V TrackActivityPlaybackListener: totalPlayPercent=1.027710956828435, minimumPlayPercent=0
10-29 09:30:03.214  1982  2182 I GnssLocationProvider: WakeLock acquired by sendMessage(REPORT_SV_STATUS, 0, com.android.server.location.GnssLocationProvider$SvStatusInfo@e13f1)
10-29 09:30:03.215  1982  2001 I GnssLocationProvider: WakeLock released by handleMessage(REPORT_SV_STATUS, 0, com.android.server.location.GnssLocationProvider$SvStatusInfo@e13f1)
10-29 09:30:03.361  1631 26347 W AudioFlinger: createTrack_l(): mismatch between requested flags (00000008) and output flags (00000006)
10-29 09:30:03.362  1631 26347 D AudioFlinger: Client defaulted notificationFrames to 3675 for frameCount 11025
10-29 09:30:03.582  1982  1993 E memtrack: Couldn't load memtrack module
10-29 09:30:03.587  1982  1993 W android.os.Debug: failed to get memory consumption info: -1
10-29 09:30:03.616 19019 19019 V keepScreenOn: Keep screen on: true
10-29 09:30:04.205  1982  2182 I GnssLocationProvider: WakeLock acquired by sendMessage(REPORT_SV_STATUS, 0, com.android.server.location.GnssLocationProvider$SvStatusInfo@44a3d44)
10-29 09:30:04.205  1982  2001 I GnssLocationProvider: WakeLock released by handleMessage(REPORT_SV_STATUS, 0, com.android.server.location.GnssLocationProvider$SvStatusInfo@44a3d44)
10-29 09:30:05.205  1982  2182 I GnssLocationProvider: WakeLock acquired by sendMessage(REPORT_SV_STATUS, 0, com.android.server.location.GnssLocationProvider$SvStatusInfo@8defe2d)
10-29 09:30:05.206  1982  2001 I GnssLocationProvider: WakeLock released by handleMessage(REPORT_SV_STATUS, 0, com.android.server.location.GnssLocationProvider$SvStatusInfo@8defe2d)
10-29 09:30:06.205  1982  2182 I GnssLocationProvider: WakeLock acquired by sendMessage(REPORT_SV_STATUS, 0, com.android.server.location.GnssLocationProvider$SvStatusInfo@c321f62)
10-29 09:30:06.205  1982  2001 I GnssLocationProvider: WakeLock released by handleMessage(REPORT_SV_STATUS, 0, com.android.server.location.GnssLocationProvider$SvStatusInfo@c321f62)
10-29 09:30:07.205  1982  2182 I GnssLocationProvider: WakeLock acquired by sendMessage(REPORT_SV_STATUS, 0, com.android.server.location.GnssLocationProvider$SvStatusInfo@eb368f3)
10-29 09:30:07.206  1982  2001 I GnssLocationProvider: WakeLock released by handleMessage(REPORT_SV_STATUS, 0, com.android.server.location.GnssLocationProvider$SvStatusInfo@eb368f3)
10-29 09:30:07.649 19019 19019 V keepScreenOn: Keep screen on: false
10-29 09:30:07.650 19019 19019 V TrackActivityPlaybackListener: saveSceneActivity: scene=291, position=-1, duration=4002, calcPosition=361832, totalDuration=16007
10-29 09:30:07.650 19019 19019 V MutationEngine: SceneSaveActivity sceneId=291, position=361832, playDuration=4.002
10-29 09:30:07.651 19019 19130 V MutationEngine: executeMutation 6 SceneSaveActivity start
10-29 09:30:07.884  1613  3510 W audio_hw_generic: Not supplying enough data to HAL, expected position 312594123 , only wrote 312593760
10-29 09:30:07.885  1613  3510 W audio_hw_generic: Not supplying enough data to HAL, expected position 312593792 , only wrote 312593760
10-29 09:30:08.122 19019 19130 V MutationEngine: executeMutation 6 SceneSaveActivity successful
10-29 09:30:08.124 19019 19019 V TrackActivityPlaybackListener: totalPlayPercent=1.3703098114079768, minimumPlayPercent=0
10-29 09:30:08.207  1982  2182 I GnssLocationProvider: WakeLock acquired by sendMessage(REPORT_SV_STATUS, 0, com.android.server.location.GnssLocationProvider$SvStatusInfo@b4fe9b0)
10-29 09:30:08.208  1982  2001 I GnssLocationProvider: WakeLock released by handleMessage(REPORT_SV_STATUS, 0, com.android.server.location.GnssLocationProvider$SvStatusInfo@b4fe9b0)
10-29 09:30:08.487  1631 10973 W AudioFlinger: createTrack_l(): mismatch between requested flags (00000008) and output flags (00000006)
10-29 09:30:08.487  1631 10973 D AudioFlinger: Client defaulted notificationFrames to 3675 for frameCount 11025
10-29 09:30:09.206  1982  2182 I GnssLocationProvider: WakeLock acquired by sendMessage(REPORT_SV_STATUS, 0, com.android.server.location.GnssLocationProvider$SvStatusInfo@111a14f)
10-29 09:30:09.207  1982  2001 I GnssLocationProvider: WakeLock released by handleMessage(REPORT_SV_STATUS, 0, com.android.server.location.GnssLocationProvider$SvStatusInfo@111a14f)
10-29 09:30:10.099  1631 26347 W AudioFlinger: createTrack_l(): mismatch between requested flags (00000008) and output flags (00000006)
10-29 09:30:10.099  1631 26347 D AudioFlinger: Client defaulted notificationFrames to 3675 for frameCount 11025
10-29 09:30:10.208  1982  2182 I GnssLocationProvider: WakeLock acquired by sendMessage(REPORT_SV_STATUS, 0, com.android.server.location.GnssLocationProvider$SvStatusInfo@e8438ba)
10-29 09:30:10.211  1982  2001 I GnssLocationProvider: WakeLock released by handleMessage(REPORT_SV_STATUS, 0, com.android.server.location.GnssLocationProvider$SvStatusInfo@e8438ba)
10-29 09:30:10.750  1613 15646 W audio_hw_generic: Not supplying enough data to HAL, expected position 312867792 , only wrote 312731280
10-29 09:30:11.208  1982  2182 I GnssLocationProvider: WakeLock acquired by sendMessage(REPORT_SV_STATUS, 0, com.android.server.location.GnssLocationProvider$SvStatusInfo@171036b)
10-29 09:30:11.208  1982  2001 I GnssLocationProvider: WakeLock released by handleMessage(REPORT_SV_STATUS, 0, com.android.server.location.GnssLocationProvider$SvStatusInfo@171036b)
10-29 09:30:12.208  1982  2182 I GnssLocationProvider: WakeLock acquired by sendMessage(REPORT_SV_STATUS, 0, com.android.server.location.GnssLocationProvider$SvStatusInfo@dd97f74)
10-29 09:30:12.209  1982  2001 I GnssLocationProvider: WakeLock released by handleMessage(REPORT_SV_STATUS, 0, com.android.server.location.GnssLocationProvider$SvStatusInfo@dd97f74)
10-29 09:30:12.455  1982  2004 D AutofillManagerService: onBackKeyPressed()
10-29 09:30:13.209  1982  2182 I GnssLocationProvider: WakeLock acquired by sendMessage(REPORT_SV_STATUS, 0, com.android.server.location.GnssLocationProvider$SvStatusInfo@8252512)
10-29 09:30:13.209  1982  2001 I GnssLocationProvider: WakeLock released by handleMessage(REPORT_SV_STATUS, 0, com.android.server.location.GnssLocationProvider$SvStatusInfo@8252512)
10-29 09:30:14.217  1982  2182 I GnssLocationProvider: WakeLock acquired by sendMessage(REPORT_SV_STATUS, 0, com.android.server.location.GnssLocationProvider$SvStatusInfo@70874e3)
10-29 09:30:14.218  1982  2001 I GnssLocationProvider: WakeLock released by handleMessage(REPORT_SV_STATUS, 0, com.android.server.location.GnssLocationProvider$SvStatusInfo@70874e3)
10-29 09:30:14.225  1982  2001 E memtrack: Couldn't load memtrack module
10-29 09:30:14.225  1982  2001 W android.os.Debug: failed to get memory consumption info: -1
10-29 09:30:15.212  1982  2182 I GnssLocationProvider: WakeLock acquired by sendMessage(REPORT_SV_STATUS, 0, com.android.server.location.GnssLocationProvider$SvStatusInfo@cc91ee0)
10-29 09:30:15.213  1982  2001 I GnssLocationProvider: WakeLock released by handleMessage(REPORT_SV_STATUS, 0, com.android.server.location.GnssLocationProvider$SvStatusInfo@cc91ee0)
10-29 09:30:16.028  1631  4228 W AudioFlinger: createTrack_l(): mismatch between requested flags (00000008) and output flags (00000006)
10-29 09:30:16.028  1631  4228 D AudioFlinger: Client defaulted notificationFrames to 3675 for frameCount 11025
10-29 09:30:16.211  1982  2182 I GnssLocationProvider: WakeLock acquired by sendMessage(REPORT_SV_STATUS, 0, com.android.server.location.GnssLocationProvider$SvStatusInfo@7437c3f)
10-29 09:30:16.211  1982  2001 I GnssLocationProvider: WakeLock released by handleMessage(REPORT_SV_STATUS, 0, com.android.server.location.GnssLocationProvider$SvStatusInfo@7437c3f)
10-29 09:30:17.038  1631  4228 W AudioFlinger: createTrack_l(): mismatch between requested flags (00000008) and output flags (00000006)
10-29 09:30:17.039  1631  4228 D AudioFlinger: Client defaulted notificationFrames to 3675 for frameCount 11025
10-29 09:30:17.229  1982  2182 I GnssLocationProvider: WakeLock acquired by sendMessage(REPORT_SV_STATUS, 0, com.android.server.location.GnssLocationProvider$SvStatusInfo@3bc446a)
10-29 09:30:17.236  1982  2001 I GnssLocationProvider: WakeLock released by handleMessage(REPORT_SV_STATUS, 0, com.android.server.location.GnssLocationProvider$SvStatusInfo@3bc446a)
10-29 09:30:18.229  1982  2182 I GnssLocationProvider: WakeLock acquired by sendMessage(REPORT_SV_STATUS, 0, com.android.server.location.GnssLocationProvider$SvStatusInfo@7fd9d5b)
10-29 09:30:18.229  1982  2001 I GnssLocationProvider: WakeLock released by handleMessage(REPORT_SV_STATUS, 0, com.android.server.location.GnssLocationProvider$SvStatusInfo@7fd9d5b)
10-29 09:30:19.230  1982  2182 I GnssLocationProvider: WakeLock acquired by sendMessage(REPORT_SV_STATUS, 0, com.android.server.location.GnssLocationProvider$SvStatusInfo@c4fe9f8)
10-29 09:30:19.230  1982  2001 I GnssLocationProvider: WakeLock released by handleMessage(REPORT_SV_STATUS, 0, com.android.server.location.GnssLocationProvider$SvStatusInfo@c4fe9f8)
10-29 09:30:20.231  1982  2182 I GnssLocationProvider: WakeLock acquired by sendMessage(REPORT_SV_STATUS, 0, com.android.server.location.GnssLocationProvider$SvStatusInfo@5205ed1)
10-29 09:30:20.231  1982  2001 I GnssLocationProvider: WakeLock released by handleMessage(REPORT_SV_STATUS, 0, com.android.server.location.GnssLocationProvider$SvStatusInfo@5205ed1)
10-29 09:30:21.231  1982  2182 I GnssLocationProvider: WakeLock acquired by sendMessage(REPORT_SV_STATUS, 0, com.android.server.location.GnssLocationProvider$SvStatusInfo@2523d36)
10-29 09:30:21.232  1982  2001 I GnssLocationProvider: WakeLock released by handleMessage(REPORT_SV_STATUS, 0, com.android.server.location.GnssLocationProvider$SvStatusInfo@2523d36)
10-29 09:30:22.232  1982  2182 I GnssLocationProvider: WakeLock acquired by sendMessage(REPORT_SV_STATUS, 0, com.android.server.location.GnssLocationProvider$SvStatusInfo@96eb437)
10-29 09:30:22.233  1982  2001 I GnssLocationProvider: WakeLock released by handleMessage(REPORT_SV_STATUS, 0, com.android.server.location.GnssLocationProvider$SvStatusInfo@96eb437)
10-29 09:30:23.232  1982  2182 I GnssLocationProvider: WakeLock acquired by sendMessage(REPORT_SV_STATUS, 0, com.android.server.location.GnssLocationProvider$SvStatusInfo@895ada4)
10-29 09:30:23.232  1982  2001 I GnssLocationProvider: WakeLock released by handleMessage(REPORT_SV_STATUS, 0, com.android.server.location.GnssLocationProvider$SvStatusInfo@895ada4)
10-29 09:30:24.232  1982  2182 I GnssLocationProvider: WakeLock acquired by sendMessage(REPORT_SV_STATUS, 0, com.android.server.location.GnssLocationProvider$SvStatusInfo@37b170d)
10-29 09:30:24.233  1982  2001 I GnssLocationProvider: WakeLock released by handleMessage(REPORT_SV_STATUS, 0, com.android.server.location.GnssLocationProvider$SvStatusInfo@37b170d)
10-29 09:30:25.232  1982  2182 I GnssLocationProvider: WakeLock acquired by sendMessage(REPORT_SV_STATUS, 0, com.android.server.location.GnssLocationProvider$SvStatusInfo@d7cf6c2)
10-29 09:30:25.233  1982  2001 I GnssLocationProvider: WakeLock released by handleMessage(REPORT_SV_STATUS, 0, com.android.server.location.GnssLocationProvider$SvStatusInfo@d7cf6c2)
10-29 09:30:26.233  1982  2182 I GnssLocationProvider: WakeLock acquired by sendMessage(REPORT_SV_STATUS, 0, com.android.server.location.GnssLocationProvider$SvStatusInfo@d705cd3)
10-29 09:30:26.233  1982  2001 I GnssLocationProvider: WakeLock released by handleMessage(REPORT_SV_STATUS, 0, com.android.server.location.GnssLocationProvider$SvStatusInfo@d705cd3)
10-29 09:30:27.233  1982  2182 I GnssLocationProvider: WakeLock acquired by sendMessage(REPORT_SV_STATUS, 0, com.android.server.location.GnssLocationProvider$SvStatusInfo@3520010)
10-29 09:30:27.233  1982  2001 I GnssLocationProvider: WakeLock released by handleMessage(REPORT_SV_STATUS, 0, com.android.server.location.GnssLocationProvider$SvStatusInfo@3520010)
10-29 09:30:28.234  1982  2182 I GnssLocationProvider: WakeLock acquired by sendMessage(REPORT_SV_STATUS, 0, com.android.server.location.GnssLocationProvider$SvStatusInfo@24f1709)
10-29 09:30:28.234  1982  2001 I GnssLocationProvider: WakeLock released by handleMessage(REPORT_SV_STATUS, 0, com.android.server.location.GnssLocationProvider$SvStatusInfo@24f1709)
10-29 09:30:29.157  1920  1920 E netmgr  : Failed to open QEMU pipe 'qemud:network': Invalid argument
10-29 09:30:29.157  1920  1920 E netmgr  : WifiForwarder unable to open QEMU pipe: Invalid argument
10-29 09:30:29.234  1982  2182 I GnssLocationProvider: WakeLock acquired by sendMessage(REPORT_SV_STATUS, 0, com.android.server.location.GnssLocationProvider$SvStatusInfo@ea7bd0e)
10-29 09:30:29.234  1982  2001 I GnssLocationProvider: WakeLock released by handleMessage(REPORT_SV_STATUS, 0, com.android.server.location.GnssLocationProvider$SvStatusInfo@ea7bd0e)
10-29 09:30:30.234  1982  2182 I GnssLocationProvider: WakeLock acquired by sendMessage(REPORT_SV_STATUS, 0, com.android.server.location.GnssLocationProvider$SvStatusInfo@fd9f32f)
10-29 09:30:30.235  1982  2001 I GnssLocationProvider: WakeLock released by handleMessage(REPORT_SV_STATUS, 0, com.android.server.location.GnssLocationProvider$SvStatusInfo@fd9f32f)
10-29 09:30:31.234  1982  2182 I GnssLocationProvider: WakeLock acquired by sendMessage(REPORT_SV_STATUS, 0, com.android.server.location.GnssLocationProvider$SvStatusInfo@d3f0d3c)
10-29 09:30:31.235  1982  2001 I GnssLocationProvider: WakeLock released by handleMessage(REPORT_SV_STATUS, 0, com.android.server.location.GnssLocationProvider$SvStatusInfo@d3f0d3c)
10-29 09:30:31.970  1825  1872 E storaged: getDiskStats failed with result NOT_SUPPORTED and size 0
10-29 09:30:32.235  1982  2182 I GnssLocationProvider: WakeLock acquired by sendMessage(REPORT_SV_STATUS, 0, com.android.server.location.GnssLocationProvider$SvStatusInfo@2491ac5)
10-29 09:30:32.235  1982  2001 I GnssLocationProvider: WakeLock released by handleMessage(REPORT_SV_STATUS, 0, com.android.server.location.GnssLocationProvider$SvStatusInfo@2491ac5)
10-29 09:30:33.235  1982  2182 I GnssLocationProvider: WakeLock acquired by sendMessage(REPORT_SV_STATUS, 0, com.android.server.location.GnssLocationProvider$SvStatusInfo@8a69c1a)
10-29 09:30:33.236  1982  2001 I GnssLocationProvider: WakeLock released by handleMessage(REPORT_SV_STATUS, 0, com.android.server.location.GnssLocationProvider$SvStatusInfo@8a69c1a)
10-29 09:30:34.236  1982  2182 I GnssLocationProvider: WakeLock acquired by sendMessage(REPORT_SV_STATUS, 0, com.android.server.location.GnssLocationProvider$SvStatusInfo@89c934b)
10-29 09:30:34.236  1982  2001 I GnssLocationProvider: WakeLock released by handleMessage(REPORT_SV_STATUS, 0, com.android.server.location.GnssLocationProvider$SvStatusInfo@89c934b)
10-29 09:30:35.236  1982  2182 I GnssLocationProvider: WakeLock acquired by sendMessage(REPORT_SV_STATUS, 0, com.android.server.location.GnssLocationProvider$SvStatusInfo@68dc128)
