--------- beginning of system
10-29 09:26:05.989  1982  2360 V BackupManagerConstants: getFullBackupRequiredNetworkType(...) returns 2
10-29 09:26:05.989  1982  2360 V BackupManagerConstants: getFullBackupRequireCharging(...) returns true
--------- beginning of main
10-29 09:26:06.033  1982  2182 I GnssLocationProvider: WakeLock acquired by sendMessage(REPORT_SV_STATUS, 0, com.android.server.location.GnssLocationProvider$SvStatusInfo@acc67bb)
10-29 09:26:06.033  1982  2001 I GnssLocationProvider: WakeLock released by handleMessage(REPORT_SV_STATUS, 0, com.android.server.location.GnssLocationProvider$SvStatusInfo@acc67bb)
10-29 09:26:07.032  1982  2182 I GnssLocationProvider: WakeLock acquired by sendMessage(REPORT_SV_STATUS, 0, com.android.server.location.GnssLocationProvider$SvStatusInfo@64554d8)
10-29 09:26:07.033  1982  2001 I GnssLocationProvider: WakeLock released by handleMessage(REPORT_SV_STATUS, 0, com.android.server.location.GnssLocationProvider$SvStatusInfo@64554d8)
10-29 09:26:07.782  1982 15858 I ActivityManager: START u0 {flg=0x10000000 cmp=com.github.damontecres.stashapp/.RootActivity} from uid 2000
10-29 09:26:07.799 19019 19019 I tecres.stashap: Late-enabling -Xcheck:jni
10-29 09:26:07.805  1982  2005 I ActivityManager: Start proc 19019:com.github.damontecres.stashapp/u0a58 for activity com.github.damontecres.stashapp/.RootActivity
10-29 09:26:07.808 19019 19019 W tecres.stashap: Unexpected CPU variant for X86 using defaults: x86
10-29 09:26:07.813  1623  2259 D gralloc_ranchu: gralloc_alloc: Creating ashmem region of size 8298496
10-29 09:26:07.846  1623  2259 D gralloc_ranchu: gralloc_alloc: Creating ashmem region of size 8298496
10-29 09:26:08.033  1982  2182 I GnssLocationProvider: WakeLock acquired by sendMessage(REPORT_SV_STATUS, 0, com.android.server.location.GnssLocationProvider$SvStatusInfo@cb29a7f)
10-29 09:26:08.033  1982  2001 I GnssLocationProvider: WakeLock released by handleMessage(REPORT_SV_STATUS, 0, com.android.server.location.GnssLocationProvider$SvStatusInfo@cb29a7f)
10-29 09:26:08.279  1812  1840 W SurfaceFlinger: Attempting to set client state on removed layer: Surface(name=AppWindowToken{1600c27 token=Token{cb33ee6 ActivityRecord{2229941 u0 com.google.android.tvlauncher/.HomeScreen t34}}})/@0x233ef01 - animation-leash#0
10-29 09:26:08.280  1812  1840 W SurfaceFlinger: Attempting to set client state on removed layer: Surface(name=AppWindowToken{326e684 token=Token{dcfc497 ActivityRecord{c05d316 u0 com.github.damontecres.stashapp/.RootActivity t88}}})/@0x4b62f23 - animation-leash#0
10-29 09:26:08.280  1812  1840 W SurfaceFlinger: Attempting to destroy on removed layer: Surface(name=AppWindowToken{1600c27 token=Token{cb33ee6 ActivityRecord{2229941 u0 com.google.android.tvlauncher/.HomeScreen t34}}})/@0x233ef01 - animation-leash#0
10-29 09:26:08.280  1812  1840 W SurfaceFlinger: Attempting to destroy on removed layer: Surface(name=AppWindowToken{326e684 token=Token{dcfc497 ActivityRecord{c05d316 u0 com.github.damontecres.stashapp/.RootActivity t88}}})/@0x4b62f23 - animation-leash#0
10-29 09:26:08.301  2469  2675 D EGL_emulation: eglMakeCurrent: 0xe1f045a0: ver 2 0 (tinfo 0xe1f038f0)
10-29 09:26:08.564 19019 19019 W tecres.stashap: Accessing hidden field Landroid/os/Trace;->TRACE_TAG_APP:J (light greylist, reflection)
10-29 09:26:08.564 19019 19019 W tecres.stashap: Accessing hidden method Landroid/os/Trace;->isTagEnabled(J)Z (light greylist, reflection)
10-29 09:26:08.605 19019 19019 W tecres.stashap: Accessing hidden field Lsun/misc/Unsafe;->theUnsafe:Lsun/misc/Unsafe; (light greylist, reflection)
10-29 09:26:08.663 19019 19019 I ACRA    : ACRA is enabled for com.github.damontecres.stashapp, initializing...
10-29 09:26:08.765 19019 19019 I StashApplication: App installed: null=>0.6.12-8-g534d51d5 (-1=>74
10-29 09:26:08.772 19019 19019 W tecres.stashap: Accessing hidden method Landroid/content/res/Resources;->getFloat(I)F (light greylist, linking)
10-29 09:26:08.855 19019 19019 D AppCompatDelegate: Checking for metadata for AppLocalesMetadataHolderService : Service not found
10-29 09:26:08.952 19019 19019 W tecres.stashap: Accessing hidden method Landroid/content/Context;->getOpPackageName()Ljava/lang/String; (light greylist, linking)
10-29 09:26:08.954 19019 19019 W tecres.stashap: Accessing hidden field Landroid/graphics/Insets;->left:I (light greylist, linking)
10-29 09:26:08.954 19019 19019 W tecres.stashap: Accessing hidden field Landroid/graphics/Insets;->top:I (light greylist, linking)
10-29 09:26:08.954 19019 19019 W tecres.stashap: Accessing hidden field Landroid/graphics/Insets;->right:I (light greylist, linking)
10-29 09:26:08.954 19019 19019 W tecres.stashap: Accessing hidden field Landroid/graphics/Insets;->bottom:I (light greylist, linking)
10-29 09:26:08.995 19019 19019 W tecres.stashap: Accessing hidden field Landroid/view/LayoutInflater;->mConstructorArgs:[Ljava/lang/Object; (light greylist, reflection)
10-29 09:26:09.010 19019 19019 W tecres.stashap: Accessing hidden method Landroid/view/ViewGroup;->makeOptionalFitsSystemWindows()V (light greylist, reflection)
10-29 09:26:09.020 19019 19019 V RootActivity: onCreate: savedInstanceState==null:true, currentFragment==null:true
10-29 09:26:09.022 19019 19019 I RootActivity: No server, starting setup
10-29 09:26:09.023 19019 19019 V NavigationManagerCompose: getCurrentFragment() != navDrawerFragment
10-29 09:26:09.023 19019 19019 V NavigationManagerCompose: setFragment: destination=Setup
10-29 09:26:09.034  1982  2182 I GnssLocationProvider: WakeLock acquired by sendMessage(REPORT_SV_STATUS, 0, com.android.server.location.GnssLocationProvider$SvStatusInfo@9e05f9b)
10-29 09:26:09.034  1982  2001 I GnssLocationProvider: WakeLock released by handleMessage(REPORT_SV_STATUS, 0, com.android.server.location.GnssLocationProvider$SvStatusInfo@9e05f9b)
10-29 09:26:09.250 19019 19019 V RootActivity: onNavigate: null=>Setup
10-29 09:26:09.252 19019 19019 V RootActivity: onResume
10-29 09:26:09.253 19019 19019 D OpenGLRenderer: HWUI GL Pipeline
10-29 09:26:09.258  1812  1840 E SurfaceFlinger: ro.sf.lcd_density must be defined as a build property
10-29 09:26:09.262 19019 19019 I Choreographer: Skipped 41 frames!  The application may be doing too much work on its main thread.
10-29 09:26:09.552 19019 19019 W tecres.stashap: Accessing hidden field Landroid/view/WindowInsets;->CONSUMED:Landroid/view/WindowInsets; (light greylist, reflection)
10-29 09:26:09.554 19019 19019 W tecres.stashap: Accessing hidden method Landroid/view/View;->getViewRootImpl()Landroid/view/ViewRootImpl; (light greylist, reflection)
10-29 09:26:09.554 19019 19019 W tecres.stashap: Accessing hidden field Landroid/view/View$AttachInfo;->mVisibleInsets:Landroid/graphics/Rect; (light greylist, reflection)
10-29 09:26:09.554 19019 19019 W tecres.stashap: Accessing hidden field Landroid/view/ViewRootImpl;->mAttachInfo:Landroid/view/View$AttachInfo; (light greylist, reflection)
10-29 09:26:09.555  1982 10990 E AutofillManagerServiceImpl: Bad AutofillService name: com.google.android.gms/.autofill.service.AutofillService
10-29 09:26:09.555  1982 10990 D AutofillManagerServiceImpl: Reset component for user 0 (com.google.android.gms/.autofill.service.AutofillService)
10-29 09:26:09.652 19019 19019 W tecres.stashap: Accessing hidden field Ljava/nio/Buffer;->address:J (light greylist, reflection)
10-29 09:26:09.710  1623  2259 D gralloc_ranchu: gralloc_alloc: Creating ashmem region of size 8298496
10-29 09:26:09.713 19019 19043 D HostConnection: HostConnection::get() New Host Connection established 0xe072d8b0, tid 19043
10-29 09:26:09.713  1623  1623 D gralloc_ranchu: gralloc_alloc: Creating ashmem region of size 8298496
10-29 09:26:09.715  1623  2259 D gralloc_ranchu: gralloc_alloc: Creating ashmem region of size 8298496
10-29 09:26:09.731 19019 19043 D HostConnection: HostComposition ext ANDROID_EMU_CHECKSUM_HELPER_v1 ANDROID_EMU_native_sync_v2 ANDROID_EMU_native_sync_v3 ANDROID_EMU_native_sync_v4 ANDROID_EMU_dma_v1 ANDROID_EMU_sync_buffer_data ANDROID_EMU_hwc_color_transform GL_OES_vertex_array_object GL_KHR_texture_compression_astc_ldr ANDROID_EMU_host_side_tracing ANDROID_EMU_gles_max_version_2 
10-29 09:26:09.733 19019 19043 I ConfigStore: android::hardware::configstore::V1_0::ISurfaceFlingerConfigs::hasWideColorDisplay retrieved: 0
10-29 09:26:09.734 19019 19043 I ConfigStore: android::hardware::configstore::V1_0::ISurfaceFlingerConfigs::hasHDRDisplay retrieved: 0
10-29 09:26:09.734 19019 19043 I OpenGLRenderer: Initialized EGL, version 1.4
10-29 09:26:09.734 19019 19043 D OpenGLRenderer: Swap behavior 1
10-29 09:26:09.734 19019 19043 W OpenGLRenderer: Failed to choose config with EGL_SWAP_BEHAVIOR_PRESERVED, retrying without...
10-29 09:26:09.734 19019 19043 D OpenGLRenderer: Swap behavior 0
10-29 09:26:09.760 19019 19043 D eglCodecCommon: setVertexArrayObject: set vao to 0 (0) 0 0
10-29 09:26:09.760 19019 19043 D EGL_emulation: eglCreateContext: 0xe82cab00: maj 2 min 0 rcv 2
10-29 09:26:09.773 19019 19043 D EGL_emulation: eglMakeCurrent: 0xe82cab00: ver 2 0 (tinfo 0xe3f57e30)
10-29 09:26:09.774  1812  1840 E SurfaceFlinger: ro.sf.lcd_density must be defined as a build property
10-29 09:26:09.780 19019 19043 D HostConnection: createUnique: call
10-29 09:26:09.789 19019 19043 D HostConnection: HostConnection::get() New Host Connection established 0xe072ffc0, tid 19043
10-29 09:26:09.792 19019 19043 D HostConnection: HostComposition ext ANDROID_EMU_CHECKSUM_HELPER_v1 ANDROID_EMU_native_sync_v2 ANDROID_EMU_native_sync_v3 ANDROID_EMU_native_sync_v4 ANDROID_EMU_dma_v1 ANDROID_EMU_sync_buffer_data ANDROID_EMU_hwc_color_transform GL_OES_vertex_array_object GL_KHR_texture_compression_astc_ldr ANDROID_EMU_host_side_tracing ANDROID_EMU_gles_max_version_2 
10-29 09:26:09.792 19019 19043 E eglCodecCommon: GoldfishAddressSpaceHostMemoryAllocator: ioctl_ping failed for device_type=5, ret=-1
10-29 09:26:09.794 19019 19019 I Choreographer: Skipped 31 frames!  The application may be doing too much work on its main thread.
10-29 09:26:09.801  1982  2003 W BroadcastQueue: Background execution not allowed: receiving Intent { act=android.intent.action.DROPBOX_ENTRY_ADDED flg=0x10 (has extras) } to com.google.android.gms/.stats.service.DropBoxEntryAddedReceiver
10-29 09:26:09.801  1982  2003 W BroadcastQueue: Background execution not allowed: receiving Intent { act=android.intent.action.DROPBOX_ENTRY_ADDED flg=0x10 (has extras) } to com.google.android.gms/.chimera.GmsIntentOperationService$PersistentTrustedReceiver
10-29 09:26:09.805  1982  2003 W BroadcastQueue: Background execution not allowed: receiving Intent { act=android.intent.action.DROPBOX_ENTRY_ADDED flg=0x10 (has extras) } to com.google.android.gms/.stats.service.DropBoxEntryAddedReceiver
10-29 09:26:09.805  1982  2003 W BroadcastQueue: Background execution not allowed: receiving Intent { act=android.intent.action.DROPBOX_ENTRY_ADDED flg=0x10 (has extras) } to com.google.android.gms/.chimera.GmsIntentOperationService$PersistentTrustedReceiver
10-29 09:26:09.808  1982  2003 W BroadcastQueue: Background execution not allowed: receiving Intent { act=android.intent.action.DROPBOX_ENTRY_ADDED flg=0x10 (has extras) } to com.google.android.gms/.stats.service.DropBoxEntryAddedReceiver
10-29 09:26:09.808  1982  2003 W BroadcastQueue: Background execution not allowed: receiving Intent { act=android.intent.action.DROPBOX_ENTRY_ADDED flg=0x10 (has extras) } to com.google.android.gms/.chimera.GmsIntentOperationService$PersistentTrustedReceiver
10-29 09:26:09.814  1982  2003 W BroadcastQueue: Background execution not allowed: receiving Intent { act=android.intent.action.DROPBOX_ENTRY_ADDED flg=0x10 (has extras) } to com.google.android.gms/.stats.service.DropBoxEntryAddedReceiver
10-29 09:26:09.814  1982  2003 W BroadcastQueue: Background execution not allowed: receiving Intent { act=android.intent.action.DROPBOX_ENTRY_ADDED flg=0x10 (has extras) } to com.google.android.gms/.chimera.GmsIntentOperationService$PersistentTrustedReceiver
10-29 09:26:09.818  1982  2003 W BroadcastQueue: Background execution not allowed: receiving Intent { act=android.intent.action.DROPBOX_ENTRY_ADDED flg=0x10 (has extras) } to com.google.android.gms/.stats.service.DropBoxEntryAddedReceiver
10-29 09:26:09.818  1982  2003 W BroadcastQueue: Background execution not allowed: receiving Intent { act=android.intent.action.DROPBOX_ENTRY_ADDED flg=0x10 (has extras) } to com.google.android.gms/.chimera.GmsIntentOperationService$PersistentTrustedReceiver
10-29 09:26:09.820  1982  2003 W BroadcastQueue: Background execution not allowed: receiving Intent { act=android.intent.action.DROPBOX_ENTRY_ADDED flg=0x10 (has extras) } to com.google.android.gms/.stats.service.DropBoxEntryAddedReceiver
10-29 09:26:09.820  1982  2003 W BroadcastQueue: Background execution not allowed: receiving Intent { act=android.intent.action.DROPBOX_ENTRY_ADDED flg=0x10 (has extras) } to com.google.android.gms/.chimera.GmsIntentOperationService$PersistentTrustedReceiver
10-29 09:26:09.827 19019 19043 D EGL_emulation: eglMakeCurrent: 0xe82cab00: ver 2 0 (tinfo 0xe3f57e30)
10-29 09:26:09.850 19019 19019 W tecres.stashap: Accessing hidden method Landroid/os/Trace;->asyncTraceBegin(JLjava/lang/String;I)V (light greylist, reflection)
10-29 09:26:09.850 19019 19019 W tecres.stashap: Accessing hidden method Landroid/os/Trace;->asyncTraceEnd(JLjava/lang/String;I)V (light greylist, reflection)
10-29 09:26:09.850 19019 19019 W tecres.stashap: Accessing hidden method Landroid/os/Trace;->traceCounter(JLjava/lang/String;I)V (light greylist, reflection)
10-29 09:26:09.854  1982  2011 I ActivityManager: Displayed com.github.damontecres.stashapp/.RootActivity: +2s53ms
10-29 09:26:09.914 19019 19019 I isTvDevice: isTvDevice=true
10-29 09:26:09.992 19019 19019 I tecres.stashap: Rejecting re-init on previously-failed class java.lang.Class<androidx.window.layout.adapter.sidecar.DistinctElementSidecarCallback>: java.lang.NoClassDefFoundError: Failed resolution of: Landroidx/window/sidecar/SidecarInterface$SidecarCallback;
10-29 09:26:09.992 19019 19019 I tecres.stashap:   at androidx.window.layout.adapter.sidecar.ExtensionInterfaceCompat androidx.window.layout.adapter.sidecar.SidecarWindowBackend$Companion.initAndVerifyExtension(android.content.Context) (SidecarWindowBackend.kt:207)
10-29 09:26:09.992 19019 19019 I tecres.stashap:   at androidx.window.layout.adapter.sidecar.SidecarWindowBackend androidx.window.layout.adapter.sidecar.SidecarWindowBackend$Companion.getInstance(android.content.Context) (SidecarWindowBackend.kt:191)
10-29 09:26:09.992 19019 19019 I tecres.stashap:   at androidx.window.layout.WindowInfoTracker androidx.window.layout.WindowInfoTracker$Companion.getOrCreate(android.content.Context) (WindowInfoTracker.kt:135)
10-29 09:26:09.992 19019 19019 I tecres.stashap:   at androidx.compose.runtime.State androidx.compose.material3.adaptive.AndroidWindowInfo_androidKt.collectFoldingFeaturesAsState(androidx.compose.runtime.Composer, int) (AndroidWindowInfo.android.kt:90)
10-29 09:26:09.992 19019 19019 I tecres.stashap:   at androidx.compose.material3.adaptive.WindowAdaptiveInfo androidx.compose.material3.adaptive.AndroidWindowInfo_androidKt.currentWindowAdaptiveInfo(androidx.compose.runtime.Composer, int) (AndroidWindowInfo.android.kt:53)
10-29 09:26:09.992 19019 19019 I tecres.stashap:   at com.github.damontecres.stashapp.ui.util.ScreenSize com.github.damontecres.stashapp.ui.util.ScreenSizeKt.screenSize(androidx.compose.runtime.Composer, int) (ScreenSize.kt:15)
10-29 09:26:09.992 19019 19019 I tecres.stashap:   at void com.github.damontecres.stashapp.ui.components.server.InitialSetupKt.InitialSetup(kotlin.jvm.functions.Function1, androidx.compose.ui.Modifier, com.github.damontecres.stashapp.ui.components.server.ManageServersViewModel, androidx.compose.runtime.Composer, int, int) (InitialSetup.kt:39)
10-29 09:26:09.992 19019 19019 I tecres.stashap:   at kotlin.Unit com.github.damontecres.stashapp.ui.NavDrawerFragment.onViewCreated$lambda$19$lambda$18$lambda$17$lambda$16(com.github.damontecres.stashapp.ui.NavDrawerFragment, androidx.compose.runtime.State, com.github.damontecres.stashapp.proto.StashPreferences, boolean, androidx.compose.runtime.MutableState, androidx.compose.runtime.Composer, int) (NavDrawerFragment.kt:97)
10-29 09:26:09.992 19019 19019 I tecres.stashap:   at kotlin.Unit com.github.damontecres.stashapp.ui.NavDrawerFragment.$r8$lambda$UuBVf1afbVTUOc7-vuNByuLZJFQ(com.github.damontecres.stashapp.ui.NavDrawerFragment, androidx.compose.runtime.State, com.github.damontecres.stashapp.proto.StashPreferences, boolean, androidx.compose.runtime.MutableState, androidx.compose.runtime.Composer, int) (NavDrawerFragment.kt:-1)
10-29 09:26:09.992 19019 19019 I tecres.stashap:   at java.lang.Object com.github.damontecres.stashapp.ui.NavDrawerFragment$$ExternalSyntheticLambda3.invoke(java.lang.Object, java.lang.Object) (D8$$SyntheticClass:0)
10-29 09:26:09.992 19019 19019 I tecres.stashap:   at java.lang.Object androidx.compose.runtime.internal.ComposableLambdaImpl.invoke(androidx.compose.runtime.Composer, int) (ComposableLambda.kt:121)
10-29 09:26:09.992 19019 19019 I tecres.stashap:   at java.lang.Object androidx.compose.runtime.internal.ComposableLambdaImpl.invoke(java.lang.Object, java.lang.Object) (ComposableLambda.kt:51)
10-29 09:26:09.992 19019 19019 I tecres.stashap:   at void androidx.compose.runtime.CompositionLocalKt.CompositionLocalProvider(androidx.compose.runtime.ProvidedValue, kotlin.jvm.functions.Function2, androidx.compose.runtime.Composer, int) (CompositionLocal.kt:390)
10-29 09:26:09.993 19019 19019 I tecres.stashap:   at void androidx.tv.material3.TextKt.ProvideTextStyle(androidx.compose.ui.text.TextStyle, kotlin.jvm.functions.Function2, androidx.compose.runtime.Composer, int) (Text.kt:258)
10-29 09:26:09.993 19019 19019 I tecres.stashap:   at void androidx.tv.material3.MaterialThemeKt$MaterialTheme$1.invoke(androidx.compose.runtime.Composer, int) (MaterialTheme.kt:69)
10-29 09:26:09.993 19019 19019 I tecres.stashap:   at java.lang.Object androidx.tv.material3.MaterialThemeKt$MaterialTheme$1.invoke(java.lang.Object, java.lang.Object) (MaterialTheme.kt:68)
10-29 09:26:09.993 19019 19019 I tecres.stashap:   at java.lang.Object androidx.compose.runtime.internal.ComposableLambdaImpl.invoke(androidx.compose.runtime.Composer, int) (ComposableLambda.kt:121)
10-29 09:26:09.993 19019 19019 I tecres.stashap:   at java.lang.Object androidx.compose.runtime.internal.ComposableLambdaImpl.invoke(java.lang.Object, java.lang.Object) (ComposableLambda.kt:51)
10-29 09:26:09.993 19019 19019 I tecres.stashap:   at void androidx.compose.runtime.CompositionLocalKt.CompositionLocalProvider(androidx.compose.runtime.ProvidedValue[], kotlin.jvm.functions.Function2, androidx.compose.runtime.Composer, int) (CompositionLocal.kt:370)
10-29 09:26:09.993 19019 19019 I tecres.stashap:   at void androidx.tv.material3.MaterialThemeKt.MaterialTheme(androidx.tv.material3.ColorScheme, androidx.tv.material3.Shapes, androidx.tv.material3.Typography, kotlin.jvm.functions.Function2, androidx.compose.runtime.Composer, int, int) (MaterialTheme.kt:63)
10-29 09:26:09.993 19019 19019 I tecres.stashap:   at void com.github.damontecres.stashapp.ui.ThemesKt.AppTheme(com.github.damontecres.stashapp.proto.ThemeStyle, java.lang.String, com.github.damontecres.stashapp.ui.AppColorScheme, kotlin.jvm.functions.Function2, androidx.compose.runtime.Composer, int, int) (Themes.kt:113)
10-29 09:26:09.993 19019 19019 I tecres.stashap:   at kotlin.Unit com.github.damontecres.stashapp.ui.NavDrawerFragment.onViewCreated$lambda$19$lambda$18(com.github.damontecres.stashapp.ui.NavDrawerFragment, androidx.compose.ui.platform.ComposeView, androidx.compose.runtime.Composer, int) (NavDrawerFragment.kt:77)
10-29 09:26:09.993 19019 19019 I tecres.stashap:   at kotlin.Unit com.github.damontecres.stashapp.ui.NavDrawerFragment.$r8$lambda$AXAPyiaO1KbQmZpZ-GpJ7g1Rq_U(com.github.damontecres.stashapp.ui.NavDrawerFragment, androidx.compose.ui.platform.ComposeView, androidx.compose.runtime.Composer, int) (NavDrawerFragment.kt:-1)
10-29 09:26:09.993 19019 19019 I tecres.stashap:   at java.lang.Object com.github.damontecres.stashapp.ui.NavDrawerFragment$$ExternalSyntheticLambda2.invoke(java.lang.Object, java.lang.Object) (D8$$SyntheticClass:0)
10-29 09:26:09.993 19019 19019 I tecres.stashap:   at java.lang.Object androidx.compose.runtime.internal.ComposableLambdaImpl.invoke(androidx.compose.runtime.Composer, int) (ComposableLambda.kt:121)
10-29 09:26:09.993 19019 19019 I tecres.stashap:   at void androidx.compose.runtime.internal.ComposableLambdaImpl$invoke$1.invoke(androidx.compose.runtime.Composer, int) (ComposableLambda.kt:122)
10-29 09:26:09.993 19019 19019 I tecres.stashap:   at java.lang.Object androidx.compose.runtime.internal.ComposableLambdaImpl$invoke$1.invoke(java.lang.Object, java.lang.Object) (ComposableLambda.kt:122)
10-29 09:26:09.993 19019 19019 I tecres.stashap:   at void androidx.compose.runtime.RecomposeScopeImpl.compose(androidx.compose.runtime.Composer) (RecomposeScopeImpl.kt:196)
10-29 09:26:09.993 19019 19019 I tecres.stashap:   at void androidx.compose.runtime.ComposerImpl.recomposeToGroupEnd() (Composer.kt:2895)
10-29 09:26:09.993 19019 19019 I tecres.stashap:   at void androidx.compose.runtime.ComposerImpl.skipCurrentGroup() (Composer.kt:3231)
10-29 09:26:09.993 19019 19019 I tecres.stashap:   at void androidx.compose.runtime.ComposerImpl.doCompose-aFTiNEg(androidx.collection.MutableScatterMap, kotlin.jvm.functions.Function2) (Composer.kt:3855)
10-29 09:26:09.993 19019 19019 I tecres.stashap:   at boolean androidx.compose.runtime.ComposerImpl.recompose-aFTiNEg$runtime(androidx.collection.MutableScatterMap, androidx.compose.runtime.ShouldPauseCallback) (Composer.kt:3779)
10-29 09:26:09.993 19019 19019 I tecres.stashap:   at boolean androidx.compose.runtime.CompositionImpl.recompose() (Composition.kt:1075)
10-29 09:26:09.993 19019 19019 I tecres.stashap:   at androidx.compose.runtime.ControlledComposition androidx.compose.runtime.Recomposer.performRecompose(androidx.compose.runtime.ControlledComposition, androidx.collection.MutableScatterSet) (Recomposer.kt:1364)
10-29 09:26:09.993 19019 19019 I tecres.stashap:   at androidx.compose.runtime.ControlledComposition androidx.compose.runtime.Recomposer.access$performRecompose(androidx.compose.runtime.Recomposer, androidx.compose.runtime.ControlledComposition, androidx.collection.MutableScatterSet) (Recomposer.kt:156)
10-29 09:26:09.993 19019 19019 I tecres.stashap:   at kotlin.Unit androidx.compose.runtime.Recomposer$runRecomposeAndApplyChanges$2.invokeSuspend$lambda$22(androidx.compose.runtime.Recomposer, androidx.collection.MutableScatterSet, androidx.collection.MutableScatterSet, java.util.List, java.util.List, androidx.collection.MutableScatterSet, java.util.List, androidx.collection.MutableScatterSet, java.util.Set, long) (Recomposer.kt:627)
10-29 09:26:09.993 19019 19019 I tecres.stashap:   at kotlin.Unit androidx.compose.runtime.Recomposer$runRecomposeAndApplyChanges$2.$r8$lambda$OqADLCDYmRw1RgNUvn1CR0kX32M(androidx.compose.runtime.Recomposer, androidx.collection.MutableScatterSet, androidx.collection.MutableScatterSet, java.util.List, java.util.List, androidx.collection.MutableScatterSet, java.util.List, androidx.collection.MutableScatterSet, java.util.Set, long) (Recomposer.kt:-1)
10-29 09:26:09.993 19019 19019 I tecres.stashap:   at java.lang.Object androidx.compose.runtime.Recomposer$runRecomposeAndApplyChanges$2$$ExternalSyntheticLambda0.invoke(java.lang.Object) (D8$$SyntheticClass:0)
10-29 09:26:09.993 19019 19019 I tecres.stashap:   at void androidx.compose.ui.platform.AndroidUiFrameClock$withFrameNanos$2$callback$1.doFrame(long) (AndroidUiFrameClock.android.kt:39)
10-29 09:26:09.993 19019 19019 I tecres.stashap:   at void androidx.compose.ui.platform.AndroidUiDispatcher.performFrameDispatch(long) (AndroidUiDispatcher.android.kt:108)
10-29 09:26:09.993 19019 19019 I tecres.stashap:   at void androidx.compose.ui.platform.AndroidUiDispatcher.access$performFrameDispatch(androidx.compose.ui.platform.AndroidUiDispatcher, long) (AndroidUiDispatcher.android.kt:41)
10-29 09:26:09.993 19019 19019 I tecres.stashap:   at void androidx.compose.ui.platform.AndroidUiDispatcher$dispatchCallback$1.doFrame(long) (AndroidUiDispatcher.android.kt:69)
10-29 09:26:09.993 19019 19019 I tecres.stashap:   at void android.view.Choreographer$CallbackRecord.run(long) (Choreographer.java:947)
10-29 09:26:09.993 19019 19019 I tecres.stashap:   at void android.view.Choreographer.doCallbacks(int, long) (Choreographer.java:761)
10-29 09:26:09.993 19019 19019 I tecres.stashap:   at void android.view.Choreographer.doFrame(long, int) (Choreographer.java:693)
10-29 09:26:09.993 19019 19019 I tecres.stashap:   at void android.view.Choreographer$FrameDisplayEventReceiver.run() (Choreographer.java:935)
10-29 09:26:09.993 19019 19019 I tecres.stashap:   at void android.os.Handler.handleCallback(android.os.Message) (Handler.java:873)
10-29 09:26:09.993 19019 19019 I tecres.stashap:   at void android.os.Handler.dispatchMessage(android.os.Message) (Handler.java:99)
10-29 09:26:09.993 19019 19019 I tecres.stashap:   at void android.os.Looper.loop() (Looper.java:193)
10-29 09:26:09.993 19019 19019 I tecres.stashap:   at void android.app.ActivityThread.main(java.lang.String[]) (ActivityThread.java:6669)
10-29 09:26:09.993 19019 19019 I tecres.stashap:   at java.lang.Object java.lang.reflect.Method.invoke(java.lang.Object, java.lang.Object[]) (Method.java:-2)
10-29 09:26:09.993 19019 19019 I tecres.stashap:   at void com.android.internal.os.RuntimeInit$MethodAndArgsCaller.run() (RuntimeInit.java:493)
10-29 09:26:09.993 19019 19019 I tecres.stashap:   at void com.android.internal.os.ZygoteInit.main(java.lang.String[]) (ZygoteInit.java:858)
10-29 09:26:09.993 19019 19019 I tecres.stashap: Caused by: java.lang.ClassNotFoundException: Didn't find class "androidx.window.sidecar.SidecarInterface$SidecarCallback" on path: DexPathList[[zip file "/data/app/com.github.damontecres.stashapp-DwVwaW0l212zaMW5cpQXFA==/base.apk"],nativeLibraryDirectories=[/data/app/com.github.damontecres.stashapp-DwVwaW0l212zaMW5cpQXFA==/lib/x86, /data/app/com.github.damontecres.stashapp-DwVwaW0l212zaMW5cpQXFA==/base.apk!/lib/x86, /system/lib]]
10-29 09:26:09.993 19019 19019 I tecres.stashap:   at java.lang.Class dalvik.system.BaseDexClassLoader.findClass(java.lang.String) (BaseDexClassLoader.java:134)
10-29 09:26:09.993 19019 19019 I tecres.stashap:   at java.lang.Class java.lang.ClassLoader.loadClass(java.lang.String, boolean) (ClassLoader.java:379)
10-29 09:26:09.993 19019 19019 I tecres.stashap:   at java.lang.Class java.lang.ClassLoader.loadClass(java.lang.String) (ClassLoader.java:312)
10-29 09:26:09.993 19019 19019 I tecres.stashap:   at androidx.window.layout.adapter.sidecar.ExtensionInterfaceCompat androidx.window.layout.adapter.sidecar.SidecarWindowBackend$Companion.initAndVerifyExtension(android.content.Context) (SidecarWindowBackend.kt:207)
10-29 09:26:09.994 19019 19019 I tecres.stashap:   at androidx.window.layout.adapter.sidecar.SidecarWindowBackend androidx.window.layout.adapter.sidecar.SidecarWindowBackend$Companion.getInstance(android.content.Context) (SidecarWindowBackend.kt:191)
10-29 09:26:09.994 19019 19019 I tecres.stashap:   at androidx.window.layout.WindowInfoTracker androidx.window.layout.WindowInfoTracker$Companion.getOrCreate(android.content.Context) (WindowInfoTracker.kt:135)
10-29 09:26:09.994 19019 19019 I tecres.stashap:   at androidx.compose.runtime.State androidx.compose.material3.adaptive.AndroidWindowInfo_androidKt.collectFoldingFeaturesAsState(androidx.compose.runtime.Composer, int) (AndroidWindowInfo.android.kt:90)
10-29 09:26:09.994 19019 19019 I tecres.stashap:   at androidx.compose.material3.adaptive.WindowAdaptiveInfo androidx.compose.material3.adaptive.AndroidWindowInfo_androidKt.currentWindowAdaptiveInfo(androidx.compose.runtime.Composer, int) (AndroidWindowInfo.android.kt:53)
10-29 09:26:09.994 19019 19019 I tecres.stashap:   at com.github.damontecres.stashapp.ui.util.ScreenSize com.github.damontecres.stashapp.ui.util.ScreenSizeKt.screenSize(androidx.compose.runtime.Composer, int) (ScreenSize.kt:15)
10-29 09:26:09.994 19019 19019 I tecres.stashap:   at void com.github.damontecres.stashapp.ui.components.server.InitialSetupKt.InitialSetup(kotlin.jvm.functions.Function1, androidx.compose.ui.Modifier, com.github.damontecres.stashapp.ui.components.server.ManageServersViewModel, androidx.compose.runtime.Composer, int, int) (InitialSetup.kt:39)
10-29 09:26:09.994 19019 19019 I tecres.stashap:   at kotlin.Unit com.github.damontecres.stashapp.ui.NavDrawerFragment.onViewCreated$lambda$19$lambda$18$lambda$17$lambda$16(com.github.damontecres.stashapp.ui.NavDrawerFragment, androidx.compose.runtime.State, com.github.damontecres.stashapp.proto.StashPreferences, boolean, androidx.compose.runtime.MutableState, androidx.compose.runtime.Composer, int) (NavDrawerFragment.kt:97)
10-29 09:26:09.994 19019 19019 I tecres.stashap:   at kotlin.Unit com.github.damontecres.stashapp.ui.NavDrawerFragment.$r8$lambda$UuBVf1afbVTUOc7-vuNByuLZJFQ(com.github.damontecres.stashapp.ui.NavDrawerFragment, androidx.compose.runtime.State, com.github.damontecres.stashapp.proto.StashPreferences, boolean, androidx.compose.runtime.MutableState, androidx.compose.runtime.Composer, int) (NavDrawerFragment.kt:-1)
10-29 09:26:09.994 19019 19019 I tecres.stashap:   at java.lang.Object com.github.damontecres.stashapp.ui.NavDrawerFragment$$ExternalSyntheticLambda3.invoke(java.lang.Object, java.lang.Object) (D8$$SyntheticClass:0)
10-29 09:26:09.994 19019 19019 I tecres.stashap:   at java.lang.Object androidx.compose.runtime.internal.ComposableLambdaImpl.invoke(androidx.compose.runtime.Composer, int) (ComposableLambda.kt:121)
10-29 09:26:09.994 19019 19019 I tecres.stashap:   at java.lang.Object androidx.compose.runtime.internal.ComposableLambdaImpl.invoke(java.lang.Object, java.lang.Object) (ComposableLambda.kt:51)
10-29 09:26:09.994 19019 19019 I tecres.stashap:   at void androidx.compose.runtime.CompositionLocalKt.CompositionLocalProvider(androidx.compose.runtime.ProvidedValue, kotlin.jvm.functions.Function2, androidx.compose.runtime.Composer, int) (CompositionLocal.kt:390)
10-29 09:26:09.994 19019 19019 I tecres.stashap:   at void androidx.tv.material3.TextKt.ProvideTextStyle(androidx.compose.ui.text.TextStyle, kotlin.jvm.functions.Function2, androidx.compose.runtime.Composer, int) (Text.kt:258)
10-29 09:26:09.994 19019 19019 I tecres.stashap:   at void androidx.tv.material3.MaterialThemeKt$MaterialTheme$1.invoke(androidx.compose.runtime.Composer, int) (MaterialTheme.kt:69)
10-29 09:26:09.994 19019 19019 I tecres.stashap:   at java.lang.Object androidx.tv.material3.MaterialThemeKt$MaterialTheme$1.invoke(java.lang.Object, java.lang.Object) (MaterialTheme.kt:68)
10-29 09:26:09.994 19019 19019 I tecres.stashap:   at java.lang.Object androidx.compose.runtime.internal.ComposableLambdaImpl.invoke(androidx.compose.runtime.Composer, int) (ComposableLambda.kt:121)
10-29 09:26:09.994 19019 19019 I tecres.stashap:   at java.lang.Object androidx.compose.runtime.internal.ComposableLambdaImpl.invoke(java.lang.Object, java.lang.Object) (ComposableLambda.kt:51)
10-29 09:26:09.994 19019 19019 I tecres.stashap:   at void androidx.compose.runtime.CompositionLocalKt.CompositionLocalProvider(androidx.compose.runtime.ProvidedValue[], kotlin.jvm.functions.Function2, androidx.compose.runtime.Composer, int) (CompositionLocal.kt:370)
10-29 09:26:09.994 19019 19019 I tecres.stashap:   at void androidx.tv.material3.MaterialThemeKt.MaterialTheme(androidx.tv.material3.ColorScheme, androidx.tv.material3.Shapes, androidx.tv.material3.Typography, kotlin.jvm.functions.Function2, androidx.compose.runtime.Composer, int, int) (MaterialTheme.kt:63)
10-29 09:26:09.994 19019 19019 I tecres.stashap:   at void com.github.damontecres.stashapp.ui.ThemesKt.AppTheme(com.github.damontecres.stashapp.proto.ThemeStyle, java.lang.String, com.github.damontecres.stashapp.ui.AppColorScheme, kotlin.jvm.functions.Function2, androidx.compose.runtime.Composer, int, int) (Themes.kt:113)
10-29 09:26:09.994 19019 19019 I tecres.stashap:   at kotlin.Unit com.github.damontecres.stashapp.ui.NavDrawerFragment.onViewCreated$lambda$19$lambda$18(com.github.damontecres.stashapp.ui.NavDrawerFragment, androidx.compose.ui.platform.ComposeView, androidx.compose.runtime.Composer, int) (NavDrawerFragment.kt:77)
10-29 09:26:09.994 19019 19019 I tecres.stashap:   at kotlin.Unit com.github.damontecres.stashapp.ui.NavDrawerFragment.$r8$lambda$AXAPyiaO1KbQmZpZ-GpJ7g1Rq_U(com.github.damontecres.stashapp.ui.NavDrawerFragment, androidx.compose.ui.platform.ComposeView, androidx.compose.runtime.Composer, int) (NavDrawerFragment.kt:-1)
10-29 09:26:09.994 19019 19019 I tecres.stashap:   at java.lang.Object com.github.damontecres.stashapp.ui.NavDrawerFragment$$ExternalSyntheticLambda2.invoke(java.lang.Object, java.lang.Object) (D8$$SyntheticClass:0)
10-29 09:26:09.994 19019 19019 I tecres.stashap:   at java.lang.Object androidx.compose.runtime.internal.ComposableLambdaImpl.invoke(androidx.compose.runtime.Composer, int) (ComposableLambda.kt:121)
10-29 09:26:09.994 19019 19019 I tecres.stashap:   at void androidx.compose.runtime.internal.ComposableLambdaImpl$invoke$1.invoke(androidx.compose.runtime.Composer, int) (ComposableLambda.kt:122)
10-29 09:26:09.994 19019 19019 I tecres.stashap:   at java.lang.Object androidx.compose.runtime.internal.ComposableLambdaImpl$invoke$1.invoke(java.lang.Object, java.lang.Object) (ComposableLambda.kt:122)
10-29 09:26:09.994 19019 19019 I tecres.stashap:   at void androidx.compose.runtime.RecomposeScopeImpl.compose(androidx.compose.runtime.Composer) (RecomposeScopeImpl.kt:196)
10-29 09:26:09.994 19019 19019 I tecres.stashap:   at void androidx.compose.runtime.ComposerImpl.recomposeToGroupEnd() (Composer.kt:2895)
10-29 09:26:09.994 19019 19019 I tecres.stashap:   at void androidx.compose.runtime.ComposerImpl.skipCurrentGroup() (Composer.kt:3231)
10-29 09:26:09.994 19019 19019 I tecres.stashap:   at void androidx.compose.runtime.ComposerImpl.doCompose-aFTiNEg(androidx.collection.MutableScatterMap, kotlin.jvm.functions.Function2) (Composer.kt:3855)
10-29 09:26:09.994 19019 19019 I tecres.stashap:   at boolean androidx.compose.runtime.ComposerImpl.recompose-aFTiNEg$runtime(androidx.collection.MutableScatterMap, androidx.compose.runtime.ShouldPauseCallback) (Composer.kt:3779)
10-29 09:26:09.994 19019 19019 I tecres.stashap:   at boolean androidx.compose.runtime.CompositionImpl.recompose() (Composition.kt:1075)
10-29 09:26:09.994 19019 19019 I tecres.stashap:   at androidx.compose.runtime.ControlledComposition androidx.compose.runtime.Recomposer.performRecompose(androidx.compose.runtime.ControlledComposition, androidx.collection.MutableScatterSet) (Recomposer.kt:1364)
10-29 09:26:09.994 19019 19019 I tecres.stashap:   at androidx.compose.runtime.ControlledComposition androidx.compose.runtime.Recomposer.access$performRecompose(androidx.compose.runtime.Recomposer, androidx.compose.runtime.ControlledComposition, androidx.collection.MutableScatterSet) (Recomposer.kt:156)
10-29 09:26:09.994 19019 19019 I tecres.stashap:   at kotlin.Unit androidx.compose.runtime.Recomposer$runRecomposeAndApplyChanges$2.invokeSuspend$lambda$22(androidx.compose.runtime.Recomposer, androidx.collection.MutableScatterSet, androidx.collection.MutableScatterSet, java.util.List, java.util.List, androidx.collection.MutableScatterSet, java.util.List, androidx.collection.MutableScatterSet, java.util.Set, long) (Recomposer.kt:627)
10-29 09:26:09.994 19019 19019 I tecres.stashap:   at kotlin.Unit androidx.compose.runtime.Recomposer$runRecomposeAndApplyChanges$2.$r8$lambda$OqADLCDYmRw1RgNUvn1CR0kX32M(androidx.compose.runtime.Recomposer, androidx.collection.MutableScatterSet, androidx.collection.MutableScatterSet, java.util.List, java.util.List, androidx.collection.MutableScatterSet, java.util.List, androidx.collection.MutableScatterSet, java.util.Set, long) (Recomposer.kt:-1)
10-29 09:26:09.994 19019 19019 I tecres.stashap:   at java.lang.Object androidx.compose.runtime.Recomposer$runRecomposeAndApplyChanges$2$$ExternalSyntheticLambda0.invoke(java.lang.Object) (D8$$SyntheticClass:0)
10-29 09:26:09.995 19019 19019 I tecres.stashap:   at void androidx.compose.ui.platform.AndroidUiFrameClock$withFrameNanos$2$callback$1.doFrame(long) (AndroidUiFrameClock.android.kt:39)
10-29 09:26:09.995 19019 19019 I tecres.stashap:   at void androidx.compose.ui.platform.AndroidUiDispatcher.performFrameDispatch(long) (AndroidUiDispatcher.android.kt:108)
10-29 09:26:09.995 19019 19019 I tecres.stashap:   at void androidx.compose.ui.platform.AndroidUiDispatcher.access$performFrameDispatch(androidx.compose.ui.platform.AndroidUiDispatcher, long) (AndroidUiDispatcher.android.kt:41)
10-29 09:26:09.995 19019 19019 I tecres.stashap:   at void androidx.compose.ui.platform.AndroidUiDispatcher$dispatchCallback$1.doFrame(long) (AndroidUiDispatcher.android.kt:69)
10-29 09:26:09.995 19019 19019 I tecres.stashap:   at void android.view.Choreographer$CallbackRecord.run(long) (Choreographer.java:947)
10-29 09:26:09.995 19019 19019 I tecres.stashap:   at void android.view.Choreographer.doCallbacks(int, long) (Choreographer.java:761)
10-29 09:26:09.995 19019 19019 I tecres.stashap:   at void android.view.Choreographer.doFrame(long, int) (Choreographer.java:693)
10-29 09:26:09.995 19019 19019 I tecres.stashap:   at void android.view.Choreographer$FrameDisplayEventReceiver.run() (Choreographer.java:935)
10-29 09:26:09.995 19019 19019 I tecres.stashap:   at void android.os.Handler.handleCallback(android.os.Message) (Handler.java:873)
10-29 09:26:09.995 19019 19019 I tecres.stashap:   at void android.os.Handler.dispatchMessage(android.os.Message) (Handler.java:99)
10-29 09:26:09.995 19019 19019 I tecres.stashap:   at void android.os.Looper.loop() (Looper.java:193)
10-29 09:26:09.995 19019 19019 I tecres.stashap:   at void android.app.ActivityThread.main(java.lang.String[]) (ActivityThread.java:6669)
10-29 09:26:09.995 19019 19019 I tecres.stashap:   at java.lang.Object java.lang.reflect.Method.invoke(java.lang.Object, java.lang.Object[]) (Method.java:-2)
10-29 09:26:09.995 19019 19019 I tecres.stashap:   at void com.android.internal.os.RuntimeInit$MethodAndArgsCaller.run() (RuntimeInit.java:493)
10-29 09:26:09.995 19019 19019 I tecres.stashap:   at void com.android.internal.os.ZygoteInit.main(java.lang.String[]) (ZygoteInit.java:858)
10-29 09:26:09.995 19019 19019 I tecres.stashap: 
10-29 09:26:09.995 19019 19019 I tecres.stashap: Rejecting re-init on previously-failed class java.lang.Class<androidx.window.layout.adapter.sidecar.DistinctElementSidecarCallback>: java.lang.NoClassDefFoundError: Failed resolution of: Landroidx/window/sidecar/SidecarInterface$SidecarCallback;
10-29 09:26:09.995 19019 19019 I tecres.stashap:   at androidx.window.layout.adapter.sidecar.ExtensionInterfaceCompat androidx.window.layout.adapter.sidecar.SidecarWindowBackend$Companion.initAndVerifyExtension(android.content.Context) (SidecarWindowBackend.kt:207)
10-29 09:26:09.995 19019 19019 I tecres.stashap:   at androidx.window.layout.adapter.sidecar.SidecarWindowBackend androidx.window.layout.adapter.sidecar.SidecarWindowBackend$Companion.getInstance(android.content.Context) (SidecarWindowBackend.kt:191)
10-29 09:26:09.995 19019 19019 I tecres.stashap:   at androidx.window.layout.WindowInfoTracker androidx.window.layout.WindowInfoTracker$Companion.getOrCreate(android.content.Context) (WindowInfoTracker.kt:135)
10-29 09:26:09.995 19019 19019 I tecres.stashap:   at androidx.compose.runtime.State androidx.compose.material3.adaptive.AndroidWindowInfo_androidKt.collectFoldingFeaturesAsState(androidx.compose.runtime.Composer, int) (AndroidWindowInfo.android.kt:90)
10-29 09:26:09.995 19019 19019 I tecres.stashap:   at androidx.compose.material3.adaptive.WindowAdaptiveInfo androidx.compose.material3.adaptive.AndroidWindowInfo_androidKt.currentWindowAdaptiveInfo(androidx.compose.runtime.Composer, int) (AndroidWindowInfo.android.kt:53)
10-29 09:26:09.995 19019 19019 I tecres.stashap:   at com.github.damontecres.stashapp.ui.util.ScreenSize com.github.damontecres.stashapp.ui.util.ScreenSizeKt.screenSize(androidx.compose.runtime.Composer, int) (ScreenSize.kt:15)
10-29 09:26:09.995 19019 19019 I tecres.stashap:   at void com.github.damontecres.stashapp.ui.components.server.InitialSetupKt.InitialSetup(kotlin.jvm.functions.Function1, androidx.compose.ui.Modifier, com.github.damontecres.stashapp.ui.components.server.ManageServersViewModel, androidx.compose.runtime.Composer, int, int) (InitialSetup.kt:39)
10-29 09:26:09.995 19019 19019 I tecres.stashap:   at kotlin.Unit com.github.damontecres.stashapp.ui.NavDrawerFragment.onViewCreated$lambda$19$lambda$18$lambda$17$lambda$16(com.github.damontecres.stashapp.ui.NavDrawerFragment, androidx.compose.runtime.State, com.github.damontecres.stashapp.proto.StashPreferences, boolean, androidx.compose.runtime.MutableState, androidx.compose.runtime.Composer, int) (NavDrawerFragment.kt:97)
10-29 09:26:09.996 19019 19019 I tecres.stashap:   at kotlin.Unit com.github.damontecres.stashapp.ui.NavDrawerFragment.$r8$lambda$UuBVf1afbVTUOc7-vuNByuLZJFQ(com.github.damontecres.stashapp.ui.NavDrawerFragment, androidx.compose.runtime.State, com.github.damontecres.stashapp.proto.StashPreferences, boolean, androidx.compose.runtime.MutableState, androidx.compose.runtime.Composer, int) (NavDrawerFragment.kt:-1)
10-29 09:26:09.996 19019 19019 I tecres.stashap:   at java.lang.Object com.github.damontecres.stashapp.ui.NavDrawerFragment$$ExternalSyntheticLambda3.invoke(java.lang.Object, java.lang.Object) (D8$$SyntheticClass:0)
10-29 09:26:09.996 19019 19019 I tecres.stashap:   at java.lang.Object androidx.compose.runtime.internal.ComposableLambdaImpl.invoke(androidx.compose.runtime.Composer, int) (ComposableLambda.kt:121)
10-29 09:26:09.996 19019 19019 I tecres.stashap:   at java.lang.Object androidx.compose.runtime.internal.ComposableLambdaImpl.invoke(java.lang.Object, java.lang.Object) (ComposableLambda.kt:51)
10-29 09:26:09.996 19019 19019 I tecres.stashap:   at void androidx.compose.runtime.CompositionLocalKt.CompositionLocalProvider(androidx.compose.runtime.ProvidedValue, kotlin.jvm.functions.Function2, androidx.compose.runtime.Composer, int) (CompositionLocal.kt:390)
10-29 09:26:09.996 19019 19019 I tecres.stashap:   at void androidx.tv.material3.TextKt.ProvideTextStyle(androidx.compose.ui.text.TextStyle, kotlin.jvm.functions.Function2, androidx.compose.runtime.Composer, int) (Text.kt:258)
10-29 09:26:09.996 19019 19019 I tecres.stashap:   at void androidx.tv.material3.MaterialThemeKt$MaterialTheme$1.invoke(androidx.compose.runtime.Composer, int) (MaterialTheme.kt:69)
10-29 09:26:09.996 19019 19019 I tecres.stashap:   at java.lang.Object androidx.tv.material3.MaterialThemeKt$MaterialTheme$1.invoke(java.lang.Object, java.lang.Object) (MaterialTheme.kt:68)
10-29 09:26:09.996 19019 19019 I tecres.stashap:   at java.lang.Object androidx.compose.runtime.internal.ComposableLambdaImpl.invoke(androidx.compose.runtime.Composer, int) (ComposableLambda.kt:121)
10-29 09:26:09.996 19019 19019 I tecres.stashap:   at java.lang.Object androidx.compose.runtime.internal.ComposableLambdaImpl.invoke(java.lang.Object, java.lang.Object) (ComposableLambda.kt:51)
10-29 09:26:09.996 19019 19019 I tecres.stashap:   at void androidx.compose.runtime.CompositionLocalKt.CompositionLocalProvider(androidx.compose.runtime.ProvidedValue[], kotlin.jvm.functions.Function2, androidx.compose.runtime.Composer, int) (CompositionLocal.kt:370)
10-29 09:26:09.996 19019 19019 I tecres.stashap:   at void androidx.tv.material3.MaterialThemeKt.MaterialTheme(androidx.tv.material3.ColorScheme, androidx.tv.material3.Shapes, androidx.tv.material3.Typography, kotlin.jvm.functions.Function2, androidx.compose.runtime.Composer, int, int) (MaterialTheme.kt:63)
10-29 09:26:09.996 19019 19019 I tecres.stashap:   at void com.github.damontecres.stashapp.ui.ThemesKt.AppTheme(com.github.damontecres.stashapp.proto.ThemeStyle, java.lang.String, com.github.damontecres.stashapp.ui.AppColorScheme, kotlin.jvm.functions.Function2, androidx.compose.runtime.Composer, int, int) (Themes.kt:113)
10-29 09:26:09.996 19019 19019 I tecres.stashap:   at kotlin.Unit com.github.damontecres.stashapp.ui.NavDrawerFragment.onViewCreated$lambda$19$lambda$18(com.github.damontecres.stashapp.ui.NavDrawerFragment, androidx.compose.ui.platform.ComposeView, androidx.compose.runtime.Composer, int) (NavDrawerFragment.kt:77)
10-29 09:26:09.996 19019 19019 I tecres.stashap:   at kotlin.Unit com.github.damontecres.stashapp.ui.NavDrawerFragment.$r8$lambda$AXAPyiaO1KbQmZpZ-GpJ7g1Rq_U(com.github.damontecres.stashapp.ui.NavDrawerFragment, androidx.compose.ui.platform.ComposeView, androidx.compose.runtime.Composer, int) (NavDrawerFragment.kt:-1)
10-29 09:26:09.996 19019 19019 I tecres.stashap:   at java.lang.Object com.github.damontecres.stashapp.ui.NavDrawerFragment$$ExternalSyntheticLambda2.invoke(java.lang.Object, java.lang.Object) (D8$$SyntheticClass:0)
10-29 09:26:09.996 19019 19019 I tecres.stashap:   at java.lang.Object androidx.compose.runtime.internal.ComposableLambdaImpl.invoke(androidx.compose.runtime.Composer, int) (ComposableLambda.kt:121)
10-29 09:26:09.996 19019 19019 I tecres.stashap:   at void androidx.compose.runtime.internal.ComposableLambdaImpl$invoke$1.invoke(androidx.compose.runtime.Composer, int) (ComposableLambda.kt:122)
10-29 09:26:09.996 19019 19019 I tecres.stashap:   at java.lang.Object androidx.compose.runtime.internal.ComposableLambdaImpl$invoke$1.invoke(java.lang.Object, java.lang.Object) (ComposableLambda.kt:122)
10-29 09:26:09.996 19019 19019 I tecres.stashap:   at void androidx.compose.runtime.RecomposeScopeImpl.compose(androidx.compose.runtime.Composer) (RecomposeScopeImpl.kt:196)
10-29 09:26:09.996 19019 19019 I tecres.stashap:   at void androidx.compose.runtime.ComposerImpl.recomposeToGroupEnd() (Composer.kt:2895)
10-29 09:26:09.996 19019 19019 I tecres.stashap:   at void androidx.compose.runtime.ComposerImpl.skipCurrentGroup() (Composer.kt:3231)
10-29 09:26:09.996 19019 19019 I tecres.stashap:   at void androidx.compose.runtime.ComposerImpl.doCompose-aFTiNEg(androidx.collection.MutableScatterMap, kotlin.jvm.functions.Function2) (Composer.kt:3855)
10-29 09:26:09.996 19019 19019 I tecres.stashap:   at boolean androidx.compose.runtime.ComposerImpl.recompose-aFTiNEg$runtime(androidx.collection.MutableScatterMap, androidx.compose.runtime.ShouldPauseCallback) (Composer.kt:3779)
10-29 09:26:09.996 19019 19019 I tecres.stashap:   at boolean androidx.compose.runtime.CompositionImpl.recompose() (Composition.kt:1075)
10-29 09:26:09.996 19019 19019 I tecres.stashap:   at androidx.compose.runtime.ControlledComposition androidx.compose.runtime.Recomposer.performRecompose(androidx.compose.runtime.ControlledComposition, androidx.collection.MutableScatterSet) (Recomposer.kt:1364)
10-29 09:26:09.996 19019 19019 I tecres.stashap:   at androidx.compose.runtime.ControlledComposition androidx.compose.runtime.Recomposer.access$performRecompose(androidx.compose.runtime.Recomposer, androidx.compose.runtime.ControlledComposition, androidx.collection.MutableScatterSet) (Recomposer.kt:156)
10-29 09:26:09.996 19019 19019 I tecres.stashap:   at kotlin.Unit androidx.compose.runtime.Recomposer$runRecomposeAndApplyChanges$2.invokeSuspend$lambda$22(androidx.compose.runtime.Recomposer, androidx.collection.MutableScatterSet, androidx.collection.MutableScatterSet, java.util.List, java.util.List, androidx.collection.MutableScatterSet, java.util.List, androidx.collection.MutableScatterSet, java.util.Set, long) (Recomposer.kt:627)
10-29 09:26:09.996 19019 19019 I tecres.stashap:   at kotlin.Unit androidx.compose.runtime.Recomposer$runRecomposeAndApplyChanges$2.$r8$lambda$OqADLCDYmRw1RgNUvn1CR0kX32M(androidx.compose.runtime.Recomposer, androidx.collection.MutableScatterSet, androidx.collection.MutableScatterSet, java.util.List, java.util.List, androidx.collection.MutableScatterSet, java.util.List, androidx.collection.MutableScatterSet, java.util.Set, long) (Recomposer.kt:-1)
10-29 09:26:09.996 19019 19019 I tecres.stashap:   at java.lang.Object androidx.compose.runtime.Recomposer$runRecomposeAndApplyChanges$2$$ExternalSyntheticLambda0.invoke(java.lang.Object) (D8$$SyntheticClass:0)
10-29 09:26:09.996 19019 19019 I tecres.stashap:   at void androidx.compose.ui.platform.AndroidUiFrameClock$withFrameNanos$2$callback$1.doFrame(long) (AndroidUiFrameClock.android.kt:39)
10-29 09:26:09.996 19019 19019 I tecres.stashap:   at void androidx.compose.ui.platform.AndroidUiDispatcher.performFrameDispatch(long) (AndroidUiDispatcher.android.kt:108)
10-29 09:26:09.996 19019 19019 I tecres.stashap:   at void androidx.compose.ui.platform.AndroidUiDispatcher.access$performFrameDispatch(androidx.compose.ui.platform.AndroidUiDispatcher, long) (AndroidUiDispatcher.android.kt:41)
10-29 09:26:09.996 19019 19019 I tecres.stashap:   at void androidx.compose.ui.platform.AndroidUiDispatcher$dispatchCallback$1.doFrame(long) (AndroidUiDispatcher.android.kt:69)
10-29 09:26:09.996 19019 19019 I tecres.stashap:   at void android.view.Choreographer$CallbackRecord.run(long) (Choreographer.java:947)
10-29 09:26:09.997 19019 19019 I tecres.stashap:   at void android.view.Choreographer.doCallbacks(int, long) (Choreographer.java:761)
10-29 09:26:09.997 19019 19019 I tecres.stashap:   at void android.view.Choreographer.doFrame(long, int) (Choreographer.java:693)
10-29 09:26:09.997 19019 19019 I tecres.stashap:   at void android.view.Choreographer$FrameDisplayEventReceiver.run() (Choreographer.java:935)
