10-31 08:04:05.679 E/PronunciationService( 3138): MediaPlayer error for Method 0, word: 'acts', what: 1, extra: -2147483648
10-31 08:04:05.679 D/PronunciationService( 3138): Method 1 failed, trying Method 2
10-31 08:04:05.679 D/NuPlayerDriver( 1684): reset(0xb615a740)
10-31 08:04:05.679 D/NuPlayerDriver( 1684): notifyListener_l(0xb615a740), (8, 0, 0)
10-31 08:04:05.679 D/NuPlayerDriver( 1684): notifyResetComplete(0xb615a740)
10-31 08:04:05.680 D/NuPlayerDriver( 1684): reset(0xb615a740)
10-31 08:04:05.680 W/MediaPlayer( 3138): Couldn't open file on client side; trying server side: java.io.FileNotFoundException: No content provider: http://192.168.1.111:9999/tts/pronounce?text=acts&lang=en
10-31 08:04:05.689 I/NuCachedSource2( 1684): caching reached eos.
10-31 08:04:05.690 E/GenericSource( 1684): Failed to init from data source!
10-31 08:04:05.691 D/NuPlayerDriver( 1684): notifyListener_l(0xb615a1a0), (100, 1, -2147483648)
10-31 08:04:05.691 E/MediaPlayer( 3138): error (1, -2147483648)
10-31 08:04:05.691 E/MediaPlayer( 3138): Error (1,-2147483648)
10-31 08:04:05.691 E/PronunciationService( 3138): MediaPlayer error for Method 1, word: 'acts', what: 1, extra: -2147483648
10-31 08:04:05.691 D/PronunciationService( 3138): Method 2 failed, trying Method 3 (downloading)
10-31 08:04:05.691 D/NuPlayerDriver( 1684): reset(0xb615a1a0)
10-31 08:04:05.691 D/NuPlayerDriver( 1684): notifyListener_l(0xb615a1a0), (8, 0, 0)
10-31 08:04:05.692 D/NuPlayerDriver( 1684): notifyResetComplete(0xb615a1a0)
10-31 08:04:05.693 D/NuPlayerDriver( 1684): reset(0xb615a1a0)
10-31 08:04:05.701 D/PronunciationService( 3138): Audio downloaded to temp file: /data/user/0/com.github.damontecres.stashapp/cache/pronunciation_1761897845694.mp3
10-31 08:04:05.704 E/GenericSource( 1684): Failed to init from data source!
10-31 08:04:05.704 D/NuPlayerDriver( 1684): notifyListener_l(0xb615a560), (100, 1, -2147483648)
10-31 08:04:05.704 E/MediaPlayer( 3138): error (1, -2147483648)
10-31 08:04:05.704 E/MediaPlayer( 3138): Error (1,-2147483648)
10-31 08:04:05.704 E/PronunciationService( 3138): MediaPlayer error for Method 2, word: 'acts', what: 1, extra: -2147483648
10-31 08:04:05.704 D/NuPlayerDriver( 1684): reset(0xb615a560)
10-31 08:04:05.704 D/NuPlayerDriver( 1684): notifyListener_l(0xb615a560), (8, 0, 0)
10-31 08:04:05.705 D/NuPlayerDriver( 1684): notifyResetComplete(0xb615a560)
10-31 08:04:05.706 E/PronunciationService( 3138): Failed to play pronunciation for word: 'acts'
10-31 08:04:05.706 E/PronunciationService( 3138): java.lang.Exception: All playback methods failed - what: 1, extra: -2147483648
10-31 08:04:05.706 E/PronunciationService( 3138): 	at com.github.damontecres.stashapp.subtitle.PronunciationService$playPronunciation$2$1$player$1$3.onError(PronunciationService.kt:250)
10-31 08:04:05.706 E/PronunciationService( 3138): 	at android.media.MediaPlayer$EventHandler.handleMessage(MediaPlayer.java:2875)
10-31 08:04:05.706 E/PronunciationService( 3138): 	at android.os.Handler.dispatchMessage(Handler.java:102)
10-31 08:04:05.706 E/PronunciationService( 3138): 	at android.os.Looper.loop(Looper.java:148)
10-31 08:04:05.706 E/PronunciationService( 3138): 	at android.app.ActivityThread.main(ActivityThread.java:5417)
10-31 08:04:05.706 E/PronunciationService( 3138): 	at java.lang.reflect.Method.invoke(Native Method)
10-31 08:04:05.706 E/PronunciationService( 3138): 	at com.android.internal.os.ZygoteInit$MethodAndArgsCaller.run(ZygoteInit.java:726)
10-31 08:04:05.706 E/PronunciationService( 3138): 	at com.android.internal.os.ZygoteInit.main(ZygoteInit.java:616)
10-31 08:04:05.706 E/EnhancedSubtitleVM( 3138): Failed to play pronunciation
10-31 08:04:05.706 E/EnhancedSubtitleVM( 3138): java.lang.Exception: All playback methods failed - what: 1, extra: -2147483648
10-31 08:04:05.706 E/EnhancedSubtitleVM( 3138): 	at com.github.damontecres.stashapp.subtitle.PronunciationService$playPronunciation$2$1$player$1$3.onError(PronunciationService.kt:250)
10-31 08:04:05.706 E/EnhancedSubtitleVM( 3138): 	at android.media.MediaPlayer$EventHandler.handleMessage(MediaPlayer.java:2875)
10-31 08:04:05.706 E/EnhancedSubtitleVM( 3138): 	at android.os.Handler.dispatchMessage(Handler.java:102)
10-31 08:04:05.706 E/EnhancedSubtitleVM( 3138): 	at android.os.Looper.loop(Looper.java:148)
10-31 08:04:05.706 E/EnhancedSubtitleVM( 3138): 	at android.app.ActivityThread.main(ActivityThread.java:5417)
10-31 08:04:05.706 E/EnhancedSubtitleVM( 3138): 	at java.lang.reflect.Method.invoke(Native Method)
10-31 08:04:05.706 E/EnhancedSubtitleVM( 3138): 	at com.android.internal.os.ZygoteInit$MethodAndArgsCaller.run(ZygoteInit.java:726)
10-31 08:04:05.706 E/EnhancedSubtitleVM( 3138): 	at com.android.internal.os.ZygoteInit.main(ZygoteInit.java:616)
10-31 08:04:05.832 D/PronunciationService( 3138): Requesting pronunciation for word: 'acts', language: en
10-31 08:04:05.832 D/PronunciationService( 3138): Pronunciation URL: http://192.168.1.111:9999/tts/pronounce?text=acts&lang=en
10-31 08:04:05.833 D/PronunciationService( 3138): Audio check - volume: 15, muted: false, silent mode: false
10-31 08:04:05.886 D/PronunciationService( 3138): Method 1: setDataSource with URL string succeeded
10-31 08:04:05.895 I/NuCachedSource2( 1684): caching reached eos.
10-31 08:04:05.896 E/GenericSource( 1684): Failed to init from data source!
10-31 08:04:05.897 D/NuPlayerDriver( 1684): notifyListener_l(0xb615a1a0), (100, 1, -2147483648)
10-31 08:04:05.897 E/MediaPlayer( 3138): error (1, -2147483648)
10-31 08:04:05.897 E/MediaPlayer( 3138): Error (1,-2147483648)
10-31 08:04:05.897 E/PronunciationService( 3138): MediaPlayer error for Method 0, word: 'acts', what: 1, extra: -2147483648
10-31 08:04:05.897 D/PronunciationService( 3138): Method 1 failed, trying Method 2
10-31 08:04:05.897 D/NuPlayerDriver( 1684): reset(0xb615a1a0)
10-31 08:04:05.897 D/NuPlayerDriver( 1684): notifyListener_l(0xb615a1a0), (8, 0, 0)
10-31 08:04:05.897 D/NuPlayerDriver( 1684): notifyResetComplete(0xb615a1a0)
10-31 08:04:05.898 D/NuPlayerDriver( 1684): reset(0xb615a1a0)
10-31 08:04:05.898 W/MediaPlayer( 3138): Couldn't open file on client side; trying server side: java.io.FileNotFoundException: No content provider: http://192.168.1.111:9999/tts/pronounce?text=acts&lang=en
10-31 08:04:05.907 I/NuCachedSource2( 1684): caching reached eos.
10-31 08:04:05.907 E/GenericSource( 1684): Failed to init from data source!
10-31 08:04:05.908 D/NuPlayerDriver( 1684): notifyListener_l(0xb615a3e0), (100, 1, -2147483648)
10-31 08:04:05.908 E/MediaPlayer( 3138): error (1, -2147483648)
10-31 08:04:05.908 E/MediaPlayer( 3138): Error (1,-2147483648)
10-31 08:04:05.908 E/PronunciationService( 3138): MediaPlayer error for Method 1, word: 'acts', what: 1, extra: -2147483648
10-31 08:04:05.908 D/PronunciationService( 3138): Method 2 failed, trying Method 3 (downloading)
10-31 08:04:05.908 D/NuPlayerDriver( 1684): reset(0xb615a3e0)
10-31 08:04:05.908 D/NuPlayerDriver( 1684): notifyListener_l(0xb615a3e0), (8, 0, 0)
10-31 08:04:05.909 D/NuPlayerDriver( 1684): notifyResetComplete(0xb615a3e0)
10-31 08:04:05.909 D/NuPlayerDriver( 1684): reset(0xb615a3e0)
10-31 08:04:05.917 D/PronunciationService( 3138): Audio downloaded to temp file: /data/user/0/com.github.damontecres.stashapp/cache/pronunciation_1761897845910.mp3
10-31 08:04:05.920 E/GenericSource( 1684): Failed to init from data source!
10-31 08:04:05.920 D/NuPlayerDriver( 1684): notifyListener_l(0xb615a380), (100, 1, -2147483648)
10-31 08:04:05.920 E/MediaPlayer( 3138): error (1, -2147483648)
10-31 08:04:05.920 E/MediaPlayer( 3138): Error (1,-2147483648)
10-31 08:04:05.920 E/PronunciationService( 3138): MediaPlayer error for Method 2, word: 'acts', what: 1, extra: -2147483648
10-31 08:04:05.920 D/NuPlayerDriver( 1684): reset(0xb615a380)
10-31 08:04:05.920 D/NuPlayerDriver( 1684): notifyListener_l(0xb615a380), (8, 0, 0)
10-31 08:04:05.921 D/NuPlayerDriver( 1684): notifyResetComplete(0xb615a380)
10-31 08:04:05.922 E/PronunciationService( 3138): Failed to play pronunciation for word: 'acts'
10-31 08:04:05.922 E/PronunciationService( 3138): java.lang.Exception: All playback methods failed - what: 1, extra: -2147483648
10-31 08:04:05.922 E/PronunciationService( 3138): 	at com.github.damontecres.stashapp.subtitle.PronunciationService$playPronunciation$2$1$player$1$3.onError(PronunciationService.kt:250)
10-31 08:04:05.922 E/PronunciationService( 3138): 	at android.media.MediaPlayer$EventHandler.handleMessage(MediaPlayer.java:2875)
10-31 08:04:05.922 E/PronunciationService( 3138): 	at android.os.Handler.dispatchMessage(Handler.java:102)
10-31 08:04:05.922 E/PronunciationService( 3138): 	at android.os.Looper.loop(Looper.java:148)
10-31 08:04:05.922 E/PronunciationService( 3138): 	at android.app.ActivityThread.main(ActivityThread.java:5417)
10-31 08:04:05.922 E/PronunciationService( 3138): 	at java.lang.reflect.Method.invoke(Native Method)
10-31 08:04:05.922 E/PronunciationService( 3138): 	at com.android.internal.os.ZygoteInit$MethodAndArgsCaller.run(ZygoteInit.java:726)
10-31 08:04:05.922 E/PronunciationService( 3138): 	at com.android.internal.os.ZygoteInit.main(ZygoteInit.java:616)
10-31 08:04:05.922 E/EnhancedSubtitleVM( 3138): Failed to play pronunciation
10-31 08:04:05.922 E/EnhancedSubtitleVM( 3138): java.lang.Exception: All playback methods failed - what: 1, extra: -2147483648
10-31 08:04:05.922 E/EnhancedSubtitleVM( 3138): 	at com.github.damontecres.stashapp.subtitle.PronunciationService$playPronunciation$2$1$player$1$3.onError(PronunciationService.kt:250)
10-31 08:04:05.922 E/EnhancedSubtitleVM( 3138): 	at android.media.MediaPlayer$EventHandler.handleMessage(MediaPlayer.java:2875)
10-31 08:04:05.922 E/EnhancedSubtitleVM( 3138): 	at android.os.Handler.dispatchMessage(Handler.java:102)
10-31 08:04:05.922 E/EnhancedSubtitleVM( 3138): 	at android.os.Looper.loop(Looper.java:148)
10-31 08:04:05.922 E/EnhancedSubtitleVM( 3138): 	at android.app.ActivityThread.main(ActivityThread.java:5417)
10-31 08:04:05.922 E/EnhancedSubtitleVM( 3138): 	at java.lang.reflect.Method.invoke(Native Method)
10-31 08:04:05.922 E/EnhancedSubtitleVM( 3138): 	at com.android.internal.os.ZygoteInit$MethodAndArgsCaller.run(ZygoteInit.java:726)
10-31 08:04:05.922 E/EnhancedSubtitleVM( 3138): 	at com.android.internal.os.ZygoteInit.main(ZygoteInit.java:616)
10-31 08:06:58.890 D/EnhancedSubtitleOverlay( 3138): DictionaryDialog dismissed
10-31 08:06:58.890 D/EnhancedSubtitleVM( 3138): selectWord: word='null', currentSelectedWord=acts
10-31 08:06:58.890 D/EnhancedSubtitleVM( 3138): selectWord: _selectedWord set to 'null'
10-31 08:06:58.890 D/EnhancedSubtitleVM( 3138): selectWord: word is null, clearing dictionary
10-31 08:06:58.925 D/EGL_emulation( 3138): eglMakeCurrent: 0xaa39fa80: ver 2 0 (tinfo 0xaf782db0)
10-31 08:06:58.926 E/Surface ( 3138): getSlotFromBufferLocked: unknown buffer: 0x860df960
10-31 08:06:58.933 D/EnhancedSubtitleOverlay( 3138): selectedWord changed: selectedWord='null', isLoadingDictionary=false
10-31 08:06:58.933 D/EnhancedSubtitleOverlay( 3138): selectedWord is null but isInWordNavMode=true, DictionaryDialog not displayed
10-31 08:06:58.977 D/hwcomposer( 1272): hw_composer sent 1089 syncs in 207s
10-31 08:06:59.589 D/EGL_emulation( 3138): eglMakeCurrent: 0xaa39fa80: ver 2 0 (tinfo 0xaf782db0)
10-31 08:06:59.596 W/DefaultAudioSink( 3138): Spurious audio timestamp (system clock mismatch): 15157, 326585419, 509609438, 346074, 30720, 28977
10-31 08:07:00.643 D/        ( 3138): HostConnection::get() New Host Connection established 0x91a52c00, tid 4622
10-31 08:07:00.652 D/EGL_emulation( 3138): eglCreateContext: 0x91a539c0: maj 2 min 0 rcv 2
10-31 08:07:00.685 D/EGL_emulation( 3138): eglMakeCurrent: 0x91a539c0: ver 2 0 (tinfo 0x8eefca30)
10-31 08:07:00.688 I/MediaCodec( 3138): [OMX.google.h264.decoder] setting surface generation to 3213314
10-31 08:07:00.693 D/StashExoPlayer( 3138): releasePlayer
10-31 08:07:00.694 I/ExoPlayerImpl( 3138): Release d6c1e93 [AndroidXMedia3/1.8.0] [generic_x86, sdk_google_atv_x86, unknown, 23] [media3.common, media3.exoplayer, media3.decoder, media3.datasource.okhttp, media3.datasource, media3.extractor]
10-31 08:07:00.718 W/StashExoPlayer( 3138): Listener was not added previously: com.github.damontecres.stashapp.playback.TrackActivityPlaybackListener@45700e60
10-31 08:07:00.848 I/ServerPreferences( 3138): updatePreferences for server version v0.29.1
10-31 08:07:01.392 I/ServerPreferences( 3138): updatePreferences for server version v0.29.1
10-31 08:07:02.583 D/StashExoPlayer( 3138): createInstance
10-31 08:07:02.584 I/ExoPlayerImpl( 3138): Init 75300e6 [AndroidXMedia3/1.8.0] [generic_x86, sdk_google_atv_x86, unknown, 23]
10-31 08:07:02.675 I/OMXClient( 3138): Using client-side OMX mux.
10-31 08:07:02.677 D/SoftAVCDec( 3138): Number of CPU cores: 4
10-31 08:07:02.679 I/MediaCodec( 3138): [OMX.google.h264.decoder] setting surface generation to 3213315
10-31 08:07:02.679 W/OMXNodeInstance( 3138): [1:google.h264.decoder] component does not support metadata mode; using fallback
10-31 08:07:02.679 E/ACodec  ( 3138): [OMX.google.h264.decoder] storeMetaDataInBuffers failed w/ err -1010
10-31 08:07:02.681 D/SoftAVCDec( 3138): Number of CPU cores: 4
10-31 08:07:02.681 E/OMXNodeInstance( 3138): setConfig(1:google.h264.decoder, ConfigPriority(0x6f800002)) ERROR: Undefined(0x80001001)
10-31 08:07:02.681 I/ACodec  ( 3138): codec does not support config priority (err -2147483648)
10-31 08:07:02.731 D/gralloc_ranchu( 1272): gralloc_alloc: Creating ashmem region of size 348160
10-31 08:07:02.772 D/        ( 3138): HostConnection::get() New Host Connection established 0x91a52580, tid 4631
10-31 08:07:02.842 D/gralloc_ranchu( 1272): gralloc_alloc: Creating ashmem region of size 348160
10-31 08:07:02.870 D/gralloc_ranchu( 1272): gralloc_alloc: Creating ashmem region of size 348160
10-31 08:07:05.140 W/audio_hw_generic( 1684): Not supplying enough data to HAL, expected position 1731072 , only wrote 1488572
10-31 08:07:05.875 D/        ( 3138): HostConnection::get() New Host Connection established 0x91a52040, tid 4846
10-31 08:07:05.883 D/EGL_emulation( 3138): eglCreateContext: 0x91a54440: maj 2 min 0 rcv 2
10-31 08:07:05.900 D/EGL_emulation( 3138): eglMakeCurrent: 0x91a54440: ver 2 0 (tinfo 0x8eefcb10)
10-31 08:07:05.902 I/MediaCodec( 3138): [OMX.google.h264.decoder] setting surface generation to 3213316
10-31 08:07:07.237 W/AudioTrack( 1881): AUDIO_OUTPUT_FLAG_FAST denied by client; transfer 4, track 48000 Hz, output 44100 Hz
10-31 08:07:07.976 D/AudioFlinger( 1684): mixer(0xb4380000) throttle end: throttle time(2)
10-31 08:07:08.121 W/AudioTrack( 1881): AUDIO_OUTPUT_FLAG_FAST denied by client; transfer 4, track 48000 Hz, output 44100 Hz
10-31 08:07:08.525 D/AudioFlinger( 1684): mixer(0xb4380000) throttle end: throttle time(11)
10-31 08:07:09.305 W/audio_hw_generic( 1684): Not supplying enough data to HAL, expected position 1578494 , only wrote 1578468
10-31 08:07:09.305 W/audio_hw_generic( 1684): Not supplying enough data to HAL, expected position 1578470 , only wrote 1578468
10-31 08:07:09.310 W/AudioTrack( 1881): AUDIO_OUTPUT_FLAG_FAST denied by client; transfer 4, track 48000 Hz, output 44100 Hz
10-31 08:07:09.324 W/audio_hw_generic( 1684): Not supplying enough data to HAL, expected position 1579294 , only wrote 1579129
10-31 08:07:09.340 W/audio_hw_generic( 1684): Not supplying enough data to HAL, expected position 1579849 , only wrote 1579790
10-31 08:07:09.367 I/ServerPreferences( 3138): updatePreferences for server version v0.29.1
10-31 08:07:09.532 D/AudioFlinger( 1684): mixer(0xb4380000) throttle end: throttle time(1)
10-31 08:07:12.864 W/audio_hw_generic( 1684): Not supplying enough data to HAL, expected position 1889922 , only wrote 1735125
10-31 08:07:15.224 I/ServerPreferences( 3138): updatePreferences for server version v0.29.1
10-31 08:07:15.564 D/AndroidRuntime( 4857): >>>>>> START com.android.internal.os.RuntimeInit uid 0 <<<<<<
10-31 08:07:15.565 D/AndroidRuntime( 4857): CheckJNI is OFF
10-31 08:07:15.571 D/ICU     ( 4857): No timezone override file found: /data/misc/zoneinfo/current/icu/icu_tzdata.dat
10-31 08:07:15.580 E/memtrack( 4857): Couldn't load memtrack module (No such file or directory)
10-31 08:07:15.580 E/android.os.Debug( 4857): failed to load memtrack module: -2
10-31 08:07:15.580 I/Radio-JNI( 4857): register_android_hardware_Radio DONE
10-31 08:07:15.584 D/AndroidRuntime( 4857): Calling main entry com.android.commands.pm.Pm
10-31 08:07:15.593 D/DefContainer( 3053): Copying /data/local/tmp/StashAppAndroidTV-debug-0.6.12-19-gb109ee5c-74.apk to base.apk
10-31 08:07:16.044 I/PackageManager.DexOptimizer( 1881): Running dexopt (dex2oat) on: /data/app/vmdl1017527665.tmp/base.apk pkg=com.github.damontecres.stashapp isa=x86 vmSafeMode=false debuggable=true oatDir = /data/app/vmdl1017527665.tmp/oat
10-31 08:07:16.050 W/dex2oat ( 4866): Unexpected CPU variant for X86 using defaults: x86
10-31 08:07:16.050 W/dex2oat ( 4866): Mismatch between dex2oat instruction set features (ISA: X86 Feature string: smp,-ssse3,-sse4.1,-sse4.2,-avx,-avx2) and those of dex2oat executable (ISA: X86 Feature string: smp,ssse3,-sse4.1,-sse4.2,-avx,-avx2) for the command line:
10-31 08:07:16.050 W/dex2oat ( 4866): /system/bin/dex2oat --zip-fd=6 --zip-location=base.apk --oat-fd=7 --oat-location=/data/app/vmdl1017527665.tmp/oat/x86/base.odex --instruction-set=x86 --instruction-set-variant=x86 --instruction-set-features=default --runtime-arg -Xms64m --runtime-arg -Xmx512m --swap-fd=8 --debuggable
10-31 08:07:16.050 I/dex2oat ( 4866): /system/bin/dex2oat --debuggable
10-31 08:07:16.051 E/cutils-trace( 4866): Error opening trace file: Permission denied (13)
10-31 08:07:16.466 I/ServerPreferences( 3138): updatePreferences for server version v0.29.1
10-31 08:07:16.810 I/dex2oat ( 4866): Large app, accepted running with swap.
10-31 08:07:16.825 W/dex2oat ( 4866): Before Android 4.1, method int androidx.appcompat.widget.DropDownListView.lookForSelectablePosition(int, boolean) would have incorrectly overridden the package-private method in android.widget.ListView
10-31 08:07:16.826 W/dex2oat ( 4866): Before Android 4.1, method int androidx.appcompat.widget.MenuPopupWindow$MenuDropDownListView.lookForSelectablePosition(int, boolean) would have incorrectly overridden the package-private method in android.widget.ListView
10-31 08:07:17.133 W/UpdateChecker( 3138): Update check failed: 
10-31 08:07:17.202 W/dex2oat ( 4866): Before Android 4.1, method android.graphics.PorterDuffColorFilter androidx.vectordrawable.graphics.drawable.VectorDrawableCompat.updateTintFilter(android.graphics.PorterDuffColorFilter, android.content.res.ColorStateList, android.graphics.PorterDuff$Mode) would have incorrectly overridden the package-private method in android.graphics.drawable.Drawable
10-31 08:07:17.272 W/dex2oat ( 4866): Before Android 4.1, method android.graphics.drawable.Drawable com.google.android.material.progressindicator.BaseProgressIndicator.getCurrentDrawable() would have incorrectly overridden the package-private method in android.widget.ProgressBar
10-31 08:07:17.498 D/AudioFlinger( 1684): mixer(0xb4380000) throttle end: throttle time(11)
10-31 08:07:20.616 W/audio_hw_generic( 1684): Not supplying enough data to HAL, expected position 2098763 , only wrote 1917561
10-31 08:07:28.709 I/dex2oat ( 4866): dex2oat took 12.659s (threads: 4) arena alloc=2MB java alloc=40MB native alloc=85MB free=5MB swap=160MB
10-31 08:07:34.386 I/ActivityManager( 1881): Force stopping com.github.damontecres.stashapp appid=10040 user=-1: uninstall pkg
10-31 08:07:34.387 I/ActivityManager( 1881): Killing 3138:com.github.damontecres.stashapp/u0a40 (adj 0): stop com.github.damontecres.stashapp
10-31 08:07:34.393 W/InputDispatcher( 1881): channel 'b562d05 com.github.damontecres.stashapp/com.github.damontecres.stashapp.RootActivity (server)' ~ Consumer closed input channel or an error occurred.  events=0x9
10-31 08:07:34.393 E/InputDispatcher( 1881): channel 'b562d05 com.github.damontecres.stashapp/com.github.damontecres.stashapp.RootActivity (server)' ~ Channel is unrecoverably broken and will be disposed!
10-31 08:07:34.397 I/PackageManager( 1881): Package com.github.damontecres.stashapp codePath changed from /data/app/com.github.damontecres.stashapp-2 to /data/app/com.github.damontecres.stashapp-1; Retaining data and using new
10-31 08:07:34.397 W/PackageManager( 1881): Package com.github.damontecres.stashapp desires unavailable shared library androidx.window.extensions; ignoring!
10-31 08:07:34.397 W/PackageManager( 1881): Package com.github.damontecres.stashapp desires unavailable shared library androidx.window.sidecar; ignoring!
10-31 08:07:34.398 W/PackageManager( 1881): Code path for com.github.damontecres.stashapp changing from /data/app/com.github.damontecres.stashapp-2 to /data/app/com.github.damontecres.stashapp-1
10-31 08:07:34.398 W/PackageManager( 1881): Resource path for com.github.damontecres.stashapp changing from /data/app/com.github.damontecres.stashapp-2 to /data/app/com.github.damontecres.stashapp-1
10-31 08:07:34.399 D/GraphicsStats( 1881): Buffer count: 3
10-31 08:07:34.399 I/WindowState( 1881): WIN DEATH: Window{b562d05 u0 com.github.damontecres.stashapp/com.github.damontecres.stashapp.RootActivity}
10-31 08:07:34.399 W/InputDispatcher( 1881): Attempted to unregister already unregistered input channel 'b562d05 com.github.damontecres.stashapp/com.github.damontecres.stashapp.RootActivity (server)'
10-31 08:07:34.406 W/PackageManager( 1881): Unknown permission android.permission.POST_NOTIFICATIONS in package com.github.damontecres.stashapp
10-31 08:07:34.439 W/ActivityManager( 1881): Force removing ActivityRecord{2d39923 u0 com.github.damontecres.stashapp/.RootActivity t3}: app died, no saved state
10-31 08:07:34.442 I/ActivityManager( 1881): Force stopping com.github.damontecres.stashapp appid=10040 user=-1: replace pkg
10-31 08:07:34.443 W/ActivityManager( 1881): Spurious death for ProcessRecord{a77630d 0:com.github.damontecres.stashapp/u0a40}, curProc for 3138: null
10-31 08:07:34.445 W/Settings( 1881): Setting install_non_market_apps has moved from android.provider.Settings.Global to android.provider.Settings.Secure, returning read-only value.
10-31 08:07:34.446 I/art     ( 1881): Starting a blocking GC Explicit
10-31 08:07:34.454 I/art     ( 1881): Explicit concurrent mark sweep GC freed 68234(3MB) AllocSpace objects, 6(848KB) LOS objects, 33% free, 5MB/7MB, paused 245us total 8.607ms
10-31 08:07:34.470 D/LeanbackLauncher( 2298): onStart: visibleBehindState = false
10-31 08:07:34.470 D/ViewRootImpl( 2298): changeCanvasOpacity: opaque=true
10-31 08:07:34.470 D/LeanbackLauncher( 2298): Launcher overlay shy mode set to: true
10-31 08:07:34.472 D/LeanbackLauncher( 2298): onResume
10-31 08:07:34.481 D/EGL_emulation( 2133): eglMakeCurrent: 0xaa39f540: ver 2 0 (tinfo 0xaf782380)
10-31 08:07:34.481 D/EGL_emulation( 2298): eglMakeCurrent: 0xaa39f120: ver 2 0 (tinfo 0xaf782760)
10-31 08:07:34.481 W/PackageManager( 1881): Couldn't remove dex file for package:  at location /data/app/com.github.damontecres.stashapp-2/base.apk, retcode=-1
10-31 08:07:34.482 I/ActivityManager( 1881): Force stopping com.github.damontecres.stashapp appid=10040 user=0: pkg removed
10-31 08:07:34.483 I/art     ( 4857): System.exit called, status: 0
10-31 08:07:34.483 I/AndroidRuntime( 4857): VM exiting with result code 0.
10-31 08:07:34.492 D/JobSchedulerService( 1881): Receieved: android.intent.action.PACKAGE_REMOVED
10-31 08:07:34.495 D/EGL_emulation( 2133): eglMakeCurrent: 0xaa39f540: ver 2 0 (tinfo 0xaf782380)
10-31 08:07:34.496 I/InputReader( 1881): Reconfiguring input devices.  changes=0x00000010
10-31 08:07:34.497 E/Surface ( 2133): getSlotFromBufferLocked: unknown buffer: 0xb40fcee0
10-31 08:07:34.506 W/InputMethodManagerService( 1881): Got RemoteException sending setActive(false) notification to pid 3138 uid 10040
10-31 08:07:34.519 W/Searchables( 1881): No web search activity found
10-31 08:07:34.520 W/Searchables( 1881): No web search activity found
10-31 08:07:34.521 W/ContextImpl( 3102): Calling a method in the system process without a qualified user: android.app.ContextImpl.startService:1221 android.content.ContextWrapper.startService:581 android.content.ContextWrapper.startService:581 com.android.keychain.KeyChainBroadcastReceiver.onReceive:12 android.app.ActivityThread.handleReceiver:2725 
10-31 08:07:34.523 I/AccountManagerService( 1881): getTypesVisibleToCaller: isPermitted? true
10-31 08:07:34.549 E/Icing   ( 2622): Couldn't handle android.intent.action.PACKAGE_REMOVED intent due to initialization failure.
10-31 08:07:34.555 I/Auth    ( 2622): [SupervisedAccountIntentOperation] onHandleIntent(): android.intent.action.PACKAGE_ADDED
10-31 08:07:34.557 I/ChromeSync( 2622): [Sync,SyncIntentOperation] Handling the intent: Intent { act=android.intent.action.PACKAGE_ADDED dat=package:com.github.damontecres.stashapp flg=0x4000010 cmp=com.google.android.gms/.chimera.GmsIntentOperationService (has extras) }.
10-31 08:07:34.629 I/AccountManagerService( 1881): getTypesVisibleToCaller: isPermitted? true
10-31 08:07:34.632 I/ChromeSync( 2622): [Persistence,AffiliationManager] One of affiliation or grouping data for android://h8VNb77fqoMuX4XNEKQQFT99Gti5wL2HvarteuxXgkKbU6F8RefSCu6vx-si019UmOINz4NFuypaPWUOA1XRaQ==@com.github.damontecres.stashapp/ was not found. Marking affiliation data as stale...
10-31 08:07:34.636 E/Icing   ( 2622): Couldn't handle android.intent.action.PACKAGE_ADDED intent due to initialization failure.
10-31 08:07:34.638 W/ActivityManager( 1881): Unable to start service Intent { act=com.google.android.gms.auth.key.retrieval.service.START pkg=com.google.android.gms } U=0: not found
10-31 08:07:34.646 I/AccountManagerService( 1881): getTypesVisibleToCaller: isPermitted? true
10-31 08:07:34.650 W/ActivityManager( 1881): Unbind failed: could not find connection for android.os.BinderProxy@748bc34
10-31 08:07:34.650 E/GmsClient( 2622): unable to connect to service: com.google.android.gms.auth.key.retrieval.service.START on com.google.android.gms
10-31 08:07:34.672 E/Icing   ( 2622): Couldn't handle android.intent.action.PACKAGE_REPLACED intent due to initialization failure.
10-31 08:07:34.689 W/Icing   ( 2622): IndexManager failed to initialize. AppIndex.API is unavailable.
10-31 08:07:34.692 E/art     ( 2622): invalid stream - problem with parameter iterator in /system/priv-app/PrebuiltGmsCorePano/PrebuiltGmsCorePano.apk for method void jcw.a(com.google.android.gms.common.ConnectionResult)
10-31 08:07:34.692 E/art     ( 2622): invalid stream - problem with parameter iterator in /system/priv-app/PrebuiltGmsCorePano/PrebuiltGmsCorePano.apk for method void jbm.a(java.lang.Object)
10-31 08:07:34.692 W/GmscoreIpa( 2622): Apps indexing failed. [CONTEXT service_id=255 ]
10-31 08:07:34.692 W/GmscoreIpa( 2622): aqzb: API: AppIndexing.API is not available on this device. Connection failed with: ConnectionResult{statusCode=API_UNAVAILABLE, resolution=null, message=null}
10-31 08:07:34.692 W/GmscoreIpa( 2622): 	at aqzf.a(:com.google.android.gms@202414084@20.24.14 (080706-319035315):2)
10-31 08:07:34.692 W/GmscoreIpa( 2622): 	at ilj.a(:com.google.android.gms@202414084@20.24.14 (080706-319035315):1)
10-31 08:07:34.692 W/GmscoreIpa( 2622): 	at iny.a(:com.google.android.gms@202414084@20.24.14 (080706-319035315):8)
10-31 08:07:34.692 W/GmscoreIpa( 2622): 	at iny.a(:com.google.android.gms@202414084@20.24.14 (080706-319035315):60)
10-31 08:07:34.692 W/GmscoreIpa( 2622): 	at iny.a(:com.google.android.gms@202414084@20.24.14 (080706-319035315):54)
10-31 08:07:34.692 W/GmscoreIpa( 2622): 	at iny.a(:com.google.android.gms@202414084@20.24.14 (080706-319035315):23)
10-31 08:07:34.692 W/GmscoreIpa( 2622): 	at jcw.a(:com.google.android.gms@202414084@20.24.14 (080706-319035315))
10-31 08:07:34.692 W/GmscoreIpa( 2622): 	at jbv.a(:com.google.android.gms@202414084@20.24.14 (080706-319035315):1)
10-31 08:07:34.692 W/GmscoreIpa( 2622): 	at jbm.a(:com.google.android.gms@202414084@20.24.14 (080706-319035315))
10-31 08:07:34.692 W/GmscoreIpa( 2622): 	at jbp.handleMessage(:com.google.android.gms@202414084@20.24.14 (080706-319035315):28)
10-31 08:07:34.692 W/GmscoreIpa( 2622): 	at android.os.Handler.dispatchMessage(Handler.java:102)
10-31 08:07:34.692 W/GmscoreIpa( 2622): 	at rkb.a(:com.google.android.gms@202414084@20.24.14 (080706-319035315):12)
10-31 08:07:34.692 W/GmscoreIpa( 2622): 	at rkb.dispatchMessage(:com.google.android.gms@202414084@20.24.14 (080706-319035315):14)
10-31 08:07:34.692 W/GmscoreIpa( 2622): 	at android.os.Looper.loop(Looper.java:148)
10-31 08:07:34.692 W/GmscoreIpa( 2622): 	at android.os.HandlerThread.run(HandlerThread.java:61)
10-31 08:07:34.695 I/Icing   ( 2622): IndexChimeraService.getServiceInterface callingPackage=com.google.android.gms componentName=AppsCorpus serviceId=36
10-31 08:07:34.695 W/Icing   ( 2622): IndexManager failed to initialize. SearchIndex.API is unavailable.
10-31 08:07:34.705 W/Icing   ( 2622): IndexManager failed to initialize. AppIndex.API is unavailable.
10-31 08:07:34.705 W/IcingInternalCorpora( 2622): Couldn't fetch status for corpus apps
10-31 08:07:34.705 E/art     ( 2622): invalid stream - problem with parameter iterator in /system/priv-app/PrebuiltGmsCorePano/PrebuiltGmsCorePano.apk for method void jcw.a(com.google.android.gms.common.ConnectionResult)
10-31 08:07:34.706 E/art     ( 2622): invalid stream - problem with parameter iterator in /system/priv-app/PrebuiltGmsCorePano/PrebuiltGmsCorePano.apk for method void jbm.a(java.lang.Object)
10-31 08:07:34.706 W/GmscoreIpa( 2622): Apps indexing failed. [CONTEXT service_id=255 ]
10-31 08:07:34.706 W/GmscoreIpa( 2622): aqzb: API: AppIndexing.API is not available on this device. Connection failed with: ConnectionResult{statusCode=API_UNAVAILABLE, resolution=null, message=null}
10-31 08:07:34.706 W/GmscoreIpa( 2622): 	at aqzf.a(:com.google.android.gms@202414084@20.24.14 (080706-319035315):2)
10-31 08:07:34.706 W/GmscoreIpa( 2622): 	at ilj.a(:com.google.android.gms@202414084@20.24.14 (080706-319035315):1)
10-31 08:07:34.706 W/GmscoreIpa( 2622): 	at iny.a(:com.google.android.gms@202414084@20.24.14 (080706-319035315):8)
10-31 08:07:34.706 W/GmscoreIpa( 2622): 	at iny.a(:com.google.android.gms@202414084@20.24.14 (080706-319035315):60)
10-31 08:07:34.706 W/GmscoreIpa( 2622): 	at iny.a(:com.google.android.gms@202414084@20.24.14 (080706-319035315):54)
10-31 08:07:34.706 W/GmscoreIpa( 2622): 	at iny.a(:com.google.android.gms@202414084@20.24.14 (080706-319035315):23)
10-31 08:07:34.706 W/GmscoreIpa( 2622): 	at jcw.a(:com.google.android.gms@202414084@20.24.14 (080706-319035315))
10-31 08:07:34.706 W/GmscoreIpa( 2622): 	at jbv.a(:com.google.android.gms@202414084@20.24.14 (080706-319035315):1)
10-31 08:07:34.706 W/GmscoreIpa( 2622): 	at jbm.a(:com.google.android.gms@202414084@20.24.14 (080706-319035315))
10-31 08:07:34.706 W/GmscoreIpa( 2622): 	at jbp.handleMessage(:com.google.android.gms@202414084@20.24.14 (080706-319035315):28)
10-31 08:07:34.706 W/GmscoreIpa( 2622): 	at android.os.Handler.dispatchMessage(Handler.java:102)
10-31 08:07:34.706 W/GmscoreIpa( 2622): 	at rkb.a(:com.google.android.gms@202414084@20.24.14 (080706-319035315):12)
10-31 08:07:34.706 W/GmscoreIpa( 2622): 	at rkb.dispatchMessage(:com.google.android.gms@202414084@20.24.14 (080706-319035315):14)
10-31 08:07:34.706 W/GmscoreIpa( 2622): 	at android.os.Looper.loop(Looper.java:148)
10-31 08:07:34.706 W/GmscoreIpa( 2622): 	at android.os.HandlerThread.run(HandlerThread.java:61)
10-31 08:07:34.735 I/Icing   ( 2622): IndexChimeraService.getServiceInterface callingPackage=com.google.android.gms componentName=AppsCorpus serviceId=36
10-31 08:07:34.735 W/Icing   ( 2622): IndexManager failed to initialize. SearchIndex.API is unavailable.
10-31 08:07:34.736 W/IcingInternalCorpora( 2622): Couldn't fetch status for corpus apps
10-31 08:07:35.098 D/gralloc_ranchu( 1272): gralloc_alloc: Creating ashmem region of size 8294400
10-31 08:07:37.003 D/AndroidRuntime( 4899): >>>>>> START com.android.internal.os.RuntimeInit uid 0 <<<<<<
10-31 08:07:37.004 D/AndroidRuntime( 4899): CheckJNI is OFF
10-31 08:07:37.011 D/ICU     ( 4899): No timezone override file found: /data/misc/zoneinfo/current/icu/icu_tzdata.dat
10-31 08:07:37.023 E/memtrack( 4899): Couldn't load memtrack module (No such file or directory)
10-31 08:07:37.023 E/android.os.Debug( 4899): failed to load memtrack module: -2
10-31 08:07:37.024 I/Radio-JNI( 4899): register_android_hardware_Radio DONE
10-31 08:07:37.028 D/AndroidRuntime( 4899): Calling main entry com.android.commands.am.Am
10-31 08:07:37.031 I/ActivityManager( 1881): START u0 {flg=0x10000000 cmp=com.github.damontecres.stashapp/.MainActivity} from uid 0 on display 0
10-31 08:07:37.032 D/AndroidRuntime( 4899): Shutting down VM
10-31 08:07:39.998 I/AccountManagerService( 1881): getTypesVisibleToCaller: isPermitted? true
10-31 08:07:40.793 D/AndroidRuntime( 4914): >>>>>> START com.android.internal.os.RuntimeInit uid 0 <<<<<<
10-31 08:07:40.794 D/AndroidRuntime( 4914): CheckJNI is OFF
10-31 08:07:40.801 D/ICU     ( 4914): No timezone override file found: /data/misc/zoneinfo/current/icu/icu_tzdata.dat
10-31 08:07:40.812 E/memtrack( 4914): Couldn't load memtrack module (No such file or directory)
10-31 08:07:40.812 E/android.os.Debug( 4914): failed to load memtrack module: -2
10-31 08:07:40.813 I/Radio-JNI( 4914): register_android_hardware_Radio DONE
10-31 08:07:40.817 D/AndroidRuntime( 4914): Calling main entry com.android.commands.monkey.Monkey
10-31 08:07:40.829 I/ActivityManager( 1881): START u0 {act=android.intent.action.MAIN cat=[android.intent.category.LAUNCHER] flg=0x10200000 cmp=com.github.damontecres.stashapp/.RootActivity} from uid 0 on display 0
10-31 08:07:40.832 D/LeanbackLauncher( 2298): onPause
10-31 08:07:40.836 I/art     ( 4923): Late-enabling -Xcheck:jni
10-31 08:07:40.857 I/ActivityManager( 1881): Start proc 4923:com.github.damontecres.stashapp/u0a40 for activity com.github.damontecres.stashapp/.RootActivity
10-31 08:07:40.858 D/gralloc_ranchu( 1272): gralloc_alloc: Creating ashmem region of size 8294400
10-31 08:07:40.869 I/art     ( 4914): System.exit called, status: 0
10-31 08:07:40.869 I/AndroidRuntime( 4914): VM exiting with result code 0.
10-31 08:07:40.895 D/EGL_emulation( 2298): eglMakeCurrent: 0xaa39f120: ver 2 0 (tinfo 0xaf782760)
10-31 08:07:40.896 E/Surface ( 2298): getSlotFromBufferLocked: unknown buffer: 0xb40fc440
10-31 08:07:40.934 I/ACRA    ( 4923): ACRA is enabled for com.github.damontecres.stashapp, initializing...
10-31 08:07:41.023 D/AppCompatDelegate( 4923): Checking for metadata for AppLocalesMetadataHolderService : Service not found
10-31 08:07:41.034 W/art     ( 4923): Before Android 4.1, method android.graphics.PorterDuffColorFilter androidx.vectordrawable.graphics.drawable.VectorDrawableCompat.updateTintFilter(android.graphics.PorterDuffColorFilter, android.content.res.ColorStateList, android.graphics.PorterDuff$Mode) would have incorrectly overridden the package-private method in android.graphics.drawable.Drawable
10-31 08:07:41.048 I/RootActivity( 4923): Server configured
10-31 08:07:41.078 E/SurfaceFlinger( 1272): ro.sf.lcd_density must be defined as a build property
10-31 08:07:41.079 D/OpenGLRenderer( 4923): Use EGL_SWAP_BEHAVIOR_PRESERVED: true
10-31 08:07:41.082 D/        ( 4923): HostConnection::get() New Host Connection established 0xa963a640, tid 4923
10-31 08:07:41.169 D/        ( 4923): HostConnection::get() New Host Connection established 0xa9f3f2c0, tid 4944
10-31 08:07:41.170 I/OpenGLRenderer( 4923): Initialized EGL, version 1.4
10-31 08:07:41.170 W/OpenGLRenderer( 4923): Failed to choose config with EGL_SWAP_BEHAVIOR_PRESERVED, retrying without...
10-31 08:07:41.177 D/EGL_emulation( 4923): eglCreateContext: 0xadc93420: maj 2 min 0 rcv 2
10-31 08:07:41.194 D/EGL_emulation( 4923): eglMakeCurrent: 0xadc93420: ver 2 0 (tinfo 0xadc92900)
10-31 08:07:41.215 D/EGL_emulation( 4923): eglMakeCurrent: 0xadc93420: ver 2 0 (tinfo 0xadc92900)
10-31 08:07:41.226 I/ServerPreferences( 4923): updatePreferences for server version v0.29.1
10-31 08:07:41.287 I/ActivityManager( 1881): Displayed com.github.damontecres.stashapp/.RootActivity: +454ms
10-31 08:07:41.310 I/art     ( 4923): Rejecting re-init on previously-failed class java.lang.Class<androidx.compose.ui.autofill.AutofillCallback>
10-31 08:07:41.310 I/art     ( 4923): Rejecting re-init on previously-failed class java.lang.Class<androidx.compose.ui.autofill.AutofillCallback>
10-31 08:07:41.311 I/art     ( 4923): Rejecting re-init on previously-failed class java.lang.Class<androidx.compose.ui.autofill.AutofillCallback>
10-31 08:07:41.389 I/isTvDevice( 4923): isTvDevice=true
10-31 08:07:41.554 D/MainPage( 4923): 1 front page rows
10-31 08:07:41.654 D/MainPage( 4923): 1 front page rows
10-31 08:07:41.675 I/ServerPreferences( 4923): updatePreferences for server version v0.29.1
10-31 08:07:41.684 I/ServerPreferences( 4923): updatePreferences for server version v0.29.1
10-31 08:07:41.687 D/LeanbackLauncher( 2298): onStop
10-31 08:07:41.688 D/ViewRootImpl( 2298): changeCanvasOpacity: opaque=false
10-31 08:07:41.688 D/LeanbackLauncher( 2298): Launcher overlay shy mode set to: false
10-31 08:07:41.688 D/ViewRootImpl( 2298): changeCanvasOpacity: opaque=false
10-31 08:07:42.261 W/UpdateChecker( 4923): Update check failed: 
10-31 08:07:42.318 W/UpdateChecker( 4923): Update check failed: 
10-31 08:07:45.509 W/audio_hw_generic( 1684): Not supplying enough data to HAL, expected position 2232471 , only wrote 2075540
10-31 08:07:56.372 I/art     ( 4923): Debugger is no longer active
10-31 08:08:22.633 I/NetworkScheduler.Stats( 2356): Task com.google.android.gms/com.google.android.gms.auth.account.be.legacy.AuthCronService started execution. cause:4 exec_start_elapsed_seconds: 592 [CONTEXT service_id=218 ]
10-31 08:08:22.677 W/Conscrypt( 2356): Could not set socket write timeout: java.net.SocketException: Socket closed
10-31 08:08:22.677 E/art     ( 2356): invalid stream - problem with parameter iterator in /system/priv-app/PrebuiltGmsCorePano/PrebuiltGmsCorePano.apk:classes2.dex for method void com.google.android.gms.org.conscrypt.ConscryptFileDescriptorSocket.setSoWriteTimeout(int)
10-31 08:08:22.677 W/Conscrypt( 2356): 	at com.google.android.gms.org.conscrypt.Platform.setSocketWriteTimeout(:com.google.android.gms@202414084@20.24.14 (080706-319035315):2)
10-31 08:08:22.677 W/Conscrypt( 2356): 	at com.google.android.gms.org.conscrypt.ConscryptFileDescriptorSocket.setSoWriteTimeout(:com.google.android.gms@202414084@20.24.14 (080706-319035315))
10-31 08:08:22.889 W/Conscrypt( 2356): Could not set socket write timeout: java.net.SocketException: Socket closed
10-31 08:08:22.889 E/art     ( 2356): invalid stream - problem with parameter iterator in /system/priv-app/PrebuiltGmsCorePano/PrebuiltGmsCorePano.apk:classes2.dex for method void com.google.android.gms.org.conscrypt.ConscryptFileDescriptorSocket.setSoWriteTimeout(int)
10-31 08:08:22.889 W/Conscrypt( 2356): 	at com.google.android.gms.org.conscrypt.Platform.setSocketWriteTimeout(:com.google.android.gms@202414084@20.24.14 (080706-319035315):2)
10-31 08:08:22.889 W/Conscrypt( 2356): 	at com.google.android.gms.org.conscrypt.ConscryptFileDescriptorSocket.setSoWriteTimeout(:com.google.android.gms@202414084@20.24.14 (080706-319035315))
10-31 08:08:23.153 E/art     ( 2356): invalid stream - problem with parameter iterator in /system/priv-app/PrebuiltGmsCorePano/PrebuiltGmsCorePano.apk for method java.lang.Object gen.a(get)
10-31 08:08:23.154 W/GLSUser ( 2356): [AppCertManager] Failed to get security token.
10-31 08:08:23.154 W/GLSUser ( 2356): java.io.IOException: Invalid scope
10-31 08:08:23.154 W/GLSUser ( 2356): 	at qqg.a(:com.google.android.gms@202414084@20.24.14 (080706-319035315):46)
10-31 08:08:23.154 W/GLSUser ( 2356): 	at qqg.a(:com.google.android.gms@202414084@20.24.14 (080706-319035315):18)
10-31 08:08:23.154 W/GLSUser ( 2356): 	at geu.a(:com.google.android.gms@202414084@20.24.14 (080706-319035315):17)
10-31 08:08:23.154 W/GLSUser ( 2356): 	at ges.b(:com.google.android.gms@202414084@20.24.14 (080706-319035315):2)
10-31 08:08:23.154 W/GLSUser ( 2356): 	at gen.a(:com.google.android.gms@202414084@20.24.14 (080706-319035315))
10-31 08:08:23.154 W/GLSUser ( 2356): 	at geq.a(:com.google.android.gms@202414084@20.24.14 (080706-319035315):10)
10-31 08:08:23.154 W/GLSUser ( 2356): 	at epi.call(:com.google.android.gms@202414084@20.24.14 (080706-319035315):0)
10-31 08:08:23.154 W/GLSUser ( 2356): 	at java.util.concurrent.FutureTask.run(FutureTask.java:237)
10-31 08:08:23.154 W/GLSUser ( 2356): 	at joa.b(:com.google.android.gms@202414084@20.24.14 (080706-319035315):12)
10-31 08:08:23.154 W/GLSUser ( 2356): 	at joa.run(:com.google.android.gms@202414084@20.24.14 (080706-319035315):7)
10-31 08:08:23.154 W/GLSUser ( 2356): 	at java.util.concurrent.ThreadPoolExecutor.runWorker(ThreadPoolExecutor.java:1113)
10-31 08:08:23.154 W/GLSUser ( 2356): 	at java.util.concurrent.ThreadPoolExecutor$Worker.run(ThreadPoolExecutor.java:588)
10-31 08:08:23.154 W/GLSUser ( 2356): 	at jtw.run(:com.google.android.gms@202414084@20.24.14 (080706-319035315):0)
10-31 08:08:23.154 W/GLSUser ( 2356): 	at java.lang.Thread.run(Thread.java:818)
10-31 08:08:23.161 W/Conscrypt( 2356): Could not set socket write timeout: java.net.SocketException: Socket closed
10-31 08:08:23.161 E/art     ( 2356): invalid stream - problem with parameter iterator in /system/priv-app/PrebuiltGmsCorePano/PrebuiltGmsCorePano.apk:classes2.dex for method void com.google.android.gms.org.conscrypt.ConscryptFileDescriptorSocket.setSoWriteTimeout(int)
10-31 08:08:23.161 E/art     ( 2356): invalid stream - problem with parameter iterator in /system/priv-app/PrebuiltGmsCorePano/PrebuiltGmsCorePano.apk for method java.lang.Object gen.a(get)
10-31 08:08:23.161 W/Conscrypt( 2356): 	at com.google.android.gms.org.conscrypt.Platform.setSocketWriteTimeout(:com.google.android.gms@202414084@20.24.14 (080706-319035315):2)
10-31 08:08:23.161 W/Conscrypt( 2356): 	at com.google.android.gms.org.conscrypt.ConscryptFileDescriptorSocket.setSoWriteTimeout(:com.google.android.gms@202414084@20.24.14 (080706-319035315))
10-31 08:08:23.371 W/Conscrypt( 2356): Could not set socket write timeout: java.net.SocketException: Socket closed
10-31 08:08:23.371 E/art     ( 2356): invalid stream - problem with parameter iterator in /system/priv-app/PrebuiltGmsCorePano/PrebuiltGmsCorePano.apk:classes2.dex for method void com.google.android.gms.org.conscrypt.ConscryptFileDescriptorSocket.setSoWriteTimeout(int)
10-31 08:08:23.371 E/art     ( 2356): invalid stream - problem with parameter iterator in /system/priv-app/PrebuiltGmsCorePano/PrebuiltGmsCorePano.apk for method java.lang.Object gen.a(get)
10-31 08:08:23.371 W/Conscrypt( 2356): 	at com.google.android.gms.org.conscrypt.Platform.setSocketWriteTimeout(:com.google.android.gms@202414084@20.24.14 (080706-319035315):2)
10-31 08:08:23.371 W/Conscrypt( 2356): 	at com.google.android.gms.org.conscrypt.ConscryptFileDescriptorSocket.setSoWriteTimeout(:com.google.android.gms@202414084@20.24.14 (080706-319035315))
10-31 08:08:23.619 E/art     ( 2356): invalid stream - problem with parameter iterator in /system/priv-app/PrebuiltGmsCorePano/PrebuiltGmsCorePano.apk for method java.lang.Object gen.a(get)
10-31 08:08:23.620 W/GLSUser ( 2356): [AppCertManager] IOException while requesting key: 
10-31 08:08:23.620 W/GLSUser ( 2356): java.io.IOException: Invalid device key response.
10-31 08:08:23.620 W/GLSUser ( 2356): 	at geu.a(:com.google.android.gms@202414084@20.24.14 (080706-319035315):49)
10-31 08:08:23.620 W/GLSUser ( 2356): 	at ges.b(:com.google.android.gms@202414084@20.24.14 (080706-319035315):2)
10-31 08:08:23.620 W/GLSUser ( 2356): 	at gen.a(:com.google.android.gms@202414084@20.24.14 (080706-319035315))
10-31 08:08:23.620 W/GLSUser ( 2356): 	at geq.a(:com.google.android.gms@202414084@20.24.14 (080706-319035315):10)
10-31 08:08:23.620 W/GLSUser ( 2356): 	at epi.call(:com.google.android.gms@202414084@20.24.14 (080706-319035315):0)
10-31 08:08:23.620 W/GLSUser ( 2356): 	at java.util.concurrent.FutureTask.run(FutureTask.java:237)
10-31 08:08:23.620 W/GLSUser ( 2356): 	at joa.b(:com.google.android.gms@202414084@20.24.14 (080706-319035315):12)
10-31 08:08:23.620 W/GLSUser ( 2356): 	at joa.run(:com.google.android.gms@202414084@20.24.14 (080706-319035315):7)
10-31 08:08:23.620 W/GLSUser ( 2356): 	at java.util.concurrent.ThreadPoolExecutor.runWorker(ThreadPoolExecutor.java:1113)
10-31 08:08:23.620 W/GLSUser ( 2356): 	at java.util.concurrent.ThreadPoolExecutor$Worker.run(ThreadPoolExecutor.java:588)
10-31 08:08:23.620 W/GLSUser ( 2356): 	at jtw.run(:com.google.android.gms@202414084@20.24.14 (080706-319035315):0)
10-31 08:08:23.620 W/GLSUser ( 2356): 	at java.lang.Thread.run(Thread.java:818)
10-31 08:08:23.622 I/NetworkScheduler.Stats( 2356): Task com.google.android.gms/com.google.android.gms.auth.account.be.legacy.AuthCronService finished executing. cause:4 result: 3 elapsed_millis: 993 uptime_millis: 993 exec_start_elapsed_seconds: 592 [CONTEXT service_id=218 ]
10-31 08:08:25.735 I/ServerPreferences( 4923): updatePreferences for server version v0.29.1
10-31 08:08:25.750 D/hwcomposer( 1272): hw_composer sent 1014 syncs in 87s
10-31 08:08:27.641 D/FilterPageViewModel( 4923): filterArgs=FilterArgs(dataType=SCENE, name=null, override=null, findFilter=StashFindFilter(q=null, sortAndDirection=SortAndDirection(sort=GroupSceneNumber, direction=ASC, randomSeed=-1)), objectFilter=SceneFilterType(groups=HierarchicalMultiCriterionInput(depth=0, excludes=null, modifier=INCLUDES_ALL, value=[2]))), columns=5
10-31 08:08:28.387 D/AudioFlinger( 1684): mixer(0xb4380000) throttle end: throttle time(11)
10-31 08:08:28.457 W/AudioTrack( 1881): AUDIO_OUTPUT_FLAG_FAST denied by client; transfer 4, track 48000 Hz, output 44100 Hz
10-31 08:08:28.550 I/ServerPreferences( 4923): updatePreferences for server version v0.29.1
10-31 08:08:29.168 D/SceneDetails( 4923): focused on 0
10-31 08:08:29.174 D/SceneDetails( 4923): Setting focusPair on 0
10-31 08:08:29.235 W/audio_hw_generic( 1684): Not supplying enough data to HAL, expected position 2232201 , only wrote 2232197
10-31 08:08:30.238 D/PlaybackPage( 4923): scene=null
10-31 08:08:30.263 I/ServerPreferences( 4923): updatePreferences for server version v0.29.1
10-31 08:08:30.271 D/PlaybackPage( 4923): scene=291
10-31 08:08:30.273 D/StashExoPlayer( 4923): createInstance
10-31 08:08:30.292 I/ExoPlayerImpl( 4923): Init 8044ed6 [AndroidXMedia3/1.8.0] [generic_x86, sdk_google_atv_x86, unknown, 23]
10-31 08:08:30.329 W/VideoCapabilities( 4923): Unrecognized profile/level 0/0 for video/mpeg2
10-31 08:08:30.329 W/VideoCapabilities( 4923): Unrecognized profile/level 0/2 for video/mpeg2
10-31 08:08:30.329 W/VideoCapabilities( 4923): Unrecognized profile/level 0/3 for video/mpeg2
10-31 08:08:30.336 I/VideoCapabilities( 4923): Unsupported profile 4 for video/mp4v-es
10-31 08:08:30.338 D/StreamUtils( 4923): getStreamDecision: mode=Choose, sceneId=291, videoCodec=h264, videoHeight=1080, audioCodec=aac, format=mp4, alwaysTranscodeAbove=UNSPECIFIED
10-31 08:08:30.338 D/StreamUtils( 4923): alwaysTranscode=null
10-31 08:08:30.363 D/PronunciationService( 4923): Server set: http://192.168.1.111:9999
10-31 08:08:30.367 D/TrackActivityPlaybackListener( 4923): Scheduling for 1000ms
10-31 08:08:30.647 I/OMXClient( 4923): Using client-side OMX mux.
10-31 08:08:30.648 D/SoftAVCDec( 4923): Number of CPU cores: 4
10-31 08:08:30.650 I/MediaCodec( 4923): [OMX.google.h264.decoder] setting surface generation to 5041153
10-31 08:08:30.651 W/OMXNodeInstance( 4923): [1:google.h264.decoder] component does not support metadata mode; using fallback
10-31 08:08:30.651 E/ACodec  ( 4923): [OMX.google.h264.decoder] storeMetaDataInBuffers failed w/ err -1010
10-31 08:08:30.651 D/SoftAVCDec( 4923): Number of CPU cores: 4
10-31 08:08:30.651 E/OMXNodeInstance( 4923): setConfig(1:google.h264.decoder, ConfigPriority(0x6f800002)) ERROR: Undefined(0x80001001)
10-31 08:08:30.651 I/ACodec  ( 4923): codec does not support config priority (err -2147483648)
10-31 08:08:30.656 I/OMXClient( 4923): Using client-side OMX mux.
10-31 08:08:30.659 E/OMXNodeInstance( 4923): setConfig(1:google.aac.decoder, ConfigPriority(0x6f800002)) ERROR: Undefined(0x80001001)
10-31 08:08:30.659 I/ACodec  ( 4923): codec does not support config priority (err -2147483648)
10-31 08:08:30.661 I/SoftAAC2( 4923): limiting to stereo output
10-31 08:08:30.694 I/SoftAAC2( 4923): Reconfiguring decoder: 0->44100 Hz, 0->2 channels
10-31 08:08:31.450 D/gralloc_ranchu( 1272): gralloc_alloc: Creating ashmem region of size 3112960
10-31 08:08:31.455 D/        ( 4923): HostConnection::get() New Host Connection established 0x914283c0, tid 4991
10-31 08:08:31.555 D/AudioFlinger( 1684): mixer(0xb4380000) throttle end: throttle time(4)
10-31 08:08:31.556 D/gralloc_ranchu( 1272): gralloc_alloc: Creating ashmem region of size 3112960
10-31 08:08:31.563 D/gralloc_ranchu( 1272): gralloc_alloc: Creating ashmem region of size 3112960
10-31 08:08:32.158 W/audio_hw_generic( 1684): Not supplying enough data to HAL, expected position 2361093 , only wrote 2361092
10-31 08:08:32.173 W/audio_hw_generic( 1684): Not supplying enough data to HAL, expected position 2361783 , only wrote 2361753
10-31 08:08:32.187 D/AudioFlinger( 1684): mixer(0xb4380000) throttle end: throttle time(10)
10-31 08:08:32.384 D/AudioFlinger( 1684): mixer(0xb4380000) throttle end: throttle time(11)
10-31 08:08:32.480 D/AudioFlinger( 1684): mixer(0xb4380000) throttle end: throttle time(9)
10-31 08:08:32.716 D/EnhancedSubtitleOverlay( 4923): selectedWord changed: selectedWord='null', isLoadingDictionary=false
10-31 08:08:34.468 D/EnhancedSubtitleVM( 4923): navigateToPreviousWord: entering word nav mode, index=17
