--------- beginning of main
10-31 08:03:16.007 V/QueryEngine( 3138): executeQuery 5 FindGroups successful
10-31 08:03:16.425 W/AudioTrack( 1881): AUDIO_OUTPUT_FLAG_FAST denied by client; transfer 4, track 48000 Hz, output 44100 Hz
10-31 08:03:16.571 D/AudioFlinger( 1684): mixer(0xb4380000) throttle end: throttle time(3)
10-31 08:03:20.070 W/audio_hw_generic( 1684): Not supplying enough data to HAL, expected position 316253 , only wrote 158640
10-31 08:03:27.872 I/art     ( 3138): Debugger is no longer active
10-31 08:03:28.002 V/QueryEngine( 3138): executeQuery 7 Configuration
10-31 08:03:28.002 V/RootActivity( 3138): Showing system bars for Item(dataType=GROUP, id=2)
10-31 08:03:28.003 V/QueryEngine( 3138): executeQuery 8 FindGroup
10-31 08:03:28.016 V/QueryEngine( 3138): executeQuery 8 FindGroup successful
10-31 08:03:28.020 V/QueryEngine( 3138): executeQuery 7 Configuration successful
10-31 08:03:28.021 I/ServerPreferences( 3138): updatePreferences for server version v0.29.1
10-31 08:03:28.273 D/FilterPageViewModel( 3138): filterArgs=FilterArgs(dataType=SCENE, name=null, override=null, findFilter=StashFindFilter(q=null, sortAndDirection=SortAndDirection(sort=GroupSceneNumber, direction=ASC, randomSeed=-1)), objectFilter=SceneFilterType(groups=HierarchicalMultiCriterionInput(depth=0, excludes=null, modifier=INCLUDES_ALL, value=[2]))), columns=5
10-31 08:03:28.276 V/QueryEngine( 3138): executeQuery 9 CountScenes
10-31 08:03:28.286 V/QueryEngine( 3138): executeQuery 9 CountScenes successful
10-31 08:03:28.359 V/QueryEngine( 3138): executeQuery 10 FindScenes
10-31 08:03:28.412 V/QueryEngine( 3138): executeQuery 10 FindScenes successful
10-31 08:03:29.382 W/TelecomManager( 1881): Telecom Service not found.
10-31 08:03:29.382 W/TelecomManager( 1881): Telecom Service not found.
10-31 08:03:29.388 I/vol.Events( 2074): writeEvent level_changed STREAM_BLUETOOTH_SCO 12
10-31 08:03:29.390 I/vol.Events( 2074): writeEvent active_stream_changed STREAM_MUSIC
10-31 08:03:29.396 I/vol.Events( 2074): writeEvent level_changed STREAM_MUSIC 12
10-31 08:03:29.397 I/vol.Events( 2074): writeEvent key STREAM_MUSIC 12
10-31 08:03:29.397 I/vol.Events( 2074): writeEvent level_changed STREAM_ALARM 6
10-31 08:03:29.397 I/vol.Events( 2074): writeEvent level_changed STREAM_RING 6
10-31 08:03:29.397 I/vol.Events( 2074): writeEvent level_changed STREAM_SYSTEM 6
10-31 08:03:29.397 I/vol.Events( 2074): writeEvent level_changed STREAM_VOICE_CALL 4
10-31 08:03:29.399 E/SurfaceFlinger( 1272): ro.sf.lcd_density must be defined as a build property
10-31 08:03:29.400 D/OpenGLRenderer( 2074): Use EGL_SWAP_BEHAVIOR_PRESERVED: true
10-31 08:03:29.404 I/vol.Events( 2074): writeEvent show_dialog volume_changed keyguard=false
10-31 08:03:29.441 D/        ( 2074): HostConnection::get() New Host Connection established 0xa9ba0b40, tid 3195
10-31 08:03:29.442 I/OpenGLRenderer( 2074): Initialized EGL, version 1.4
10-31 08:03:29.442 W/OpenGLRenderer( 2074): Failed to choose config with EGL_SWAP_BEHAVIOR_PRESERVED, retrying without...
10-31 08:03:29.454 D/EGL_emulation( 2074): eglCreateContext: 0xadc93a80: maj 2 min 0 rcv 2
10-31 08:03:29.481 D/EGL_emulation( 2074): eglMakeCurrent: 0xadc93a80: ver 2 0 (tinfo 0xadc92710)
10-31 08:03:29.521 D/EGL_emulation( 2074): eglMakeCurrent: 0xadc93a80: ver 2 0 (tinfo 0xadc92710)
10-31 08:03:29.548 W/ResourceType( 1881): Invalid package identifier when getting bag for resource number 0xffffffff
10-31 08:03:29.609 W/TelecomManager( 1881): Telecom Service not found.
10-31 08:03:29.610 W/TelecomManager( 1881): Telecom Service not found.
10-31 08:03:29.615 I/vol.Events( 2074): writeEvent level_changed STREAM_BLUETOOTH_SCO 13
10-31 08:03:29.622 I/vol.Events( 2074): writeEvent level_changed STREAM_MUSIC 13
10-31 08:03:29.622 I/vol.Events( 2074): writeEvent key STREAM_MUSIC 13
10-31 08:03:29.818 W/TelecomManager( 1881): Telecom Service not found.
10-31 08:03:29.818 W/TelecomManager( 1881): Telecom Service not found.
10-31 08:03:29.823 I/vol.Events( 2074): writeEvent level_changed STREAM_BLUETOOTH_SCO 14
10-31 08:03:29.824 I/vol.Events( 2074): writeEvent level_changed STREAM_ALARM 7
10-31 08:03:29.824 I/vol.Events( 2074): writeEvent level_changed STREAM_RING 7
10-31 08:03:29.826 I/vol.Events( 2074): writeEvent level_changed STREAM_SYSTEM 7
10-31 08:03:29.831 I/vol.Events( 2074): writeEvent level_changed STREAM_MUSIC 14
10-31 08:03:29.832 I/vol.Events( 2074): writeEvent key STREAM_MUSIC 14
10-31 08:03:29.832 I/vol.Events( 2074): writeEvent level_changed STREAM_VOICE_CALL 5
10-31 08:03:29.986 W/TelecomManager( 1881): Telecom Service not found.
10-31 08:03:29.986 W/TelecomManager( 1881): Telecom Service not found.
10-31 08:03:29.997 I/vol.Events( 2074): writeEvent level_changed STREAM_MUSIC 15
10-31 08:03:29.997 I/vol.Events( 2074): writeEvent key STREAM_MUSIC 15
10-31 08:03:29.997 I/vol.Events( 2074): writeEvent level_changed STREAM_BLUETOOTH_SCO 15
10-31 08:03:30.193 W/TelecomManager( 1881): Telecom Service not found.
10-31 08:03:30.193 W/TelecomManager( 1881): Telecom Service not found.
10-31 08:03:30.364 W/TelecomManager( 1881): Telecom Service not found.
10-31 08:03:30.364 W/TelecomManager( 1881): Telecom Service not found.
10-31 08:03:31.526 W/audio_hw_generic( 1684): Not supplying enough data to HAL, expected position 472781 , only wrote 316619
10-31 08:03:31.674 I/vol.Events( 2074): writeEvent dismiss_dialog touch_outside
10-31 08:03:31.674 I/vol.Events( 2074): writeEvent active_stream_changed UNKNOWN_STREAM_-1
10-31 08:03:31.711 D/hwcomposer( 1272): hw_composer sent 2216 syncs in 60s
10-31 08:03:32.004 D/EGL_emulation( 2074): eglMakeCurrent: 0xadc93a80: ver 2 0 (tinfo 0xadc92710)
10-31 08:03:32.005 E/Surface ( 2074): getSlotFromBufferLocked: unknown buffer: 0xaa3cab40
10-31 08:03:32.885 W/AudioTrack( 1881): AUDIO_OUTPUT_FLAG_FAST denied by client; transfer 4, track 48000 Hz, output 44100 Hz
10-31 08:03:32.968 V/QueryEngine( 3138): executeQuery 11 Configuration
10-31 08:03:32.968 V/RootActivity( 3138): Showing system bars for Item(dataType=SCENE, id=291)
10-31 08:03:32.969 V/QueryEngine( 3138): executeQuery 12 GetScene
10-31 08:03:32.992 V/QueryEngine( 3138): executeQuery 11 Configuration successful
10-31 08:03:32.992 I/ServerPreferences( 3138): updatePreferences for server version v0.29.1
10-31 08:03:32.995 V/QueryEngine( 3138): executeQuery 12 GetScene successful
10-31 08:03:32.997 V/QueryEngine( 3138): executeQuery 13 FindScenes
10-31 08:03:33.053 V/QueryEngine( 3138): executeQuery 13 FindScenes successful
10-31 08:03:33.073 D/AudioFlinger( 1684): mixer(0xb4380000) throttle end: throttle time(4)
10-31 08:03:33.096 V/RenderScript( 3138): 0x92a3d000 Launching thread(s), CPUs 4
10-31 08:03:33.716 D/SceneDetails( 3138): focused on 0
10-31 08:03:33.724 D/SceneDetails( 3138): Setting focusPair on 0
10-31 08:03:34.052 D/AudioFlinger( 1684): mixer(0xb4380000) throttle end: throttle time(3)
10-31 08:03:34.122 W/audio_hw_generic( 1684): Not supplying enough data to HAL, expected position 387877 , only wrote 387346
10-31 08:03:34.123 W/audio_hw_generic( 1684): Not supplying enough data to HAL, expected position 387349 , only wrote 387346
10-31 08:03:34.156 D/AudioFlinger( 1684): mixer(0xb4380000) throttle end: throttle time(11)
10-31 08:03:34.769 D/PlaybackPage( 3138): scene=null
10-31 08:03:34.785 V/RootActivity( 3138): Hiding system bars for Playback(sceneId=291, position=647617, mode=Choose)
10-31 08:03:34.785 V/QueryEngine( 3138): executeQuery 14 Configuration
10-31 08:03:34.785 V/QueryEngine( 3138): executeQuery 15 GetScene
10-31 08:03:34.799 V/QueryEngine( 3138): executeQuery 15 GetScene successful
10-31 08:03:34.800 V/QueryEngine( 3138): executeQuery 14 Configuration successful
10-31 08:03:34.800 I/ServerPreferences( 3138): updatePreferences for server version v0.29.1
10-31 08:03:34.803 D/PlaybackPage( 3138): scene=291
10-31 08:03:34.805 D/StashExoPlayer( 3138): createInstance
10-31 08:03:34.823 I/ExoPlayerImpl( 3138): Init d6c1e93 [AndroidXMedia3/1.8.0] [generic_x86, sdk_google_atv_x86, unknown, 23]
10-31 08:03:34.848 V/CodecSupport( 3138): Default forced direct: video=[], audio=[ac3, aac, dts, truehd, pcm_alaw, pcm_f32le, pcm_mulaw, pcm_s16be, pcm_s16le, pcm_s24le, pcm_s32le, pcm_s8], containers=[flv, matroska, mov, mp4, mpeg, mpegts, webm]
10-31 08:03:34.854 W/VideoCapabilities( 3138): Unrecognized profile/level 0/0 for video/mpeg2
10-31 08:03:34.854 W/VideoCapabilities( 3138): Unrecognized profile/level 0/2 for video/mpeg2
10-31 08:03:34.854 W/VideoCapabilities( 3138): Unrecognized profile/level 0/3 for video/mpeg2
10-31 08:03:34.857 I/VideoCapabilities( 3138): Unsupported profile 4 for video/mp4v-es
10-31 08:03:34.858 V/CodecSupport( 3138): Supported codecs: video=[mpeg2video, mpeg4, h263, h264, hevc, vp8, vp9], audio=[ac3, aac, dts, truehd, pcm_alaw, pcm_f32le, pcm_mulaw, pcm_s16be, pcm_s16le, pcm_s24le, pcm_s32le, pcm_s8, mp3, vorbis, opus], containers=[flv, matroska, mov, mp4, mpeg, mpegts, webm]
10-31 08:03:34.858 D/StreamUtils( 3138): getStreamDecision: mode=Choose, sceneId=291, videoCodec=h264, videoHeight=1080, audioCodec=aac, format=mp4, alwaysTranscodeAbove=UNSPECIFIED
10-31 08:03:34.859 D/StreamUtils( 3138): alwaysTranscode=null
10-31 08:03:34.859 V/PlaybackSceneFragment( 3138): Video (h264), audio (aac), & container (mp4) supported
10-31 08:03:34.860 V/StreamUtils( 3138): Got 1 subtitle options for scene 291
10-31 08:03:34.888 D/PronunciationService( 3138): Server set: http://192.168.1.111:9999
10-31 08:03:34.893 V/PlaybackPageContent( 3138): Setting up activity tracking scene 291, removing=null
10-31 08:03:34.894 D/TrackActivityPlaybackListener( 3138): Scheduling10-31 08:03:44.320 E/WakeLock( 2356): GCM_HB_ALARM release without a matched acquire!
10-31 08:03:44.320 W/WakeLock( 2356): GCM_HB_ALARM counter does not exist
--------- beginning of system
10-31 08:03:44.324 D/ConnectivityService( 1881): reportNetworkConnectivity(100, false) by 10008
10-31 08:03:44.325 D/NetworkMonitor/NetworkAgentInfo [Ethernet () - 100]( 1881): Forcing reevaluation for UID 10008
10-31 08:03:44.327 E/WakeLock( 2356): GCM_CONN_ALARM release without a matched acquire!
10-31 08:03:44.327 W/WakeLock( 2356): GCM_CONN_ALARM counter does not exist
10-31 08:03:44.346 D/NetworkMonitor/NetworkAgentInfo [Ethernet () - 100]( 1881): Checking http://connectivitycheck.gstatic.com/generate_204 on 52:54:00:12:34:56, connectivitycheck.gstatic.com=198.18.0.81
10-31 08:03:44.408 W/AudioTrack( 3138): retrograde timestamp position corrected, -1156 = 97965 - 99121
10-31 08:03:44.507 D/NetworkMonitor/NetworkAgentInfo [Ethernet () - 100]( 1881): isCaptivePortal: ret=204 headers={null=[HTTP/1.1 204 No Content], Content-Length=[0], Cross-Origin-Resource-Policy=[cross-origin], Date=[Fri, 31 Oct 2025 08:03:44 GMT], X-Android-Received-Millis=[1761897824507], X-Android-Response-Source=[NETWORK 204], X-Android-Selected-Protocol=[http/1.1], X-Android-Sent-Millis=[1761897824348]}
10-31 08:03:44.508 D/ConnectivityService( 1881): setProvNotificationVisibleIntent null visible=false networkType=MOBILE extraInfo=null highPriority=false
10-31 08:03:44.508 D/ConnectivityService( 1881): NetworkAgentInfo [Ethernet () - 100] validation  passed
10-31 08:03:44.578 D/AudioFlinger( 1684): mixer(0xb4380000) throttle end: throttle time(9)
10-31 08:03:46.447 D/AudioFlinger( 1684): mixer(0xb4380000) throttle end: throttle time(2)
10-31 08:03:46.523 D/AudioFlinger( 1684): mixer(0xb4380000) throttle end: throttle time(11)
10-31 08:03:47.487 W/audio_hw_generic( 1684): Not supplying enough data to HAL, expected position 842276 , only wrote 842114
10-31 08:03:47.487 W/audio_hw_generic( 1684): Not supplying enough data to HAL, expected position 842117 , only wrote 842114
10-31 08:03:49.083 D/AudioFlinger( 1684): mixer(0xb4380000) throttle end: throttle time(3)
10-31 08:03:49.339 I/qtaguid ( 2356): Failed write_ctrl(t -1 3458768941931823104 -1) res=-1 errno=9
10-31 08:03:49.339 I/qtaguid ( 2356): Tagging socket -1 with tag 3000040700000000(805307399) for uid -1 failed errno=-9
10-31 08:03:49.339 I/NetworkManagementSocketTagger( 2356): tagSocketFd(-1, 805307399, -1) failed with errno-9
10-31 08:03:49.830 E/WakeLock( 2356): GCM_CONN_ALARM release without a matched acquire!
10-31 08:03:50.749 D/AudioFlinger( 1684): mixer(0xb4380000) throttle end: throttle time(16)
10-31 08:03:50.831 W/audio_hw_generic( 1684): Not supplying enough data to HAL, expected position 989588 , only wrote 989517
10-31 08:03:50.831 W/audio_hw_generic( 1684): Not supplying enough data to HAL, expected position 989519 , only wrote 989517
10-31 08:03:50.846 W/audio_hw_generic( 1684): Not supplying enough data to HAL, expected position 990195 , only wrote 990178
10-31 08:03:52.027 D/AudioFlinger( 1684): mixer(0xb4380000) throttle end: throttle time(3)
10-31 08:03:52.671 D/AudioFlinger( 1684): mixer(0xb4380000) throttle end: throttle time(15)
10-31 08:03:53.214 I/NetworkScheduler.Stats( 2356): Task com.google.android.gms/com.google.android.gms.auth.account.be.legacy.AuthCronService started execution. cause:4 exec_start_elapsed_seconds: 323 [CONTEXT service_id=218 ]
10-31 08:03:53.543 D/EnhancedSubtitleVM( 3138): navigateToPreviousWord: entering word nav mode, index=2
10-31 08:03:53.564 D/EnhancedSubtitleOverlay( 3138): selectedWord is null but isInWordNavMode=true, DictionaryDialog not displayed
10-31 08:03:53.600 E/art     ( 2356): invalid stream - problem with parameter iterator in /system/priv-app/PrebuiltGmsCorePano/PrebuiltGmsCorePano.apk for method java.lang.Object gen.a(get)
10-31 08:03:53.601 W/GLSUser ( 2356): [AppCertManager] Failed to get security token.
10-31 08:03:53.601 W/GLSUser ( 2356): java.io.IOException: Invalid scope
10-31 08:03:53.601 W/GLSUser ( 2356): 	at qqg.a(:com.google.android.gms@202414084@20.24.14 (080706-319035315):46)
10-31 08:03:53.601 W/GLSUser ( 2356): 	at qqg.a(:com.google.android.gms@202414084@20.24.14 (080706-319035315):18)
10-31 08:03:53.601 W/GLSUser ( 2356): 	at geu.a(:com.google.android.gms@202414084@20.24.14 (080706-319035315):17)
10-31 08:03:53.601 W/GLSUser ( 2356): 	at ges.b(:com.google.android.gms@202414084@20.24.14 (080706-319035315):2)
10-31 08:03:53.601 W/GLSUser ( 2356): 	at gen.a(:com.google.android.gms@202414084@20.24.14 (080706-319035315))
10-31 08:03:53.601 W/GLSUser ( 2356): 	at geq.a(:com.google.android.gms@202414084@20.24.14 (080706-319035315):10)
10-31 08:03:53.601 W/GLSUser ( 2356): 	at epi.call(:com.google.android.gms@202414084@20.24.14 (080706-319035315):0)
10-31 08:03:53.601 W/GLSUser ( 2356): 	at java.util.concurrent.FutureTask.run(FutureTask.java:237)
10-31 08:03:53.601 W/GLSUser ( 2356): 	at joa.b(:com.google.android.gms@202414084@20.24.14 (080706-319035315):12)
10-31 08:03:53.601 W/GLSUser ( 2356): 	at joa.run(:com.google.android.gms@202414084@20.24.14 (080706-319035315):7)
10-31 08:03:53.601 W/GLSUser ( 2356): 	at java.util.concurrent.ThreadPoolExecutor.runWorker(ThreadPoolExecutor.java:1113)
10-31 08:03:53.601 W/GLSUser ( 2356): 	at java.util.concurrent.ThreadPoolExecutor$Worker.run(ThreadPoolExecutor.java:588)
10-31 08:03:53.601 W/GLSUser ( 2356): 	at jtw.run(:com.google.android.gms@202414084@20.24.14 (080706-319035315):0)
10-31 08:03:53.601 W/GLSUser ( 2356): 	at java.lang.Thread.run(Thread.java:818)
10-31 08:03:53.602 I/Auth    ( 2356): [ReflectiveChannelBinder] Successfully bound channel!
10-31 08:03:53.609 W/Conscrypt( 2356): Could not set socket write timeout: java.net.SocketException: Socket closed
10-31 08:03:53.609 E/art     ( 2356): invalid stream - problem with parameter iterator in /system/priv-app/PrebuiltGmsCorePano/PrebuiltGmsCorePano.apk:classes2.dex for method void com.google.android.gms.org.conscrypt.ConscryptFileDescriptorSocket.setSoWriteTimeout(int)
10-31 08:03:53.609 E/art     ( 2356): invalid stream - problem with parameter iterator in /system/priv-app/PrebuiltGmsCorePano/PrebuiltGmsCorePano.apk for method java.lang.Object gen.a(get)
10-31 08:03:53.609 W/Conscrypt( 2356): 	at com.google.android.gms.org.conscrypt.Platform.setSocketWriteTimeout(:com.google.android.gms@202414084@20.24.14 (080706-319035315):2)
10-31 08:03:53.609 W/Conscrypt( 2356): 	at com.google.android.gms.org.conscrypt.ConscryptFileDescriptorSocket.setSoWriteTimeout(:com.google.android.gms@202414084@20.24.14 (080706-319035315))
10-31 08:03:53.845 W/Conscrypt( 2356): Could not set socket write timeout: java.net.SocketException: Socket closed
10-31 08:03:53.846 E/art     ( 2356): invalid stream - problem with parameter iterator in /system/priv-app/PrebuiltGmsCorePano/PrebuiltGmsCorePano.apk:classes2.dex for method void com.google.android.gms.org.conscrypt.ConscryptFileDescriptorSocket.setSoWriteTimeout(int)
10-31 08:03:53.846 E/art     ( 2356): invalid stream - problem with parameter iterator in /system/priv-app/PrebuiltGmsCorePano/PrebuiltGmsCorePano.apk for method java.lang.Object gen.a(get)
10-31 08:03:53.846 W/Conscrypt( 2356): 	at com.google.android.gms.org.conscrypt.Platform.setSocketWriteTimeout(:com.google.android.gms@202414084@20.24.14 (080706-319035315):2)
10-31 08:03:53.846 W/Conscrypt( 2356): 	at com.google.android.gms.org.conscrypt.ConscryptFileDescriptorSocket.setSoWriteTimeout(:com.google.android.gms@202414084@20.24.14 (080706-319035315))
10-31 08:03:53.851 I/AccountManagerService( 1881): getTypesVisibleToCaller: isPermitted? true
10-31 08:03:54.022 D/PlaybackPageContent( 3138): OK/Enter key pressed: enhancedSubtitlesEnabled=true, enhancedSubtitleViewModel=true
10-31 08:03:54.022 D/PlaybackPageContent( 3138): OK/Enter: selectedWordIndex=2, isInWordNavigationMode=true
10-31 08:03:54.022 D/PlaybackPageContent( 3138): OK/Enter: calling selectCurrentWord()
10-31 08:03:54.022 D/EnhancedSubtitleVM( 3138): selectCurrentWord: index=2, segments.size=3, isInWordNavMode=true
10-31 08:03:54.022 D/EnhancedSubtitleVM( 3138): selectCurrentWord: selecting word='acts' at index=2
10-31 08:03:54.022 D/EnhancedSubtitleVM( 3138): selectWord: word='acts', currentSelectedWord=null
10-31 08:03:54.022 D/EnhancedSubtitleVM( 3138): selectWord: _selectedWord set to 'acts'
10-31 08:03:54.022 D/EnhancedSubtitleVM( 3138): selectWord: looking up word='acts'
10-31 08:03:54.040 D/EnhancedSubtitleOverlay( 3138): Displaying DictionaryDialog for word='acts', entry=false, isLoading=true
10-31 08:03:54.047 D/EnhancedSubtitleOverlay( 3138): selectedWord changed: selectedWord='acts', isLoadingDictionary=true
10-31 08:03:54.047 D/EnhancedSubtitleOverlay( 3138): Word selected, pausing player and showing dictionary dialog
10-31 08:03:54.083 D/EGL_emulation( 3138): eglMakeCurrent: 0xaa39fa80: ver 2 0 (tinfo 0xaf782db0)
10-31 08:03:54.117 E/art     ( 2356): invalid stream - problem with parameter iterator in /system/priv-app/PrebuiltGmsCorePano/PrebuiltGmsCorePano.apk for method java.lang.Object gen.a(get)
10-31 08:03:54.117 W/GLSUser ( 2356): [AppCertManager] IOException while requesting key: 
10-31 08:03:54.117 W/GLSUser ( 2356): java.io.IOException: Invalid device key response.
10-31 08:03:54.117 W/GLSUser ( 2356): 	at geu.a(:com.google.android.gms@202414084@20.24.14 (080706-319035315):49)
10-31 08:03:54.117 W/GLSUser ( 2356): 	at ges.b(:com.google.android.gms@202414084@20.24.14 (080706-319035315):2)
10-31 08:03:54.117 W/GLSUser ( 2356): 	at gen.a(:com.google.android.gms@202414084@20.24.14 (080706-319035315))
10-31 08:03:54.117 W/GLSUser ( 2356): 	at geq.a(:com.google.android.gms@202414084@20.24.14 (080706-319035315):10)
10-31 08:03:54.117 W/GLSUser ( 2356): 	at epi.call(:com.google.android.gms@202414084@20.24.14 (080706-319035315):0)
10-31 08:03:54.117 W/GLSUser ( 2356): 	at java.util.concurrent.FutureTask.run(FutureTask.java:237)
10-31 08:03:54.117 W/GLSUser ( 2356): 	at joa.b(:com.google.android.gms@202414084@20.24.14 (080706-319035315):12)
10-31 08:03:54.117 W/GLSUser ( 2356): 	at joa.run(:com.google.android.gms@202414084@20.24.14 (080706-319035315):7)
10-31 08:03:54.117 W/GLSUser ( 2356): 	at java.util.concurrent.ThreadPoolExecutor.runWorker(ThreadPoolExecutor.java:1113)
10-31 08:03:54.117 W/GLSUser ( 2356): 	at java.util.concurrent.ThreadPoolExecutor$Worker.run(ThreadPoolExecutor.java:588)
10-31 08:03:54.117 W/GLSUser ( 2356): 	at jtw.run(:com.google.android.gms@202414084@20.24.14 (080706-319035315):0)
10-31 08:03:54.117 W/GLSUser ( 2356): 	at java.lang.Thread.run(Thread.java:818)
10-31 08:03:54.121 I/NetworkScheduler.Stats( 2356): Task com.google.android.gms/com.google.android.gms.auth.account.be.legacy.AuthCronService finished executing. cause:4 result: 3 elapsed_millis: 910 uptime_millis: 910 exec_start_elapsed_seconds: 323 [CONTEXT service_id=218 ]
10-31 08:03:56.618 W/audio_hw_generic( 1684): Not supplying enough data to HAL, expected position 1498607 , only wrote 1244663
10-31 08:03:59.222 D/DictionaryService( 3138): Dictionary lookup successful for word: acts
10-31 08:03:59.222 D/EnhancedSubtitleVM( 3138): selectWord: lookup completed, entry=true, isLoading=false
10-31 08:03:59.235 D/EnhancedSubtitleOverlay( 3138): Displaying DictionaryDialog for word='acts', entry=true, isLoading=false
10-31 08:04:00.324 D/PronunciationService( 3138): Requesting pronunciation for word: 'acts', language: en
10-31 08:04:00.324 D/PronunciationService( 3138): Pronunciation URL: http://192.168.1.111:9999/tts/pronounce?text=acts&lang=en
10-31 08:04:00.326 D/PronunciationService( 3138): Audio check - volume: 15, muted: false, silent mode: false
10-31 08:04:00.381 D/PronunciationService( 3138): Method 1: setDataSource with URL string succeeded
10-31 08:04:00.391 I/NuCachedSource2( 1684): caching reached eos.
10-31 08:04:00.392 E/WVMExtractor( 1684): Failed to open libwvm.so: dlopen failed: library "libwvm.so" not found
10-31 08:04:00.392 E/GenericSource( 1684): Failed to init from data source!
10-31 08:04:00.393 D/NuPlayerDriver( 1684): notifyListener_l(0xb6159d20), (100, 1, -2147483648)
10-31 08:04:00.393 E/MediaPlayer( 3138): error (1, -2147483648)
10-31 08:04:00.393 E/MediaPlayer( 3138): Error (1,-2147483648)
10-31 08:04:00.393 E/PronunciationService( 3138): MediaPlayer error for Method 0, word: 'acts', what: 1, extra: -2147483648
10-31 08:04:00.393 D/PronunciationService( 3138): Method 1 failed, trying Method 2
10-31 08:04:00.393 D/NuPlayerDriver( 1684): reset(0xb6159d20)
10-31 08:04:00.394 D/NuPlayerDriver( 1684): notifyListener_l(0xb6159d20), (8, 0, 0)
10-31 08:04:00.394 D/NuPlayerDriver( 1684): notifyResetComplete(0xb6159d20)
10-31 08:04:00.395 D/NuPlayerDriver( 1684): reset(0xb6159d20)
10-31 08:04:00.395 W/MediaPlayer( 3138): Couldn't open file on client side; trying server side: java.io.FileNotFoundException: No content provider: http://192.168.1.111:9999/tts/pronounce?text=acts&lang=en
10-31 08:04:00.405 I/NuCachedSource2( 1684): caching reached eos.
10-31 08:04:00.406 E/GenericSource( 1684): Failed to init from data source!
10-31 08:04:00.406 D/NuPlayerDriver( 1684): notifyListener_l(0xb4018180), (100, 1, -2147483648)
10-31 08:04:00.406 E/MediaPlayer( 3138): error (1, -2147483648)
10-31 08:04:00.407 E/MediaPlayer( 3138): Error (1,-2147483648)
10-31 08:04:00.407 E/PronunciationService( 3138): MediaPlayer error for Method 1, word: 'acts', what: 1, extra: -2147483648
10-31 08:04:00.407 D/PronunciationService( 3138): Method 2 failed, trying Method 3 (downloading)
10-31 08:04:00.407 D/NuPlayerDriver( 1684): reset(0xb4018180)
10-31 08:04:00.407 D/NuPlayerDriver( 1684): notifyListener_l(0xb4018180), (8, 0, 0)
10-31 08:04:00.407 D/NuPlayerDriver( 1684): notifyResetComplete(0xb4018180)
10-31 08:04:00.409 D/NuPlayerDriver( 1684): reset(0xb4018180)
10-31 08:04:00.417 D/PronunciationService( 3138): Audio downloaded to temp file: /data/user/0/com.github.damontecres.stashapp/cache/pronunciation_1761897840410.mp3
10-31 08:04:00.420 E/GenericSource( 1684): Failed to init from data source!
10-31 08:04:00.420 D/NuPlayerDriver( 1684): notifyListener_l(0xb6159f00), (100, 1, -2147483648)
10-31 08:04:00.420 E/MediaPlayer( 3138): error (1, -2147483648)
10-31 08:04:00.420 E/MediaPlayer( 3138): Error (1,-2147483648)
10-31 08:04:00.420 E/PronunciationService( 3138): MediaPlayer error for Method 2, word: 'acts', what: 1, extra: -2147483648
10-31 08:04:00.420 D/NuPlayerDriver( 1684): reset(0xb6159f00)
10-31 08:04:00.420 D/NuPlayerDriver( 1684): notifyListener_l(0xb6159f00), (8, 0, 0)
10-31 08:04:00.421 D/NuPlayerDriver( 1684): notifyResetComplete(0xb6159f00)
10-31 08:04:00.421 E/PronunciationService( 3138): Failed to play pronunciation for word: 'acts'
10-31 08:04:00.421 E/PronunciationService( 3138): java.lang.Exception: All playback methods failed - what: 1, extra: -2147483648
10-31 08:04:00.421 E/PronunciationService( 3138): 	at com.github.damontecres.stashapp.subtitle.PronunciationService$playPronunciation$2$1$player$1$3.onError(PronunciationService.kt:250)
10-31 08:04:00.421 E/PronunciationService( 3138): 	at android.media.MediaPlayer$EventHandler.handleMessage(MediaPlayer.java:2875)
10-31 08:04:00.421 E/PronunciationService( 3138): 	at android.os.Handler.dispatchMessage(Handler.java:102)
10-31 08:04:00.421 E/PronunciationService( 3138): 	at android.os.Looper.loop(Looper.java:148)
10-31 08:04:00.421 E/PronunciationService( 3138): 	at android.app.ActivityThread.main(ActivityThread.java:5417)
10-31 08:04:00.421 E/PronunciationService( 3138): 	at java.lang.reflect.Method.invoke(Native Method)
10-31 08:04:00.421 E/PronunciationService( 3138): 	at com.android.internal.os.ZygoteInit$MethodAndArgsCaller.run(ZygoteInit.java:726)
10-31 08:04:00.421 E/PronunciationService( 3138): 	at com.android.internal.os.ZygoteInit.main(ZygoteInit.java:616)
10-31 08:04:00.421 E/EnhancedSubtitleVM( 3138): Failed to play pronunciation
10-31 08:04:00.421 E/EnhancedSubtitleVM( 3138): java.lang.Exception: All playback methods failed - what: 1, extra: -2147483648
10-31 08:04:00.421 E/EnhancedSubtitleVM( 3138): 	at com.github.damontecres.stashapp.subtitle.PronunciationService$playPronunciation$2$1$player$1$3.onError(PronunciationService.kt:250)
10-31 08:04:00.421 E/EnhancedSubtitleVM( 3138): 	at android.media.MediaPlayer$EventHandler.handleMessage(MediaPlayer.java:2875)
10-31 08:04:00.421 E/EnhancedSubtitleVM( 3138): 	at android.os.Handler.dispatchMessage(Handler.java:102)
10-31 08:04:00.421 E/EnhancedSubtitleVM( 3138): 	at android.os.Looper.loop(Looper.java:148)
10-31 08:04:00.421 E/EnhancedSubtitleVM( 3138): 	at android.app.ActivityThread.main(ActivityThread.java:5417)
10-31 08:04:00.421 E/EnhancedSubtitleVM( 3138): 	at java.lang.reflect.Method.invoke(Native Method)
10-31 08:04:00.421 E/EnhancedSubtitleVM( 3138): 	at com.android.internal.os.ZygoteInit$MethodAndArgsCaller.run(ZygoteInit.java:726)
10-31 08:04:00.421 E/EnhancedSubtitleVM( 3138): 	at com.android.internal.os.ZygoteInit.main(ZygoteInit.java:616)
10-31 08:04:02.002 D/PronunciationService( 3138): Requesting pronunciation for word: 'acts', language: en
10-31 08:04:02.002 D/PronunciationService( 3138): Pronunciation URL: http://192.168.1.111:9999/tts/pronounce?text=acts&lang=en
10-31 08:04:02.003 D/PronunciationService( 3138): Audio check - volume: 15, muted: false, silent mode: false
10-31 08:04:02.056 D/PronunciationService( 3138): Method 1: setDataSource with URL string succeeded
10-31 08:04:02.066 I/NuCachedSource2( 1684): caching reached eos.
10-31 08:04:02.066 E/GenericSource( 1684): Failed to init from data source!
10-31 08:04:02.066 D/NuPlayerDriver( 1684): notifyListener_l(0xb4018180), (100, 1, -2147483648)
10-31 08:04:02.067 E/MediaPlayer( 3138): error (1, -2147483648)
10-31 08:04:02.067 E/MediaPlayer( 3138): Error (1,-2147483648)
10-31 08:04:02.067 E/PronunciationService( 3138): MediaPlayer error for Method 0, word: 'acts', what: 1, extra: -2147483648
10-31 08:04:02.067 D/PronunciationService( 3138): Method 1 failed, trying Method 2
10-31 08:04:02.067 D/NuPlayerDriver( 1684): reset(0xb4018180)
10-31 08:04:02.067 D/NuPlayerDriver( 1684): notifyListener_l(0xb4018180), (8, 0, 0)
10-31 08:04:02.068 D/NuPlayerDriver( 1684): notifyResetComplete(0xb4018180)
10-31 08:04:02.068 D/NuPlayerDriver( 1684): reset(0xb4018180)
10-31 08:04:02.069 W/MediaPlayer( 3138): Couldn't open file on client side; trying server side: java.io.FileNotFoundException: No content provider: http://192.168.1.111:9999/tts/pronounce?text=acts&lang=en
10-31 08:04:02.079 I/NuCachedSource2( 1684): caching reached eos.
10-31 08:04:02.079 E/GenericSource( 1684): Failed to init from data source!
10-31 08:04:02.080 D/NuPlayerDriver( 1684): notifyListener_l(0xb615a380), (100, 1, -2147483648)
10-31 08:04:02.080 E/MediaPlayer( 3138): error (1, -2147483648)
10-31 08:04:02.080 E/MediaPlayer( 3138): Error (1,-2147483648)
10-31 08:04:02.080 E/PronunciationService( 3138): MediaPlayer error for Method 1, word: 'acts', what: 1, extra: -2147483648
10-31 08:04:02.080 D/PronunciationService( 3138): Method 2 failed, trying Method 3 (downloading)
10-31 08:04:02.080 D/NuPlayerDriver( 1684): reset(0xb615a380)
10-31 08:04:02.080 D/NuPlayerDriver( 1684): notifyListener_l(0xb615a380), (8, 0, 0)
10-31 08:04:02.081 D/NuPlayerDriver( 1684): notifyResetComplete(0xb615a380)
10-31 08:04:02.081 D/NuPlayerDriver( 1684): reset(0xb615a380)
10-31 08:04:02.093 D/PronunciationService( 3138): Audio downloaded to temp file: /data/user/0/com.github.damontecres.stashapp/cache/pronunciation_1761897842083.mp3
10-31 08:04:02.095 E/GenericSource( 1684): Failed to init from data source!
10-31 08:04:02.096 D/NuPlayerDriver( 1684): notifyListener_l(0xb615a500), (100, 1, -2147483648)
10-31 08:04:02.096 E/MediaPlayer( 3138): error (1, -2147483648)
10-31 08:04:02.096 E/MediaPlayer( 3138): Error (1,-2147483648)
10-31 08:04:02.096 E/PronunciationService( 3138): MediaPlayer error for Method 2, word: 'acts', what: 1, extra: -2147483648
10-31 08:04:02.096 D/NuPlayerDriver( 1684): reset(0xb615a500)
10-31 08:04:02.096 D/NuPlayerDriver( 1684): notifyListener_l(0xb615a500), (8, 0, 0)
10-31 08:04:02.096 D/NuPlayerDriver( 1684): notifyResetComplete(0xb615a500)
10-31 08:04:02.097 E/PronunciationService( 3138): Failed to play pronunciation for word: 'acts'
10-31 08:04:02.097 E/PronunciationService( 3138): java.lang.Exception: All playback methods failed - what: 1, extra: -2147483648
10-31 08:04:02.097 E/PronunciationService( 3138): 	at com.github.damontecres.stashapp.subtitle.PronunciationService$playPronunciation$2$1$player$1$3.onError(PronunciationService.kt:250)
10-31 08:04:02.097 E/PronunciationService( 3138): 	at android.media.MediaPlayer$EventHandler.handleMessage(MediaPlayer.java:2875)
10-31 08:04:02.097 E/PronunciationService( 3138): 	at android.os.Handler.dispatchMessage(Handler.java:102)
10-31 08:04:02.097 E/PronunciationService( 3138): 	at android.os.Looper.loop(Looper.java:148)
10-31 08:04:02.097 E/PronunciationService( 3138): 	at android.app.ActivityThread.main(ActivityThread.java:5417)
10-31 08:04:02.097 E/PronunciationService( 3138): 	at java.lang.reflect.Method.invoke(Native Method)
10-31 08:04:02.097 E/PronunciationService( 3138): 	at com.android.internal.os.ZygoteInit$MethodAndArgsCaller.run(ZygoteInit.java:726)
10-31 08:04:02.097 E/PronunciationService( 3138): 	at com.android.internal.os.ZygoteInit.main(ZygoteInit.java:616)
10-31 08:04:02.097 E/EnhancedSubtitleVM( 3138): Failed to play pronunciation
10-31 08:04:02.097 E/EnhancedSubtitleVM( 3138): java.lang.Exception: All playback methods failed - what: 1, extra: -2147483648
10-31 08:04:02.097 E/EnhancedSubtitleVM( 3138): 	at com.github.damontecres.stashapp.subtitle.PronunciationService$playPronunciation$2$1$player$1$3.onError(PronunciationService.kt:250)
10-31 08:04:02.097 E/EnhancedSubtitleVM( 3138): 	at android.media.MediaPlayer$EventHandler.handleMessage(MediaPlayer.java:2875)
10-31 08:04:02.097 E/EnhancedSubtitleVM( 3138): 	at android.os.Handler.dispatchMessage(Handler.java:102)
10-31 08:04:02.097 E/EnhancedSubtitleVM( 3138): 	at android.os.Looper.loop(Looper.java:148)
10-31 08:04:02.097 E/EnhancedSubtitleVM( 3138): 	at android.app.ActivityThread.main(ActivityThread.java:5417)
10-31 08:04:02.097 E/EnhancedSubtitleVM( 3138): 	at java.lang.reflect.Method.invoke(Native Method)
10-31 08:04:02.097 E/EnhancedSubtitleVM( 3138): 	at com.android.internal.os.ZygoteInit$MethodAndArgsCaller.run(ZygoteInit.java:726)
10-31 08:04:02.097 E/EnhancedSubtitleVM( 3138): 	at com.android.internal.os.ZygoteInit.main(ZygoteInit.java:616)
10-31 08:04:02.748 D/PronunciationService( 3138): Requesting pronunciation for word: 'acts', language: en
10-31 08:04:02.748 D/PronunciationService( 3138): Pronunciation URL: http://192.168.1.111:9999/tts/pronounce?text=acts&lang=en
10-31 08:04:02.749 D/PronunciationService( 3138): Audio check - volume: 15, muted: false, silent mode: false
10-31 08:04:02.800 D/PronunciationService( 3138): Method 1: setDataSource with URL string succeeded
10-31 08:04:02.809 I/NuCachedSource2( 1684): caching reached eos.
10-31 08:04:02.810 E/GenericSource( 1684): Failed to init from data source!
10-31 08:04:02.810 D/NuPlayerDriver( 1684): notifyListener_l(0xb615a380), (100, 1, -2147483648)
10-31 08:04:02.810 E/MediaPlayer( 3138): error (1, -2147483648)
10-31 08:04:02.811 E/MediaPlayer( 3138): Error (1,-2147483648)
10-31 08:04:02.811 E/PronunciationService( 3138): MediaPlayer error for Method 0, word: 'acts', what: 1, extra: -2147483648
10-31 08:04:02.811 D/PronunciationService( 3138): Method 1 failed, trying Method 2
10-31 08:04:02.811 D/NuPlayerDriver( 1684): reset(0xb615a380)
10-31 08:04:02.811 D/NuPlayerDriver( 1684): notifyListener_l(0xb615a380), (8, 0, 0)
10-31 08:04:02.811 D/NuPlayerDriver( 1684): notifyResetComplete(0xb615a380)
10-31 08:04:02.812 D/NuPlayerDriver( 1684): reset(0xb615a380)
10-31 08:04:02.812 W/MediaPlayer( 3138): Couldn't open file on client side; trying server side: java.io.FileNotFoundException: No content provider: http://192.168.1.111:9999/tts/pronounce?text=acts&lang=en
10-31 08:04:02.821 I/NuCachedSource2( 1684): caching reached eos.
10-31 08:04:02.821 E/GenericSource( 1684): Failed to init from data source!
10-31 08:04:02.822 D/NuPlayerDriver( 1684): notifyListener_l(0xb6159f00), (100, 1, -2147483648)
10-31 08:04:02.822 E/MediaPlayer( 3138): error (1, -2147483648)
10-31 08:04:02.823 E/MediaPlayer( 3138): Error (1,-2147483648)
10-31 08:04:02.823 E/PronunciationService( 3138): MediaPlayer error for Method 1, word: 'acts', what: 1, extra: -2147483648
10-31 08:04:02.823 D/PronunciationService( 3138): Method 2 failed, trying Method 3 (downloading)
10-31 08:04:02.823 D/NuPlayerDriver( 1684): reset(0xb6159f00)
10-31 08:04:02.823 D/NuPlayerDriver( 1684): notifyListener_l(0xb6159f00), (8, 0, 0)
10-31 08:04:02.824 D/NuPlayerDriver( 1684): notifyResetComplete(0xb6159f00)
10-31 08:04:02.824 D/NuPlayerDriver( 1684): reset(0xb6159f00)
10-31 08:04:02.831 D/PronunciationService( 3138): Audio downloaded to temp file: /data/user/0/com.github.damontecres.stashapp/cache/pronunciation_1761897842825.mp3
10-31 08:04:02.833 E/GenericSource( 1684): Failed to init from data source!
10-31 08:04:02.833 D/NuPlayerDriver( 1684): notifyListener_l(0xb615a560), (100, 1, -2147483648)
10-31 08:04:02.833 E/MediaPlayer( 3138): error (1, -2147483648)
10-31 08:04:02.833 E/MediaPlayer( 3138): Error (1,-2147483648)
10-31 08:04:02.833 E/PronunciationService( 3138): MediaPlayer error for Method 2, word: 'acts', what: 1, extra: -2147483648
10-31 08:04:02.833 D/NuPlayerDriver( 1684): reset(0xb615a560)
10-31 08:04:02.833 D/NuPlayerDriver( 1684): notifyListener_l(0xb615a560), (8, 0, 0)
10-31 08:04:02.834 D/NuPlayerDriver( 1684): notifyResetComplete(0xb615a560)
10-31 08:04:02.835 E/PronunciationService( 3138): Failed to play pronunciation for word: 'acts'
10-31 08:04:02.835 E/PronunciationService( 3138): java.lang.Exception: All playback methods failed - what: 1, extra: -2147483648
10-31 08:04:02.835 E/PronunciationService( 3138): 	at com.github.damontecres.stashapp.subtitle.PronunciationService$playPronunciation$2$1$player$1$3.onError(PronunciationService.kt:250)
10-31 08:04:02.835 E/PronunciationService( 3138): 	at android.media.MediaPlayer$EventHandler.handleMessage(MediaPlayer.java:2875)
10-31 08:04:02.835 E/PronunciationService( 3138): 	at android.os.Handler.dispatchMessage(Handler.java:102)
10-31 08:04:02.835 E/PronunciationService( 3138): 	at android.os.Looper.loop(Looper.java:148)
10-31 08:04:02.835 E/PronunciationService( 3138): 	at android.app.ActivityThread.main(ActivityThread.java:5417)
10-31 08:04:02.835 E/PronunciationService( 3138): 	at java.lang.reflect.Method.invoke(Native Method)
10-31 08:04:02.835 E/PronunciationService( 3138): 	at com.android.internal.os.ZygoteInit$MethodAndArgsCaller.run(ZygoteInit.java:726)
10-31 08:04:02.835 E/PronunciationService( 3138): 	at com.android.internal.os.ZygoteInit.main(ZygoteInit.java:616)
10-31 08:04:02.835 E/EnhancedSubtitleVM( 3138): Failed to play pronunciation
10-31 08:04:02.835 E/EnhancedSubtitleVM( 3138): java.lang.Exception: All playback methods failed - what: 1, extra: -2147483648
10-31 08:04:02.835 E/EnhancedSubtitleVM( 3138): 	at com.github.damontecres.stashapp.subtitle.PronunciationService$playPronunciation$2$1$player$1$3.onError(PronunciationService.kt:250)
10-31 08:04:02.835 E/EnhancedSubtitleVM( 3138): 	at android.media.MediaPlayer$EventHandler.handleMessage(MediaPlayer.java:2875)
10-31 08:04:02.835 E/EnhancedSubtitleVM( 3138): 	at android.os.Handler.dispatchMessage(Handler.java:102)
10-31 08:04:02.835 E/EnhancedSubtitleVM( 3138): 	at android.os.Looper.loop(Looper.java:148)
10-31 08:04:02.835 E/EnhancedSubtitleVM( 3138): 	at android.app.ActivityThread.main(ActivityThread.java:5417)
10-31 08:04:02.835 E/EnhancedSubtitleVM( 3138): 	at java.lang.reflect.Method.invoke(Native Method)
10-31 08:04:02.835 E/EnhancedSubtitleVM( 3138): 	at com.android.internal.os.ZygoteInit$MethodAndArgsCaller.run(ZygoteInit.java:726)
10-31 08:04:02.835 E/EnhancedSubtitleVM( 3138): 	at com.android.internal.os.ZygoteInit.main(ZygoteInit.java:616)
10-31 08:04:03.858 D/EnhancedSubtitleOverlay( 3138): Displaying DictionaryDialog for word='acts', entry=true, isLoading=false
10-31 08:04:04.255 D/EnhancedSubtitleOverlay( 3138): Displaying DictionaryDialog for word='acts', entry=true, isLoading=false
10-31 08:04:04.956 D/PronunciationService( 3138): Requesting pronunciation for word: 'acts', language: en
10-31 08:04:04.956 D/PronunciationService( 3138): Pronunciation URL: http://192.168.1.111:9999/tts/pronounce?text=acts&lang=en
10-31 08:04:04.956 D/PronunciationService( 3138): Audio check - volume: 15, muted: false, silent mode: false
10-31 08:04:05.008 D/PronunciationService( 3138): Method 1: setDataSource with URL string succeeded
10-31 08:04:05.025 I/NuCachedSource2( 1684): caching reached eos.
10-31 08:04:05.026 E/GenericSource( 1684): Failed to init from data source!
10-31 08:04:05.026 D/NuPlayerDriver( 1684): notifyListener_l(0xb6159f00), (100, 1, -2147483648)
10-31 08:04:05.027 E/MediaPlayer( 3138): error (1, -2147483648)
10-31 08:04:05.027 E/MediaPlayer( 3138): Error (1,-2147483648)
10-31 08:04:05.027 E/PronunciationService( 3138): MediaPlayer error for Method 0, word: 'acts', what: 1, extra: -2147483648
10-31 08:04:05.027 D/PronunciationService( 3138): Method 1 failed, trying Method 2
10-31 08:04:05.027 D/NuPlayerDriver( 1684): reset(0xb6159f00)
10-31 08:04:05.027 D/NuPlayerDriver( 1684): notifyListener_l(0xb6159f00), (8, 0, 0)
10-31 08:04:05.028 D/NuPlayerDriver( 1684): notifyResetComplete(0xb6159f00)
10-31 08:04:05.029 D/NuPlayerDriver( 1684): reset(0xb6159f00)
10-31 08:04:05.030 W/MediaPlayer( 3138): Couldn't open file on client side; trying server side: java.io.FileNotFoundException: No content provider: http://192.168.1.111:9999/tts/pronounce?text=acts&lang=en
10-31 08:04:05.043 I/NuCachedSource2( 1684): caching reached eos.
10-31 08:04:05.043 E/GenericSource( 1684): Failed to init from data source!
10-31 08:04:05.044 D/NuPlayerDriver( 1684): notifyListener_l(0xb615a620), (100, 1, -2147483648)
10-31 08:04:05.044 E/MediaPlayer( 3138): error (1, -2147483648)
10-31 08:04:05.044 E/MediaPlayer( 3138): Error (1,-2147483648)
10-31 08:04:05.044 E/PronunciationService( 3138): MediaPlayer error for Method 1, word: 'acts', what: 1, extra: -2147483648
10-31 08:04:05.044 D/PronunciationService( 3138): Method 2 failed, trying Method 3 (downloading)
10-31 08:04:05.044 D/NuPlayerDriver( 1684): reset(0xb615a620)
10-31 08:04:05.044 D/NuPlayerDriver( 1684): notifyListener_l(0xb615a620), (8, 0, 0)
10-31 08:04:05.045 D/NuPlayerDriver( 1684): notifyResetComplete(0xb615a620)
10-31 08:04:05.045 D/NuPlayerDriver( 1684): reset(0xb615a620)
10-31 08:04:05.053 D/PronunciationService( 3138): Audio downloaded to temp file: /data/user/0/com.github.damontecres.stashapp/cache/pronunciation_1761897845046.mp3
10-31 08:04:05.056 E/GenericSource( 1684): Failed to init from data source!
10-31 08:04:05.056 D/NuPlayerDriver( 1684): notifyListener_l(0xb615a5c0), (100, 1, -2147483648)
10-31 08:04:05.056 E/MediaPlayer( 3138): error (1, -2147483648)
10-31 08:04:05.056 E/MediaPlayer( 3138): Error (1,-2147483648)
10-31 08:04:05.056 E/PronunciationService( 3138): MediaPlayer error for Method 2, word: 'acts', what: 1, extra: -2147483648
10-31 08:04:05.056 D/NuPlayerDriver( 1684): reset(0xb615a5c0)
10-31 08:04:05.056 D/NuPlayerDriver( 1684): notifyListener_l(0xb615a5c0), (8, 0, 0)
10-31 08:04:05.057 D/NuPlayerDriver( 1684): notifyResetComplete(0xb615a5c0)
10-31 08:04:05.058 E/PronunciationService( 3138): Failed to play pronunciation for word: 'acts'
10-31 08:04:05.058 E/PronunciationService( 3138): java.lang.Exception: All playback methods failed - what: 1, extra: -2147483648
10-31 08:04:05.058 E/PronunciationService( 3138): 	at com.github.damontecres.stashapp.subtitle.PronunciationService$playPronunciation$2$1$player$1$3.onError(PronunciationService.kt:250)
10-31 08:04:05.058 E/PronunciationService( 3138): 	at android.media.MediaPlayer$EventHandler.handleMessage(MediaPlayer.java:2875)
10-31 08:04:05.058 E/PronunciationService( 3138): 	at android.os.Handler.dispatchMessage(Handler.java:102)
10-31 08:04:05.058 E/PronunciationService( 3138): 	at android.os.Looper.loop(Looper.java:148)
10-31 08:04:05.058 E/PronunciationService( 3138): 	at android.app.ActivityThread.main(ActivityThread.java:5417)
10-31 08:04:05.058 E/PronunciationService( 3138): 	at java.lang.reflect.Method.invoke(Native Method)
10-31 08:04:05.058 E/PronunciationService( 3138): 	at com.android.internal.os.ZygoteInit$MethodAndArgsCaller.run(ZygoteInit.java:726)
10-31 08:04:05.058 E/PronunciationService( 3138): 	at com.android.internal.os.ZygoteInit.main(ZygoteInit.java:616)
10-31 08:04:05.058 E/EnhancedSubtitleVM( 3138): Failed to play pronunciation
10-31 08:04:05.058 E/EnhancedSubtitleVM( 3138): java.lang.Exception: All playback methods failed - what: 1, extra: -2147483648
10-31 08:04:05.058 E/EnhancedSubtitleVM( 3138): 	at com.github.damontecres.stashapp.subtitle.PronunciationService$playPronunciation$2$1$player$1$3.onError(PronunciationService.kt:250)
10-31 08:04:05.058 E/EnhancedSubtitleVM( 3138): 	at android.media.MediaPlayer$EventHandler.handleMessage(MediaPlayer.java:2875)
10-31 08:04:05.058 E/EnhancedSubtitleVM( 3138): 	at android.os.Handler.dispatchMessage(Handler.java:102)
10-31 08:04:05.058 E/EnhancedSubtitleVM( 3138): 	at android.os.Looper.loop(Looper.java:148)
10-31 08:04:05.058 E/EnhancedSubtitleVM( 3138): 	at android.app.ActivityThread.main(ActivityThread.java:5417)
10-31 08:04:05.058 E/EnhancedSubtitleVM( 3138): 	at java.lang.reflect.Method.invoke(Native Method)
10-31 08:04:05.058 E/EnhancedSubtitleVM( 3138): 	at com.android.internal.os.ZygoteInit$MethodAndArgsCaller.run(ZygoteInit.java:726)
10-31 08:04:05.058 E/EnhancedSubtitleVM( 3138): 	at com.android.internal.os.ZygoteInit.main(ZygoteInit.java:616)
10-31 08:04:05.328 D/PronunciationService( 3138): Requesting pronunciation for word: 'acts', language: en
10-31 08:04:05.328 D/PronunciationService( 3138): Pronunciation URL: http://192.168.1.111:9999/tts/pronounce?text=acts&lang=en
10-31 08:04:05.330 D/PronunciationService( 3138): Audio check - volume: 15, muted: false, silent mode: false
10-31 08:04:05.383 D/PronunciationService( 3138): Method 1: setDataSource with URL string succeeded
10-31 08:04:05.393 I/NuCachedSource2( 1684): caching reached eos.
10-31 08:04:05.395 E/GenericSource( 1684): Failed to init from data source!
10-31 08:04:05.395 D/NuPlayerDriver( 1684): notifyListener_l(0xb615a5c0), (100, 1, -2147483648)
10-31 08:04:05.395 E/MediaPlayer( 3138): error (1, -2147483648)
10-31 08:04:05.396 E/MediaPlayer( 3138): Error (1,-2147483648)
10-31 08:04:05.396 E/PronunciationService( 3138): MediaPlayer error for Method 0, word: 'acts', what: 1, extra: -2147483648
10-31 08:04:05.396 D/PronunciationService( 3138): Method 1 failed, trying Method 2
10-31 08:04:05.396 D/NuPlayerDriver( 1684): reset(0xb615a5c0)
10-31 08:04:05.396 D/NuPlayerDriver( 1684): notifyListener_l(0xb615a5c0), (8, 0, 0)
10-31 08:04:05.398 D/NuPlayerDriver( 1684): notifyResetComplete(0xb615a5c0)
10-31 08:04:05.398 D/NuPlayerDriver( 1684): reset(0xb615a5c0)
10-31 08:04:05.399 W/MediaPlayer( 3138): Couldn't open file on client side; trying server side: java.io.FileNotFoundException: No content provider: http://192.168.1.111:9999/tts/pronounce?text=acts&lang=en
10-31 08:04:05.412 I/NuCachedSource2( 1684): caching reached eos.
10-31 08:04:05.413 E/GenericSource( 1684): Failed to init from data source!
10-31 08:04:05.413 D/NuPlayerDriver( 1684): notifyListener_l(0xb615a7a0), (100, 1, -2147483648)
10-31 08:04:05.413 E/MediaPlayer( 3138): error (1, -2147483648)
10-31 08:04:05.414 E/MediaPlayer( 3138): Error (1,-2147483648)
10-31 08:04:05.414 E/PronunciationService( 3138): MediaPlayer error for Method 1, word: 'acts', what: 1, extra: -2147483648
10-31 08:04:05.414 D/PronunciationService( 3138): Method 2 failed, trying Method 3 (downloading)
10-31 08:04:05.414 D/NuPlayerDriver( 1684): reset(0xb615a7a0)
10-31 08:04:05.414 D/NuPlayerDriver( 1684): notifyListener_l(0xb615a7a0), (8, 0, 0)
10-31 08:04:05.414 D/NuPlayerDriver( 1684): notifyResetComplete(0xb615a7a0)
10-31 08:04:05.415 D/NuPlayerDriver( 1684): reset(0xb615a7a0)
10-31 08:04:05.422 D/PronunciationService( 3138): Audio downloaded to temp file: /data/user/0/com.github.damontecres.stashapp/cache/pronunciation_1761897845416.mp3
10-31 08:04:05.424 E/GenericSource( 1684): Failed to init from data source!
10-31 08:04:05.424 D/NuPlayerDriver( 1684): notifyListener_l(0xb615a740), (100, 1, -2147483648)
10-31 08:04:05.424 E/MediaPlayer( 3138): error (1, -2147483648)
10-31 08:04:05.425 E/MediaPlayer( 3138): Error (1,-2147483648)
10-31 08:04:05.425 E/PronunciationService( 3138): MediaPlayer error for Method 2, word: 'acts', what: 1, extra: -2147483648
10-31 08:04:05.425 D/NuPlayerDriver( 1684): reset(0xb615a740)
10-31 08:04:05.425 D/NuPlayerDriver( 1684): notifyListener_l(0xb615a740), (8, 0, 0)
10-31 08:04:05.425 D/NuPlayerDriver( 1684): notifyResetComplete(0xb615a740)
10-31 08:04:05.426 E/PronunciationService( 3138): Failed to play pronunciation for word: 'acts'
10-31 08:04:05.426 E/PronunciationService( 3138): java.lang.Exception: All playback methods failed - what: 1, extra: -2147483648
10-31 08:04:05.426 E/PronunciationService( 3138): 	at com.github.damontecres.stashapp.subtitle.PronunciationService$playPronunciation$2$1$player$1$3.onError(PronunciationService.kt:250)
10-31 08:04:05.426 E/PronunciationService( 3138): 	at android.media.MediaPlayer$EventHandler.handleMessage(MediaPlayer.java:2875)
10-31 08:04:05.426 E/PronunciationService( 3138): 	at android.os.Handler.dispatchMessage(Handler.java:102)
10-31 08:04:05.426 E/PronunciationService( 3138): 	at android.os.Looper.loop(Looper.java:148)
10-31 08:04:05.426 E/PronunciationService( 3138): 	at android.app.ActivityThread.main(ActivityThread.java:5417)
10-31 08:04:05.426 E/PronunciationService( 3138): 	at java.lang.reflect.Method.invoke(Native Method)
10-31 08:04:05.426 E/PronunciationService( 3138): 	at com.android.internal.os.ZygoteInit$MethodAndArgsCaller.run(ZygoteInit.java:726)
10-31 08:04:05.426 E/PronunciationService( 3138): 	at com.android.internal.os.ZygoteInit.main(ZygoteInit.java:616)
10-31 08:04:05.426 E/EnhancedSubtitleVM( 3138): Failed to play pronunciation
10-31 08:04:05.426 E/EnhancedSubtitleVM( 3138): java.lang.Exception: All playback methods failed - what: 1, extra: -2147483648
10-31 08:04:05.426 E/EnhancedSubtitleVM( 3138): 	at com.github.damontecres.stashapp.subtitle.PronunciationService$playPronunciation$2$1$player$1$3.onError(PronunciationService.kt:250)
10-31 08:04:05.426 E/EnhancedSubtitleVM( 3138): 	at android.media.MediaPlayer$EventHandler.handleMessage(MediaPlayer.java:2875)
10-31 08:04:05.426 E/EnhancedSubtitleVM( 3138): 	at android.os.Handler.dispatchMessage(Handler.java:102)
10-31 08:04:05.426 E/EnhancedSubtitleVM( 3138): 	at android.os.Looper.loop(Looper.java:148)
10-31 08:04:05.426 E/EnhancedSubtitleVM( 3138): 	at android.app.ActivityThread.main(ActivityThread.java:5417)
10-31 08:04:05.426 E/EnhancedSubtitleVM( 3138): 	at java.lang.reflect.Method.invoke(Native Method)
10-31 08:04:05.426 E/EnhancedSubtitleVM( 3138): 	at com.android.internal.os.ZygoteInit$MethodAndArgsCaller.run(ZygoteInit.java:726)
10-31 08:04:05.426 E/EnhancedSubtitleVM( 3138): 	at com.android.internal.os.ZygoteInit.main(ZygoteInit.java:616)
10-31 08:04:05.615 D/PronunciationService( 3138): Requesting pronunciation for word: 'acts', language: en
10-31 08:04:05.615 D/PronunciationService( 3138): Pronunciation URL: http://192.168.1.111:9999/tts/pronounce?text=acts&lang=en
10-31 08:04:05.616 D/PronunciationService( 3138): Audio check - volume: 15, muted: false, silent mode: false
10-31 08:04:05.669 D/PronunciationService( 3138): Method 1: setDataSource with URL string succeeded
10-31 08:04:05.677 I/NuCachedSource2( 1684): caching reached eos.
10-31 08:04:05.678 E/GenericSource( 1684): Failed to init from data source!
10-31 08:04:05.678 D/NuPlayerDriver( 1684): notifyListener_l(0xb615a740), (100, 1, -2147483648)
10-31 08:04:05.678 E/MediaPlayer( 3138): error (1, -2147483648)
10-31 08:04:05.679 E/MediaPlayer( 3138): Error (1,-2147483648)
