10-31 08:08:34.487 D/EnhancedSubtitleOverlay( 4923): selectedWord is null but isInWordNavMode=true, DictionaryDialog not displayed
10-31 08:08:34.725 D/EnhancedSubtitleVM( 4923): navigateToPreviousWord: index 17 -> 16
10-31 08:08:35.505 D/PlaybackPageContent( 4923): OK/Enter key pressed: enhancedSubtitlesEnabled=true, enhancedSubtitleViewModel=true
10-31 08:08:35.505 D/PlaybackPageContent( 4923): OK/Enter: selectedWordIndex=16, isInWordNavigationMode=true
10-31 08:08:35.505 D/PlaybackPageContent( 4923): OK/Enter: calling selectCurrentWord()
10-31 08:08:35.505 D/EnhancedSubtitleVM( 4923): selectCurrentWord: index=16, segments.size=18, isInWordNavMode=true
10-31 08:08:35.505 D/EnhancedSubtitleVM( 4923): selectCurrentWord: selecting word='the' at index=16
10-31 08:08:35.505 D/EnhancedSubtitleVM( 4923): selectWord: word='the', currentSelectedWord=null
10-31 08:08:35.505 D/EnhancedSubtitleVM( 4923): selectWord: _selectedWord set to 'the'
10-31 08:08:35.505 D/EnhancedSubtitleVM( 4923): selectWord: looking up word='the'
10-31 08:08:35.510 D/EnhancedSubtitleOverlay( 4923): Displaying DictionaryDialog for word='the', entry=false, isLoading=true
10-31 08:08:35.515 D/EnhancedSubtitleOverlay( 4923): selectedWord changed: selectedWord='the', isLoadingDictionary=true
10-31 08:08:35.515 D/EnhancedSubtitleOverlay( 4923): Word selected, pausing player and showing dictionary dialog
10-31 08:08:35.596 D/EGL_emulation( 4923): eglMakeCurrent: 0xadc93420: ver 2 0 (tinfo 0xadc92900)
10-31 08:08:37.525 W/audio_hw_generic( 1684): Not supplying enough data to HAL, expected position 2833219 , only wrote 2597730
10-31 08:08:37.552 D/DictionaryService( 4923): Dictionary lookup successful for word: the
10-31 08:08:37.554 D/EnhancedSubtitleVM( 4923): selectWord: lookup completed, entry=true, isLoading=false
10-31 08:08:37.570 D/EnhancedSubtitleOverlay( 4923): Displaying DictionaryDialog for word='the', entry=true, isLoading=false
10-31 08:08:38.405 D/PronunciationService( 4923): Requesting pronunciation for word: 'the', language: en
10-31 08:08:38.405 D/PronunciationService( 4923): Pronunciation URL: http://192.168.1.111:9999/tts/pronounce?text=the&lang=en
10-31 08:08:38.406 D/PronunciationService( 4923): Audio check - volume: 15, muted: false, silent mode: false
10-31 08:08:38.460 D/PronunciationService( 4923): Method 1: setDataSource with URL string succeeded
10-31 08:08:38.471 I/NuCachedSource2( 1684): caching reached eos.
10-31 08:08:38.471 E/GenericSource( 1684): Failed to init from data source!
10-31 08:08:38.472 D/NuPlayerDriver( 1684): notifyListener_l(0xb615a1a0), (100, 1, -2147483648)
10-31 08:08:38.472 E/MediaPlayer( 4923): error (1, -2147483648)
10-31 08:08:38.472 E/MediaPlayer( 4923): Error (1,-2147483648)
10-31 08:08:38.472 E/PronunciationService( 4923): MediaPlayer error for Method 0, word: 'the', what: 1, extra: -2147483648
10-31 08:08:38.472 D/PronunciationService( 4923): Method 1 failed, trying Method 2
10-31 08:08:38.473 D/NuPlayerDriver( 1684): reset(0xb615a1a0)
10-31 08:08:38.473 D/NuPlayerDriver( 1684): notifyListener_l(0xb615a1a0), (8, 0, 0)
10-31 08:08:38.473 D/NuPlayerDriver( 1684): notifyResetComplete(0xb615a1a0)
10-31 08:08:38.475 D/NuPlayerDriver( 1684): reset(0xb615a1a0)
10-31 08:08:38.476 W/MediaPlayer( 4923): Couldn't open file on client side; trying server side: java.io.FileNotFoundException: No content provider: http://192.168.1.111:9999/tts/pronounce?text=the&lang=en
10-31 08:08:38.486 I/NuCachedSource2( 1684): caching reached eos.
10-31 08:08:38.486 E/GenericSource( 1684): Failed to init from data source!
10-31 08:08:38.488 D/NuPlayerDriver( 1684): notifyListener_l(0xb615a7a0), (100, 1, -2147483648)
10-31 08:08:38.488 E/MediaPlayer( 4923): error (1, -2147483648)
10-31 08:08:38.488 E/MediaPlayer( 4923): Error (1,-2147483648)
10-31 08:08:38.488 E/PronunciationService( 4923): MediaPlayer error for Method 1, word: 'the', what: 1, extra: -2147483648
10-31 08:08:38.488 D/PronunciationService( 4923): Method 2 failed, trying Method 3 (downloading)
10-31 08:08:38.488 D/NuPlayerDriver( 1684): reset(0xb615a7a0)
10-31 08:08:38.488 D/NuPlayerDriver( 1684): notifyListener_l(0xb615a7a0), (8, 0, 0)
10-31 08:08:38.489 D/NuPlayerDriver( 1684): notifyResetComplete(0xb615a7a0)
10-31 08:08:38.489 D/NuPlayerDriver( 1684): reset(0xb615a7a0)
10-31 08:08:38.973 D/PronunciationService( 4923): Audio downloaded to temp file: /data/user/0/com.github.damontecres.stashapp/cache/pronunciation_1761898118490.mp3
10-31 08:08:38.976 D/NuPlayerDriver( 1684): notifyListener_l(0xb615a200), (1, 0, 0)
10-31 08:08:38.976 D/MediaPlayer( 4923): setSubtitleAnchor in MediaPlayer
10-31 08:08:38.979 D/PronunciationService( 4923): MediaPlayer prepared for Method 2, starting playback for word: 'the'
10-31 08:08:38.979 D/NuPlayerDriver( 1684): start(0xb615a200), state is 4, eos is 0
10-31 08:08:38.979 I/GenericSource( 1684): start
10-31 08:08:38.983 E/OMXNodeInstance( 1684): setConfig(1a:google.mp3.decoder, ConfigPriority(0x6f800002)) ERROR: Undefined(0x80001001)
10-31 08:08:38.983 I/ACodec  ( 1684): codec does not support config priority (err -2147483648)
10-31 08:08:38.983 I/MediaCodec( 1684): MediaCodec will operate in async mode
10-31 08:08:38.987 D/NuPlayerDriver( 1684): notifyListener_l(0xb615a200), (6, 0, 0)
10-31 08:08:39.246 I/NuPlayerDecoder( 1684): [audio] saw output EOS
10-31 08:08:39.780 D/NuPlayerDriver( 1684): notifyListener_l(0xb615a200), (2, 0, 0)
10-31 08:08:39.781 D/PronunciationService( 4923): Pronunciation playback completed for word: 'the'
10-31 08:08:39.781 D/NuPlayerDriver( 1684): reset(0xb615a200)
10-31 08:08:39.781 D/NuPlayerDriver( 1684): notifyListener_l(0xb615a200), (8, 0, 0)
10-31 08:08:39.784 W/AMessage( 1684): failed to post message as target looper for handler 0 is gone.
10-31 08:08:39.785 D/NuPlayerDriver( 1684): notifyResetComplete(0xb615a200)
10-31 08:08:40.000 D/PronunciationService( 4923): Requesting pronunciation for word: 'the', language: en
10-31 08:08:40.000 D/PronunciationService( 4923): Pronunciation URL: http://192.168.1.111:9999/tts/pronounce?text=the&lang=en
10-31 08:08:40.001 D/PronunciationService( 4923): Audio check - volume: 15, muted: false, silent mode: false
10-31 08:08:40.053 D/PronunciationService( 4923): Method 1: setDataSource with URL string succeeded
10-31 08:08:40.063 I/NuCachedSource2( 1684): caching reached eos.
10-31 08:08:40.063 E/GenericSource( 1684): Failed to init from data source!
10-31 08:08:40.064 D/NuPlayerDriver( 1684): notifyListener_l(0xb615a200), (100, 1, -2147483648)
10-31 08:08:40.064 E/MediaPlayer( 4923): error (1, -2147483648)
10-31 08:08:40.064 E/MediaPlayer( 4923): Error (1,-2147483648)
10-31 08:08:40.064 E/PronunciationService( 4923): MediaPlayer error for Method 0, word: 'the', what: 1, extra: -2147483648
10-31 08:08:40.064 D/PronunciationService( 4923): Method 1 failed, trying Method 2
10-31 08:08:40.064 D/NuPlayerDriver( 1684): reset(0xb615a200)
10-31 08:08:40.064 D/NuPlayerDriver( 1684): notifyListener_l(0xb615a200), (8, 0, 0)
10-31 08:08:40.065 D/NuPlayerDriver( 1684): notifyResetComplete(0xb615a200)
10-31 08:08:40.065 D/NuPlayerDriver( 1684): reset(0xb615a200)
10-31 08:08:40.067 W/MediaPlayer( 4923): Couldn't open file on client side; trying server side: java.io.FileNotFoundException: No content provider: http://192.168.1.111:9999/tts/pronounce?text=the&lang=en
10-31 08:08:40.078 I/NuCachedSource2( 1684): caching reached eos.
10-31 08:08:40.079 E/GenericSource( 1684): Failed to init from data source!
10-31 08:08:40.079 D/NuPlayerDriver( 1684): notifyListener_l(0xb615a260), (100, 1, -2147483648)
10-31 08:08:40.079 E/MediaPlayer( 4923): error (1, -2147483648)
10-31 08:08:40.079 E/MediaPlayer( 4923): Error (1,-2147483648)
10-31 08:08:40.079 E/PronunciationService( 4923): MediaPlayer error for Method 1, word: 'the', what: 1, extra: -2147483648
10-31 08:08:40.080 D/PronunciationService( 4923): Method 2 failed, trying Method 3 (downloading)
10-31 08:08:40.080 D/NuPlayerDriver( 1684): reset(0xb615a260)
10-31 08:08:40.080 D/NuPlayerDriver( 1684): notifyListener_l(0xb615a260), (8, 0, 0)
10-31 08:08:40.080 D/NuPlayerDriver( 1684): notifyResetComplete(0xb615a260)
10-31 08:08:40.082 D/NuPlayerDriver( 1684): reset(0xb615a260)
10-31 08:08:40.555 D/PronunciationService( 4923): Audio downloaded to temp file: /data/user/0/com.github.damontecres.stashapp/cache/pronunciation_1761898120082.mp3
10-31 08:08:40.559 D/NuPlayerDriver( 1684): notifyListener_l(0xb615a380), (1, 0, 0)
10-31 08:08:40.559 D/MediaPlayer( 4923): setSubtitleAnchor in MediaPlayer
10-31 08:08:40.560 D/PronunciationService( 4923): MediaPlayer prepared for Method 2, starting playback for word: 'the'
10-31 08:08:40.562 D/NuPlayerDriver( 1684): start(0xb615a380), state is 4, eos is 0
10-31 08:08:40.563 I/GenericSource( 1684): start
10-31 08:08:40.565 E/OMXNodeInstance( 1684): setConfig(1b:google.mp3.decoder, ConfigPriority(0x6f800002)) ERROR: Undefined(0x80001001)
10-31 08:08:40.565 I/ACodec  ( 1684): codec does not support config priority (err -2147483648)
10-31 08:08:40.567 I/MediaCodec( 1684): MediaCodec will operate in async mode
10-31 08:08:40.589 D/NuPlayerDriver( 1684): notifyListener_l(0xb615a380), (6, 0, 0)
10-31 08:08:40.630 D/AudioFlinger( 1684): mixer(0xb4380000) throttle end: throttle time(11)
10-31 08:08:40.852 I/NuPlayerDecoder( 1684): [audio] saw output EOS
10-31 08:08:41.336 D/NuPlayerDriver( 1684): notifyListener_l(0xb615a380), (2, 0, 0)
10-31 08:08:41.338 D/PronunciationService( 4923): Pronunciation playback completed for word: 'the'
10-31 08:08:41.338 D/NuPlayerDriver( 1684): reset(0xb615a380)
10-31 08:08:41.338 D/NuPlayerDriver( 1684): notifyListener_l(0xb615a380), (8, 0, 0)
10-31 08:08:41.342 W/AMessage( 1684): failed to post message as target looper for handler 0 is gone.
10-31 08:08:41.343 D/NuPlayerDriver( 1684): notifyResetComplete(0xb615a380)
10-31 08:08:44.321 W/audio_hw_generic( 1684): Not supplying enough data to HAL, expected position 3065452 , only wrote 2832385
10-31 08:08:49.788 E/WakeLock( 2356): GCM_HB_ALARM release without a matched acquire!
10-31 08:08:49.788 W/WakeLock( 2356): GCM_HB_ALARM counter does not exist
10-31 08:08:49.788 D/ConnectivityService( 1881): reportNetworkConnectivity(100, false) by 10008
10-31 08:08:49.788 D/NetworkMonitor/NetworkAgentInfo [Ethernet () - 100]( 1881): Forcing reevaluation for UID 10008
10-31 08:08:49.789 E/WakeLock( 2356): GCM_CONN_ALARM release without a matched acquire!
10-31 08:08:49.789 W/WakeLock( 2356): GCM_CONN_ALARM counter does not exist
10-31 08:08:49.796 D/NetworkMonitor/NetworkAgentInfo [Ethernet () - 100]( 1881): Checking http://connectivitycheck.gstatic.com/generate_204 on 52:54:00:12:34:56, connectivitycheck.gstatic.com=198.18.0.81
10-31 08:08:49.955 D/NetworkMonitor/NetworkAgentInfo [Ethernet () - 100]( 1881): isCaptivePortal: ret=204 headers={null=[HTTP/1.1 204 No Content], Content-Length=[0], Cross-Origin-Resource-Policy=[cross-origin], Date=[Fri, 31 Oct 2025 08:08:49 GMT], X-Android-Received-Millis=[1761898129954], X-Android-Response-Source=[NETWORK 204], X-Android-Selected-Protocol=[http/1.1], X-Android-Sent-Millis=[1761898129798]}
10-31 08:08:49.956 D/ConnectivityService( 1881): setProvNotificationVisibleIntent null visible=false networkType=MOBILE extraInfo=null highPriority=false
10-31 08:08:49.956 D/ConnectivityService( 1881): NetworkAgentInfo [Ethernet () - 100] validation  passed
10-31 08:08:58.489 I/qtaguid ( 2356): Failed write_ctrl(t -1 3458768941931823104 -1) res=-1 errno=9
10-31 08:08:58.490 I/qtaguid ( 2356): Tagging socket -1 with tag 3000040700000000(805307399) for uid -1 failed errno=-9
10-31 08:08:58.490 I/NetworkManagementSocketTagger( 2356): tagSocketFd(-1, 805307399, -1) failed with errno-9
10-31 08:08:58.944 E/WakeLock( 2356): GCM_CONN_ALARM release without a matched acquire!
10-31 08:10:25.515 D/AndroidRuntime( 5545): >>>>>> START com.android.internal.os.RuntimeInit uid 0 <<<<<<
10-31 08:10:25.516 D/AndroidRuntime( 5545): CheckJNI is OFF
10-31 08:10:25.524 D/ICU     ( 5545): No timezone override file found: /data/misc/zoneinfo/current/icu/icu_tzdata.dat
10-31 08:10:25.533 E/memtrack( 5545): Couldn't load memtrack module (No such file or directory)
10-31 08:10:25.533 E/android.os.Debug( 5545): failed to load memtrack module: -2
10-31 08:10:25.533 I/Radio-JNI( 5545): register_android_hardware_Radio DONE
10-31 08:10:25.537 D/AndroidRuntime( 5545): Calling main entry com.android.commands.pm.Pm
10-31 08:10:25.544 I/art     ( 5545): System.exit called, status: 0
10-31 08:10:25.544 I/AndroidRuntime( 5545): VM exiting with result code 0.
10-31 08:10:34.798 D/AndroidRuntime( 5555): >>>>>> START com.android.internal.os.RuntimeInit uid 0 <<<<<<
10-31 08:10:34.798 D/AndroidRuntime( 5555): CheckJNI is OFF
10-31 08:10:34.804 D/ICU     ( 5555): No timezone override file found: /data/misc/zoneinfo/current/icu/icu_tzdata.dat
10-31 08:10:34.814 E/memtrack( 5555): Couldn't load memtrack module (No such file or directory)
10-31 08:10:34.814 E/android.os.Debug( 5555): failed to load memtrack module: -2
10-31 08:10:34.814 I/Radio-JNI( 5555): register_android_hardware_Radio DONE
10-31 08:10:34.818 D/AndroidRuntime( 5555): Calling main entry com.android.commands.pm.Pm
10-31 08:10:34.826 I/art     ( 1881): Starting a blocking GC Explicit
10-31 08:10:34.832 I/art     ( 1881): Explicit concurrent mark sweep GC freed 4771(319KB) AllocSpace objects, 0(0B) LOS objects, 33% free, 5MB/8MB, paused 223us total 5.658ms
10-31 08:10:34.837 I/art     ( 5555): System.exit called, status: 0
10-31 08:10:34.837 I/AndroidRuntime( 5555): VM exiting with result code 0.
10-31 08:10:34.839 I/ActivityManager( 1881): Force stopping com.google.android.tts appid=10028 user=0: pkg removed
10-31 08:10:34.845 E/KernelUidCpuTimeReader( 1881): failed to remove uid from uid_cputime module
10-31 08:10:34.845 E/KernelUidCpuTimeReader( 1881): java.io.FileNotFoundException: /proc/uid_cputime/remove_uid_range: open failed: ENOENT (No such file or directory)
10-31 08:10:34.845 E/KernelUidCpuTimeReader( 1881): 	at libcore.io.IoBridge.open(IoBridge.java:452)
10-31 08:10:34.845 E/KernelUidCpuTimeReader( 1881): 	at java.io.FileOutputStream.<init>(FileOutputStream.java:87)
10-31 08:10:34.845 E/KernelUidCpuTimeReader( 1881): 	at java.io.FileOutputStream.<init>(FileOutputStream.java:72)
10-31 08:10:34.845 E/KernelUidCpuTimeReader( 1881): 	at java.io.FileWriter.<init>(FileWriter.java:80)
10-31 08:10:34.845 E/KernelUidCpuTimeReader( 1881): 	at com.android.internal.os.KernelUidCpuTimeReader.removeUid(KernelUidCpuTimeReader.java:157)
10-31 08:10:34.845 E/KernelUidCpuTimeReader( 1881): 	at com.android.internal.os.BatteryStatsImpl.removeUidStatsLocked(BatteryStatsImpl.java:8800)
10-31 08:10:34.845 E/KernelUidCpuTimeReader( 1881): 	at com.android.server.am.BatteryStatsService.removeUid(BatteryStatsService.java:242)
10-31 08:10:34.845 E/KernelUidCpuTimeReader( 1881): 	at com.android.server.am.ActivityManagerService.broadcastIntentLocked(ActivityManagerService.java:16562)
10-31 08:10:34.845 E/KernelUidCpuTimeReader( 1881): 	at com.android.server.am.ActivityManagerService.broadcastIntent(ActivityManagerService.java:16938)
10-31 08:10:34.845 E/KernelUidCpuTimeReader( 1881): 	at com.android.server.pm.PackageManagerService$8.run(PackageManagerService.java:9423)
10-31 08:10:34.845 E/KernelUidCpuTimeReader( 1881): 	at android.os.Handler.handleCallback(Handler.java:739)
10-31 08:10:34.845 E/KernelUidCpuTimeReader( 1881): 	at android.os.Handler.dispatchMessage(Handler.java:95)
10-31 08:10:34.845 E/KernelUidCpuTimeReader( 1881): 	at android.os.Looper.loop(Looper.java:148)
10-31 08:10:34.845 E/KernelUidCpuTimeReader( 1881): 	at android.os.HandlerThread.run(HandlerThread.java:61)
10-31 08:10:34.845 E/KernelUidCpuTimeReader( 1881): 	at com.android.server.ServiceThread.run(ServiceThread.java:46)
10-31 08:10:34.845 E/KernelUidCpuTimeReader( 1881): Caused by: android.system.ErrnoException: open failed: ENOENT (No such file or directory)
10-31 08:10:34.845 E/KernelUidCpuTimeReader( 1881): 	at libcore.io.Posix.open(Native Method)
10-31 08:10:34.845 E/KernelUidCpuTimeReader( 1881): 	at libcore.io.BlockGuardOs.open(BlockGuardOs.java:186)
10-31 08:10:34.845 E/KernelUidCpuTimeReader( 1881): 	at libcore.io.IoBridge.open(IoBridge.java:438)
10-31 08:10:34.845 E/KernelUidCpuTimeReader( 1881): 	... 14 more
10-31 08:10:34.848 I/GeofencerStateMachine( 2356): removeGeofences: removeRequest=RemoveGeofencingRequest[REMOVE_ALL packageName=com.google.android.tts]
10-31 08:10:34.851 I/InputReader( 1881): Reconfiguring input devices.  changes=0x00000010
10-31 08:10:34.858 D/VoicemailCleanupService( 2772): Cleaning up data for package: com.google.android.tts
10-31 08:10:34.860 D/JobSchedulerService( 1881): Receieved: android.intent.action.PACKAGE_REMOVED
10-31 08:10:34.866 W/TelecomManager( 2772): Telecom Service not found.
10-31 08:10:34.867 W/TelecomManager( 2772): Telecom Service not found.
10-31 08:10:34.868 W/TelecomManager( 2772): Telecom Service not found.
10-31 08:10:34.869 W/TelecomManager( 2772): Telecom Service not found.
10-31 08:10:34.873 W/Searchables( 1881): No web search activity found
10-31 08:10:34.875 W/TelecomManager( 2772): Telecom Service not found.
10-31 08:10:34.876 W/TelecomManager( 2772): Telecom Service not found.
10-31 08:10:34.877 W/ContextImpl( 3102): Calling a method in the system process without a qualified user: android.app.ContextImpl.startService:1221 android.content.ContextWrapper.startService:581 android.content.ContextWrapper.startService:581 com.android.keychain.KeyChainBroadcastReceiver.onReceive:12 android.app.ActivityThread.handleReceiver:2725 
10-31 08:10:34.881 I/AccountManagerService( 1881): getTypesVisibleToCaller: isPermitted? true
10-31 08:10:34.882 W/TelecomManager( 2772): Telecom Service not found.
10-31 08:10:34.882 D/hwcomposer( 1272): hw_composer sent 485 syncs in 129s
10-31 08:10:34.884 W/TelecomManager( 2772): Telecom Service not found.
10-31 08:10:34.951 I/Icing   ( 2622): Storage manager: low false usage 0 Bytes avail 5.43GB capacity 5.87GB
10-31 08:10:34.953 E/Icing   ( 2622): Unable to create native index.
10-31 08:10:34.953 E/Icing   ( 2622): Unable to initialize index manager: FAILURE
10-31 08:10:34.953 E/Icing   ( 2622): Couldn't handle android.intent.action.PACKAGE_REMOVED intent due to initialization failure.
10-31 08:10:34.986 I/Icing   ( 2622): IndexChimeraService.getServiceInterface callingPackage=com.google.android.gms componentName=AppsCorpus serviceId=36
10-31 08:10:34.986 W/Icing   ( 2622): IndexManager failed to initialize. SearchIndex.API is unavailable.
10-31 08:10:34.987 W/Icing   ( 2622): IndexManager failed to initialize. AppIndex.API is unavailable.
10-31 08:10:34.988 W/IcingInternalCorpora( 2622): Couldn't fetch status for corpus apps
10-31 08:10:34.997 E/art     ( 2622): invalid stream - problem with parameter iterator in /system/priv-app/PrebuiltGmsCorePano/PrebuiltGmsCorePano.apk for method void jcw.a(com.google.android.gms.common.ConnectionResult)
10-31 08:10:34.998 E/art     ( 2622): invalid stream - problem with parameter iterator in /system/priv-app/PrebuiltGmsCorePano/PrebuiltGmsCorePano.apk for method void jbm.a(java.lang.Object)
10-31 08:10:34.998 W/GmscoreIpa( 2622): Apps indexing failed. [CONTEXT service_id=255 ]
10-31 08:10:34.998 W/GmscoreIpa( 2622): aqzb: API: AppIndexing.API is not available on this device. Connection failed with: ConnectionResult{statusCode=API_UNAVAILABLE, resolution=null, message=null}
10-31 08:10:34.998 W/GmscoreIpa( 2622): 	at aqzf.a(:com.google.android.gms@202414084@20.24.14 (080706-319035315):2)
10-31 08:10:34.998 W/GmscoreIpa( 2622): 	at ilj.a(:com.google.android.gms@202414084@20.24.14 (080706-319035315):1)
10-31 08:10:34.998 W/GmscoreIpa( 2622): 	at iny.a(:com.google.android.gms@202414084@20.24.14 (080706-319035315):8)
10-31 08:10:34.998 W/GmscoreIpa( 2622): 	at iny.a(:com.google.android.gms@202414084@20.24.14 (080706-319035315):60)
10-31 08:10:34.998 W/GmscoreIpa( 2622): 	at iny.a(:com.google.android.gms@202414084@20.24.14 (080706-319035315):54)
10-31 08:10:34.998 W/GmscoreIpa( 2622): 	at iny.a(:com.google.android.gms@202414084@20.24.14 (080706-319035315):23)
10-31 08:10:34.998 W/GmscoreIpa( 2622): 	at jcw.a(:com.google.android.gms@202414084@20.24.14 (080706-319035315))
10-31 08:10:34.998 W/GmscoreIpa( 2622): 	at jbv.a(:com.google.android.gms@202414084@20.24.14 (080706-319035315):1)
10-31 08:10:34.998 W/GmscoreIpa( 2622): 	at jbm.a(:com.google.android.gms@202414084@20.24.14 (080706-319035315))
10-31 08:10:34.998 W/GmscoreIpa( 2622): 	at jbp.handleMessage(:com.google.android.gms@202414084@20.24.14 (080706-319035315):28)
10-31 08:10:34.998 W/GmscoreIpa( 2622): 	at android.os.Handler.dispatchMessage(Handler.java:102)
10-31 08:10:34.998 W/GmscoreIpa( 2622): 	at rkb.a(:com.google.android.gms@202414084@20.24.14 (080706-319035315):12)
10-31 08:10:34.998 W/GmscoreIpa( 2622): 	at rkb.dispatchMessage(:com.google.android.gms@202414084@20.24.14 (080706-319035315):14)
10-31 08:10:34.998 W/GmscoreIpa( 2622): 	at android.os.Looper.loop(Looper.java:148)
10-31 08:10:34.998 W/GmscoreIpa( 2622): 	at android.os.HandlerThread.run(HandlerThread.java:61)
10-31 08:10:35.001 D/ConnectivityService( 1881): listenForNetwork for Listen from uid/pid:10008/2622 for NetworkRequest [ id=4, legacyType=-1, [ Capabilities: INTERNET&NOT_RESTRICTED&TRUSTED&NOT_VPN] ]
10-31 08:10:35.002 D/ConnectivityService( 1881): rematching NetworkAgentInfo [Ethernet () - 100]
10-31 08:10:35.003 D/ConnectivityManager.CallbackHandler( 2622): CM callback handler got msg 524290
10-31 08:10:35.043 W/DriveInitializer( 2622): Awaiting to be initialized
10-31 08:10:35.053 I/AccountManagerService( 1881): getTypesVisibleToCaller: isPermitted? true
10-31 08:10:35.078 I/ContentMaintenance( 2622): Internal cache bytes used: 0; limit: 100000000; download size: 0
10-31 08:10:35.086 I/PinnedContentDownloader( 2622): Finished downloading pinned content.
10-31 08:10:35.089 I/RealtimeCacheCleanup( 2622): Beginning Realtime garbage collection.
10-31 08:10:35.090 I/RealtimeCacheCleanup( 2622): Finished Realtime garbage collection.
10-31 08:10:39.970 I/AccountManagerService( 1881): getTypesVisibleToCaller: isPermitted? true
10-31 08:10:44.836 D/AndroidRuntime( 5595): >>>>>> START com.android.internal.os.RuntimeInit uid 0 <<<<<<
10-31 08:10:44.836 D/AndroidRuntime( 5595): CheckJNI is OFF
10-31 08:10:44.843 D/ICU     ( 5595): No timezone override file found: /data/misc/zoneinfo/current/icu/icu_tzdata.dat
10-31 08:10:44.853 E/memtrack( 5595): Couldn't load memtrack module (No such file or directory)
10-31 08:10:44.853 E/android.os.Debug( 5595): failed to load memtrack module: -2
10-31 08:10:44.853 I/Radio-JNI( 5595): register_android_hardware_Radio DONE
10-31 08:10:44.857 D/AndroidRuntime( 5595): Calling main entry com.android.commands.pm.Pm
10-31 08:10:44.863 I/art     ( 5595): System.exit called, status: 0
10-31 08:10:44.863 I/AndroidRuntime( 5595): VM exiting with result code 0.
10-31 08:10:53.317 D/PronunciationService( 4923): Requesting pronunciation for word: 'the', language: en
10-31 08:10:53.317 D/PronunciationService( 4923): Pronunciation URL: http://192.168.1.111:9999/tts/pronounce?text=the&lang=en
10-31 08:10:53.318 D/PronunciationService( 4923): Audio check - volume: 15, muted: false, silent mode: false
10-31 08:10:53.369 D/PronunciationService( 4923): Method 1: setDataSource with URL string succeeded
10-31 08:10:53.380 I/NuCachedSource2( 1684): caching reached eos.
10-31 08:10:53.381 E/GenericSource( 1684): Failed to init from data source!
10-31 08:10:53.382 D/NuPlayerDriver( 1684): notifyListener_l(0xb615a2c0), (100, 1, -2147483648)
10-31 08:10:53.382 E/MediaPlayer( 4923): error (1, -2147483648)
10-31 08:10:53.382 E/MediaPlayer( 4923): Error (1,-2147483648)
10-31 08:10:53.383 E/PronunciationService( 4923): MediaPlayer error for Method 0, word: 'the', what: 1, extra: -2147483648
10-31 08:10:53.383 D/PronunciationService( 4923): Method 1 failed, trying Method 2
10-31 08:10:53.383 D/NuPlayerDriver( 1684): reset(0xb615a2c0)
10-31 08:10:53.383 D/NuPlayerDriver( 1684): notifyListener_l(0xb615a2c0), (8, 0, 0)
10-31 08:10:53.383 D/NuPlayerDriver( 1684): notifyResetComplete(0xb615a2c0)
10-31 08:10:53.383 D/NuPlayerDriver( 1684): reset(0xb615a2c0)
10-31 08:10:53.383 W/MediaPlayer( 4923): Couldn't open file on client side; trying server side: java.io.FileNotFoundException: No content provider: http://192.168.1.111:9999/tts/pronounce?text=the&lang=en
10-31 08:10:53.394 I/NuCachedSource2( 1684): caching reached eos.
10-31 08:10:53.395 E/GenericSource( 1684): Failed to init from data source!
10-31 08:10:53.396 D/NuPlayerDriver( 1684): notifyListener_l(0xb6159e40), (100, 1, -2147483648)
10-31 08:10:53.396 E/MediaPlayer( 4923): error (1, -2147483648)
10-31 08:10:53.396 E/MediaPlayer( 4923): Error (1,-2147483648)
10-31 08:10:53.396 E/PronunciationService( 4923): MediaPlayer error for Method 1, word: 'the', what: 1, extra: -2147483648
10-31 08:10:53.396 D/PronunciationService( 4923): Method 2 failed, trying Method 3 (downloading)
10-31 08:10:53.397 D/NuPlayerDriver( 1684): reset(0xb6159e40)
10-31 08:10:53.397 D/NuPlayerDriver( 1684): notifyListener_l(0xb6159e40), (8, 0, 0)
10-31 08:10:53.398 D/NuPlayerDriver( 1684): notifyResetComplete(0xb6159e40)
10-31 08:10:53.398 D/NuPlayerDriver( 1684): reset(0xb6159e40)
10-31 08:10:54.082 D/PronunciationService( 4923): Audio downloaded to temp file: /data/user/0/com.github.damontecres.stashapp/cache/pronunciation_1761898253399.mp3
10-31 08:10:54.085 D/NuPlayerDriver( 1684): notifyListener_l(0xb6159d20), (1, 0, 0)
10-31 08:10:54.085 D/MediaPlayer( 4923): setSubtitleAnchor in MediaPlayer
10-31 08:10:54.087 D/PronunciationService( 4923): MediaPlayer prepared for Method 2, starting playback for word: 'the'
10-31 08:10:54.088 D/NuPlayerDriver( 1684): start(0xb6159d20), state is 4, eos is 0
10-31 08:10:54.088 I/GenericSource( 1684): start
10-31 08:10:54.091 E/OMXNodeInstance( 1684): setConfig(1c:google.mp3.decoder, ConfigPriority(0x6f800002)) ERROR: Undefined(0x80001001)
10-31 08:10:54.091 I/ACodec  ( 1684): codec does not support config priority (err -2147483648)
10-31 08:10:54.092 I/MediaCodec( 1684): MediaCodec will operate in async mode
10-31 08:10:54.096 D/NuPlayerDriver( 1684): notifyListener_l(0xb6159d20), (6, 0, 0)
10-31 08:10:54.360 I/NuPlayerDecoder( 1684): [audio] saw output EOS
10-31 08:10:54.889 D/NuPlayerDriver( 1684): notifyListener_l(0xb6159d20), (2, 0, 0)
10-31 08:10:54.889 D/PronunciationService( 4923): Pronunciation playback completed for word: 'the'
10-31 08:10:54.890 D/NuPlayerDriver( 1684): reset(0xb6159d20)
10-31 08:10:54.890 D/NuPlayerDriver( 1684): notifyListener_l(0xb6159d20), (8, 0, 0)
10-31 08:10:54.893 D/NuPlayerDriver( 1684): notifyResetComplete(0xb6159d20)
10-31 08:10:54.894 W/AMessage( 1684): failed to post message as target looper for handler 0 is gone.
10-31 08:10:55.132 D/PronunciationService( 4923): Requesting pronunciation for word: 'the', language: en
10-31 08:10:55.132 D/PronunciationService( 4923): Pronunciation URL: http://192.168.1.111:9999/tts/pronounce?text=the&lang=en
10-31 08:10:55.134 D/PronunciationService( 4923): Audio check - volume: 15, muted: false, silent mode: false
10-31 08:10:55.188 D/PronunciationService( 4923): Method 1: setDataSource with URL string succeeded
10-31 08:10:55.200 I/NuCachedSource2( 1684): caching reached eos.
10-31 08:10:55.200 E/GenericSource( 1684): Failed to init from data source!
10-31 08:10:55.201 D/NuPlayerDriver( 1684): notifyListener_l(0xb615a200), (100, 1, -2147483648)
10-31 08:10:55.201 E/MediaPlayer( 4923): error (1, -2147483648)
10-31 08:10:55.201 E/MediaPlayer( 4923): Error (1,-2147483648)
10-31 08:10:55.202 E/PronunciationService( 4923): MediaPlayer error for Method 0, word: 'the', what: 1, extra: -2147483648
10-31 08:10:55.202 D/PronunciationService( 4923): Method 1 failed, trying Method 2
10-31 08:10:55.202 D/NuPlayerDriver( 1684): reset(0xb615a200)
10-31 08:10:55.202 D/NuPlayerDriver( 1684): notifyListener_l(0xb615a200), (8, 0, 0)
10-31 08:10:55.202 D/NuPlayerDriver( 1684): notifyResetComplete(0xb615a200)
10-31 08:10:55.203 D/NuPlayerDriver( 1684): reset(0xb615a200)
10-31 08:10:55.204 W/MediaPlayer( 4923): Couldn't open file on client side; trying server side: java.io.FileNotFoundException: No content provider: http://192.168.1.111:9999/tts/pronounce?text=the&lang=en
10-31 08:10:55.219 I/NuCachedSource2( 1684): caching reached eos.
10-31 08:10:55.220 E/GenericSource( 1684): Failed to init from data source!
10-31 08:10:55.221 D/NuPlayerDriver( 1684): notifyListener_l(0xb6159e40), (100, 1, -2147483648)
10-31 08:10:55.221 E/MediaPlayer( 4923): error (1, -2147483648)
10-31 08:10:55.221 E/MediaPlayer( 4923): Error (1,-2147483648)
10-31 08:10:55.221 E/PronunciationService( 4923): MediaPlayer error for Method 1, word: 'the', what: 1, extra: -2147483648
10-31 08:10:55.221 D/PronunciationService( 4923): Method 2 failed, trying Method 3 (downloading)
10-31 08:10:55.221 D/NuPlayerDriver( 1684): reset(0xb6159e40)
10-31 08:10:55.221 D/NuPlayerDriver( 1684): notifyListener_l(0xb6159e40), (8, 0, 0)
10-31 08:10:55.221 D/NuPlayerDriver( 1684): notifyResetComplete(0xb6159e40)
10-31 08:10:55.222 D/NuPlayerDriver( 1684): reset(0xb6159e40)
10-31 08:10:55.468 D/PronunciationService( 4923): Audio downloaded to temp file: /data/user/0/com.github.damontecres.stashapp/cache/pronunciation_1761898255223.mp3
10-31 08:10:55.471 D/NuPlayerDriver( 1684): notifyListener_l(0xb615a380), (1, 0, 0)
10-31 08:10:55.471 D/MediaPlayer( 4923): setSubtitleAnchor in MediaPlayer
10-31 08:10:55.473 D/PronunciationService( 4923): MediaPlayer prepared for Method 2, starting playback for word: 'the'
10-31 08:10:55.473 D/NuPlayerDriver( 1684): start(0xb615a380), state is 4, eos is 0
10-31 08:10:55.474 I/GenericSource( 1684): start
10-31 08:10:55.476 E/OMXNodeInstance( 1684): setConfig(1d:google.mp3.decoder, ConfigPriority(0x6f800002)) ERROR: Undefined(0x80001001)
10-31 08:10:55.476 I/ACodec  ( 1684): codec does not support config priority (err -2147483648)
10-31 08:10:55.478 I/MediaCodec( 1684): MediaCodec will operate in async mode
10-31 08:10:55.492 D/NuPlayerDriver( 1684): notifyListener_l(0xb615a380), (6, 0, 0)
10-31 08:10:55.544 D/AudioFlinger( 1684): mixer(0xb4380000) throttle end: throttle time(17)
10-31 08:10:55.756 I/NuPlayerDecoder( 1684): [audio] saw output EOS
10-31 08:10:56.253 D/NuPlayerDriver( 1684): notifyListener_l(0xb615a380), (2, 0, 0)
10-31 08:10:56.253 D/PronunciationService( 4923): Pronunciation playback completed for word: 'the'
10-31 08:10:56.253 D/NuPlayerDriver( 1684): reset(0xb615a380)
10-31 08:10:56.253 D/NuPlayerDriver( 1684): notifyListener_l(0xb615a380), (8, 0, 0)
10-31 08:10:56.256 W/AMessage( 1684): failed to post message as target looper for handler 0 is gone.
10-31 08:10:56.259 D/NuPlayerDriver( 1684): notifyResetComplete(0xb615a380)
10-31 08:10:59.236 W/audio_hw_generic( 1684): Not supplying enough data to HAL, expected position 3282815 , only wrote 3058447
10-31 08:11:06.099 I/ContentMaintenance( 2622): Internal cache bytes used: 0; limit: 100000000; download size: 0
10-31 08:11:06.104 I/RealtimeCacheCleanup( 2622): Beginning Realtime garbage collection.
10-31 08:11:06.105 I/RealtimeCacheCleanup( 2622): Finished Realtime garbage collection.
10-31 08:13:58.892 E/WakeLock( 2356): GCM_HB_ALARM release without a matched acquire!
10-31 08:13:58.892 W/WakeLock( 2356): GCM_HB_ALARM counter does not exist
10-31 08:13:58.894 D/ConnectivityService( 1881): reportNetworkConnectivity(100, false) by 10008
10-31 08:13:58.894 D/NetworkMonitor/NetworkAgentInfo [Ethernet () - 100]( 1881): Forcing reevaluation for UID 10008
10-31 08:13:58.896 E/WakeLock( 2356): GCM_CONN_ALARM release without a matched acquire!
10-31 08:13:58.896 W/WakeLock( 2356): GCM_CONN_ALARM counter does not exist
10-31 08:13:58.899 D/NetworkMonitor/NetworkAgentInfo [Ethernet () - 100]( 1881): Checking http://connectivitycheck.gstatic.com/generate_204 on 52:54:00:12:34:56, connectivitycheck.gstatic.com=198.18.0.81
10-31 08:13:59.033 D/NetworkMonitor/NetworkAgentInfo [Ethernet () - 100]( 1881): isCaptivePortal: ret=204 headers={null=[HTTP/1.1 204 No Content], Content-Length=[0], Cross-Origin-Resource-Policy=[cross-origin], Date=[Fri, 31 Oct 2025 08:13:59 GMT], X-Android-Received-Millis=[1761898439033], X-Android-Response-Source=[NETWORK 204], X-Android-Selected-Protocol=[http/1.1], X-Android-Sent-Millis=[1761898438900]}
10-31 08:13:59.034 D/ConnectivityService( 1881): setProvNotificationVisibleIntent null visible=false networkType=MOBILE extraInfo=null highPriority=false
10-31 08:13:59.034 D/ConnectivityService( 1881): NetworkAgentInfo [Ethernet () - 100] validation  passed
10-31 08:14:06.023 I/qtaguid ( 2356): Failed write_ctrl(t -1 3458768941931823104 -1) res=-1 errno=9
10-31 08:14:06.023 I/qtaguid ( 2356): Tagging socket -1 with tag 3000040700000000(805307399) for uid -1 failed errno=-9
10-31 08:14:06.023 I/NetworkManagementSocketTagger( 2356): tagSocketFd(-1, 805307399, -1) failed with errno-9
10-31 08:14:06.670 E/WakeLock( 2356): GCM_CONN_ALARM release without a matched acquire!
lecomManager( 2772): Telecom Service not found.
10-31 08:10:34.951 I/Icing   ( 2622): Storage manager: low false usage 0 Bytes avail 5.43GB capacity 5.87GB
10-31 08:10:34.953 E/Icing   ( 2622): Unable to create native index.
10-31 08:10:34.953 E/Icing   ( 2622): Unable to initialize index manager: FAILURE
10-31 08:10:34.953 E/Icing   ( 2622): Couldn't handle android.intent.action.PACKAGE_REMOVED intent due to initialization failure.
10-31 08:10:34.986 I/Icing   ( 2622): IndexChimeraService.getServiceInterface callingPackage=com.google.android.gms componentName=AppsCorpus serviceId=36
10-31 08:10:34.986 W/Icing   ( 2622): IndexManager failed to initialize. SearchIndex.API is unavailable.
10-31 08:10:34.987 W/Icing   ( 2622): IndexManager failed to initialize. AppIndex.API is unavailable.
10-31 08:10:34.988 W/IcingInternalCorpora( 2622): Couldn't fetch status for corpus apps
10-31 08:10:34.997 E/art     ( 2622): invalid stream - problem with parameter iterator in /system/priv-app/PrebuiltGmsCorePano/PrebuiltGmsCorePano.apk for method void jcw.a(com.google.android.gms.common.ConnectionResult)
10-31 08:10:34.998 E/art     ( 2622): invalid stream - problem with parameter iterator in /system/priv-app/PrebuiltGmsCorePano/PrebuiltGmsCorePano.apk for method void jbm.a(java.lang.Object)
10-31 08:10:34.998 W/GmscoreIpa( 2622): Apps indexing failed. [CONTEXT service_id=255 ]
10-31 08:10:34.998 W/GmscoreIpa( 2622): aqzb: API: AppIndexing.API is not available on this device. Connection failed with: ConnectionResult{statusCode=API_UNAVAILABLE, resolution=null, message=null}
10-31 08:10:34.998 W/GmscoreIpa( 2622): 	at aqzf.a(:com.google.android.gms@202414084@20.24.14 (080706-319035315):2)
10-31 08:10:34.998 W/GmscoreIpa( 2622): 	at ilj.a(:com.google.android.gms@202414084@20.24.14 (080706-319035315):1)
10-31 08:10:34.998 W/GmscoreIpa( 2622): 	at iny.a(:com.google.android.gms@202414084@20.24.14 (080706-319035315):8)
10-31 08:10:34.998 W/GmscoreIpa( 2622): 	at iny.a(:com.google.android.gms@202414084@20.24.14 (080706-319035315):60)
10-31 08:10:34.998 W/GmscoreIpa( 2622): 	at iny.a(:com.google.android.gms@202414084@20.24.14 (080706-319035315):54)
10-31 08:10:34.998 W/GmscoreIpa( 2622): 	at iny.a(:com.google.android.gms@202414084@20.24.14 (080706-319035315):23)
10-31 08:10:34.998 W/GmscoreIpa( 2622): 	at jcw.a(:com.google.android.gms@202414084@20.24.14 (080706-319035315))
10-31 08:10:34.998 W/GmscoreIpa( 2622): 	at jbv.a(:com.google.android.gms@202414084@20.24.14 (080706-319035315):1)
10-31 08:10:34.998 W/GmscoreIpa( 2622): 	at jbm.a(:com.google.android.gms@202414084@20.24.14 (080706-319035315))
10-31 08:10:34.998 W/GmscoreIpa( 2622): 	at jbp.handleMessage(:com.google.android.gms@202414084@20.24.14 (080706-319035315):28)
10-31 08:10:34.998 W/GmscoreIpa( 2622): 	at android.os.Handler.dispatchMessage(Handler.java:102)
10-31 08:10:34.998 W/GmscoreIpa( 2622): 	at rkb.a(:com.google.android.gms@202414084@20.24.14 (080706-319035315):12)
10-31 08:10:34.998 W/GmscoreIpa( 2622): 	at rkb.dispatchMessage(:com.google.android.gms@202414084@20.24.14 (080706-319035315):14)
10-31 08:10:34.998 W/GmscoreIpa( 2622): 	at android.os.Looper.loop(Looper.java:148)
10-31 08:10:34.998 W/GmscoreIpa( 2622): 	at android.os.HandlerThread.run(HandlerThread.java:61)
10-31 08:10:35.001 D/ConnectivityService( 1881): listenForNetwork for Listen from uid/pid:10008/2622 for NetworkRequest [ id=4, legacyType=-1, [ Capabilities: INTERNET&NOT_RESTRICTED&TRUSTED&NOT_VPN] ]
10-31 08:10:35.002 D/ConnectivityService( 1881): rematching NetworkAgentInfo [Ethernet () - 100]
10-31 08:10:35.003 D/ConnectivityManager.CallbackHandler( 2622): CM callback handler got msg 524290
10-31 08:10:35.043 W/DriveInitializer( 2622): Awaiting to be initialized
10-31 08:10:35.053 I/AccountManagerService( 1881): getTypesVisibleToCaller: isPermitted? true
10-31 08:10:35.078 I/ContentMaintenance( 2622): Internal cache bytes used: 0; limit: 100000000; download size: 0
10-31 08:10:35.086 I/PinnedContentDownloader( 2622): Finished downloading pinned content.
10-31 08:10:35.089 I/RealtimeCacheCleanup( 2622): Beginning Realtime garbage collection.
10-31 08:10:35.090 I/RealtimeCacheCleanup( 2622): Finished Realtime garbage collection.
10-31 08:10:39.970 I/AccountManagerService( 1881): getTypesVisibleToCaller: isPermitted? true
10-31 08:10:44.836 D/AndroidRuntime( 5595): >>>>>> START com.android.internal.os.RuntimeInit uid 0 <<<<<<
10-31 08:10:44.836 D/AndroidRuntime( 5595): CheckJNI is OFF
10-31 08:10:44.843 D/ICU     ( 5595): No timezone override file found: /data/misc/zoneinfo/current/icu/icu_tzdata.dat
10-31 08:10:44.853 E/memtrack( 5595): Couldn't load memtrack module (No such file or directory)
10-31 08:10:44.853 E/android.os.Debug( 5595): failed to load memtrack module: -2
10-31 08:10:44.853 I/Radio-JNI( 5595): register_android_hardware_Radio DONE
10-31 08:10:44.857 D/AndroidRuntime( 5595): Calling main entry com.android.commands.pm.Pm
10-31 08:10:44.863 I/art     ( 5595): System.exit called, status: 0
10-31 08:10:44.863 I/AndroidRuntime( 5595): VM exiting with result code 0.
10-31 08:10:53.317 D/PronunciationService( 4923): Requesting pronunciation for word: 'the', language: en
10-31 08:10:53.317 D/PronunciationService( 4923): Pronunciation URL: http://192.168.1.111:9999/tts/pronounce?text=the&lang=en
10-31 08:10:53.318 D/PronunciationService( 4923): Audio check - volume: 15, muted: false, silent mode: false
10-31 08:10:53.369 D/PronunciationService( 4923): Method 1: setDataSource with URL string succeeded
10-31 08:10:53.380 I/NuCachedSource2( 1684): caching reached eos.
10-31 08:10:53.381 E/GenericSource( 1684): Failed to init from data source!
10-31 08:10:53.382 D/NuPlayerDriver( 1684): notifyListener_l(0xb615a2c0), (100, 1, -2147483648)
10-31 08:10:53.382 E/MediaPlayer( 4923): error (1, -2147483648)
10-31 08:10:53.382 E/MediaPlayer( 4923): Error (1,-2147483648)
10-31 08:10:53.383 E/PronunciationService( 4923): MediaPlayer error for Method 0, word: 'the', what: 1, extra: -2147483648
10-31 08:10:53.383 D/PronunciationService( 4923): Method 1 failed, trying Method 2
10-31 08:10:53.383 D/NuPlayerDriver( 1684): reset(0xb615a2c0)
10-31 08:10:53.383 D/NuPlayerDriver( 1684): notifyListener_l(0xb615a2c0), (8, 0, 0)
10-31 08:10:53.383 D/NuPlayerDriver( 1684): notifyResetComplete(0xb615a2c0)
10-31 08:10:53.383 D/NuPlayerDriver( 1684): reset(0xb615a2c0)
10-31 08:10:53.383 W/MediaPlayer( 4923): Couldn't open file on client side; trying server side: java.io.FileNotFoundException: No content provider: http://192.168.1.111:9999/tts/pronounce?text=the&lang=en
10-31 08:10:53.394 I/NuCachedSource2( 1684): caching reached eos.
10-31 08:10:53.395 E/GenericSource( 1684): Failed to init from data source!
10-31 08:10:53.396 D/NuPlayerDriver( 1684): notifyListener_l(0xb6159e40), (100, 1, -2147483648)
10-31 08:10:53.396 E/MediaPlayer( 4923): error (1, -2147483648)
10-31 08:10:53.396 E/MediaPlayer( 4923): Error (1,-2147483648)
10-31 08:10:53.396 E/PronunciationService( 4923): MediaPlayer error for Method 1, word: 'the', what: 1, extra: -2147483648
10-31 08:10:53.396 D/PronunciationService( 4923): Method 2 failed, trying Method 3 (downloading)
10-31 08:10:53.397 D/NuPlayerDriver( 1684): reset(0xb6159e40)
10-31 08:10:53.397 D/NuPlayerDriver( 1684): notifyListener_l(0xb6159e40), (8, 0, 0)
10-31 08:10:53.398 D/NuPlayerDriver( 1684): notifyResetComplete(0xb6159e40)
10-31 08:10:53.398 D/NuPlayerDriver( 1684): reset(0xb6159e40)
10-31 08:10:54.082 D/PronunciationService( 4923): Audio downloaded to temp file: /data/user/0/com.github.damontecres.stashapp/cache/pronunciation_1761898253399.mp3
10-31 08:10:54.085 D/NuPlayerDriver( 1684): notifyListener_l(0xb6159d20), (1, 0, 0)
10-31 08:10:54.085 D/MediaPlayer( 4923): setSubtitleAnchor in MediaPlayer
10-31 08:10:54.087 D/PronunciationService( 4923): MediaPlayer prepared for Method 2, starting playback for word: 'the'
10-31 08:10:54.088 D/NuPlayerDriver( 1684): start(0xb6159d20), state is 4, eos is 0
10-31 08:10:54.088 I/GenericSource( 1684): start
10-31 08:10:54.091 E/OMXNodeInstance( 1684): setConfig(1c:google.mp3.decoder, ConfigPriority(0x6f800002)) ERROR: Undefined(0x80001001)
10-31 08:10:54.091 I/ACodec  ( 1684): codec does not support config priority (err -2147483648)
10-31 08:10:54.092 I/MediaCodec( 1684): MediaCodec will operate in async mode
10-31 08:10:54.096 D/NuPlayerDriver( 1684): notifyListener_l(0xb6159d20), (6, 0, 0)
10-31 08:10:54.360 I/NuPlayerDecoder( 1684): [audio] saw output EOS
10-31 08:10:54.889 D/NuPlayerDriver( 1684): notifyListener_l(0xb6159d20), (2, 0, 0)
10-31 08:10:54.889 D/PronunciationService( 4923): Pronunciation playback completed for word: 'the'
10-31 08:10:54.890 D/NuPlayerDriver( 1684): reset(0xb6159d20)
10-31 08:10:54.890 D/NuPlayerDriver( 1684): notifyListener_l(0xb6159d20), (8, 0, 0)
10-31 08:10:54.893 D/NuPlayerDriver( 1684): notifyResetComplete(0xb6159d20)
10-31 08:10:54.894 W/AMessage( 1684): failed to post message as target looper for handler 0 is gone.
10-31 08:10:55.132 D/PronunciationService( 4923): Requesting pronunciation for word: 'the', language: en
10-31 08:10:55.132 D/PronunciationService( 4923): Pronunciation URL: http://192.168.1.111:9999/tts/pronounce?text=the&lang=en
10-31 08:10:55.134 D/PronunciationService( 4923): Audio check - volume: 15, muted: false, silent mode: false
10-31 08:10:55.188 D/PronunciationService( 4923): Method 1: setDataSource with URL string succeeded
10-31 08:10:55.200 I/NuCachedSource2( 1684): caching reached eos.
10-31 08:10:55.200 E/GenericSource( 1684): Failed to init from data source!
10-31 08:10:55.201 D/NuPlayerDriver( 1684): notifyListener_l(0xb615a200), (100, 1, -2147483648)
10-31 08:10:55.201 E/MediaPlayer( 4923): error (1, -2147483648)
10-31 08:10:55.201 E/MediaPlayer( 4923): Error (1,-2147483648)
10-31 08:10:55.202 E/PronunciationService( 4923): MediaPlayer error for Method 0, word: 'the', what: 1, extra: -2147483648
10-31 08:10:55.202 D/PronunciationService( 4923): Method 1 failed, trying Method 2
10-31 08:10:55.202 D/NuPlayerDriver( 1684): reset(0xb615a200)
10-31 08:10:55.202 D/NuPlayerDriver( 1684): notifyListener_l(0xb615a200), (8, 0, 0)
10-31 08:10:55.202 D/NuPlayerDriver( 1684): notifyResetComplete(0xb615a200)
10-31 08:10:55.203 D/NuPlayerDriver( 1684): reset(0xb615a200)
10-31 08:10:55.204 W/MediaPlayer( 4923): Couldn't open file on client side; trying server side: java.io.FileNotFoundException: No content provider: http://192.168.1.111:9999/tts/pronounce?text=the&lang=en
10-31 08:10:55.219 I/NuCachedSource2( 1684): caching reached eos.
10-31 08:10:55.220 E/GenericSource( 1684): Failed to init from data source!
10-31 08:10:55.221 D/NuPlayerDriver( 1684): notifyListener_l(0xb6159e40), (100, 1, -2147483648)
10-31 08:10:55.221 E/MediaPlayer( 4923): error (1, -2147483648)
10-31 08:10:55.221 E/MediaPlayer( 4923): Error (1,-2147483648)
10-31 08:10:55.221 E/PronunciationService( 4923): MediaPlayer error for Method 1, word: 'the', what: 1, extra: -2147483648
10-31 08:10:55.221 D/PronunciationService( 4923): Method 2 failed, trying Method 3 (downloading)
10-31 08:10:55.221 D/NuPlayerDriver( 1684): reset(0xb6159e40)
10-31 08:10:55.221 D/NuPlayerDriver( 1684): notifyListener_l(0xb6159e40), (8, 0, 0)
10-31 08:10:55.221 D/NuPlayerDriver( 1684): notifyResetComplete(0xb6159e40)
10-31 08:10:55.222 D/NuPlayerDriver( 1684): reset(0xb6159e40)
10-31 08:10:55.468 D/PronunciationService( 4923): Audio downloaded to temp file: /data/user/0/com.github.damontecres.stashapp/cache/pronunciation_1761898255223.mp3
10-31 08:10:55.471 D/NuPlayerDriver( 1684): notifyListener_l(0xb615a380), (1, 0, 0)
10-31 08:10:55.471 D/MediaPlayer( 4923): setSubtitleAnchor in MediaPlayer
10-31 08:10:55.473 D/PronunciationService( 4923): MediaPlayer prepared for Method 2, starting playback for word: 'the'
10-31 08:10:55.473 D/NuPlayerDriver( 1684): start(0xb615a380), state is 4, eos is 0
10-31 08:10:55.474 I/GenericSource( 1684): start
10-31 08:10:55.476 E/OMXNodeInstance( 1684): setConfig(1d:google.mp3.decoder, ConfigPriority(0x6f800002)) ERROR: Undefined(0x80001001)
10-31 08:10:55.476 I/ACodec  ( 1684): codec does not support config priority (err -2147483648)
10-31 08:10:55.478 I/MediaCodec( 1684): MediaCodec will operate in async mode
10-31 08:10:55.492 D/NuPlayerDriver( 1684): notifyListener_l(0xb615a380), (6, 0, 0)
10-31 08:10:55.544 D/AudioFlinger( 1684): mixer(0xb4380000) throttle end: throttle time(17)
10-31 08:10:55.756 I/NuPlayerDecoder( 1684): [audio] saw output EOS
10-31 08:10:56.253 D/NuPlayerDriver( 1684): notifyListener_l(0xb615a380), (2, 0, 0)
10-31 08:10:56.253 D/PronunciationService( 4923): Pronunciation playback completed for word: 'the'
10-31 08:10:56.253 D/NuPlayerDriver( 1684): reset(0xb615a380)
10-31 08:10:56.253 D/NuPlayerDriver( 1684): notifyListener_l(0xb615a380), (8, 0, 0)
10-31 08:10:56.256 W/AMessage( 1684): failed to post message as target looper for handler 0 is gone.
10-31 08:10:56.259 D/NuPlayerDriver( 1684): notifyResetComplete(0xb615a380)
10-31 08:10:59.236 W/audio_hw_generic( 1684): Not supplying enough data to HAL, expected position 3282815 , only wrote 3058447
10-31 08:11:06.099 I/ContentMaintenance( 2622): Internal cache bytes used: 0; limit: 100000000; download size: 0
10-31 08:11:06.104 I/RealtimeCacheCleanup( 2622): Beginning Realtime garbage collection.
10-31 08:11:06.105 I/RealtimeCacheCleanup( 2622): Finished Realtime garbage collection.
10-31 08:13:58.892 E/WakeLock( 2356): GCM_HB_ALARM release without a matched acquire!
10-31 08:13:58.892 W/WakeLock( 2356): GCM_HB_ALARM counter does not exist
10-31 08:13:58.894 D/ConnectivityService( 1881): reportNetworkConnectivity(100, false) by 10008
10-31 08:13:58.894 D/NetworkMonitor/NetworkAgentInfo [Ethernet () - 100]( 1881): Forcing reevaluation for UID 10008
10-31 08:13:58.896 E/WakeLock( 2356): GCM_CONN_ALARM release without a matched acquire!
10-31 08:13:58.896 W/WakeLock( 2356): GCM_CONN_ALARM counter does not exist
10-31 08:13:58.899 D/NetworkMonitor/NetworkAgentInfo [Ethernet () - 100]( 1881): Checking http://connectivitycheck.gstatic.com/generate_204 on 52:54:00:12:34:56, connectivitycheck.gstatic.com=198.18.0.81
10-31 08:13:59.033 D/NetworkMonitor/NetworkAgentInfo [Ethernet () - 100]( 1881): isCaptivePortal: ret=204 headers={null=[HTTP/1.1 204 No Content], Content-Length=[0], Cross-Origin-Resource-Policy=[cross-origin], Date=[Fri, 31 Oct 2025 08:13:59 GMT], X-Android-Received-Millis=[1761898439033], X-Android-Response-Source=[NETWORK 204], X-Android-Selected-Protocol=[http/1.1], X-Android-Sent-Millis=[1761898438900]}
10-31 08:13:59.034 D/ConnectivityService( 1881): setProvNotificationVisibleIntent null visible=false networkType=MOBILE extraInfo=null highPriority=false
10-31 08:13:59.034 D/ConnectivityService( 1881): NetworkAgentInfo [Ethernet () - 100] validation  passed
10-31 08:14:06.023 I/qtaguid ( 2356): Failed write_ctrl(t -1 3458768941931823104 -1) res=-1 errno=9
10-31 08:14:06.023 I/qtaguid ( 2356): Tagging socket -1 with tag 3000040700000000(805307399) for uid -1 failed errno=-9
10-31 08:14:06.023 I/NetworkManagementSocketTagger( 2356): tagSocketFd(-1, 805307399, -1) failed with errno-9
10-31 08:14:06.670 E/WakeLock( 2356): GCM_CONN_ALARM release without a matched acquire!
