10-29 09:26:09.997 19019 19019 I tecres.stashap:   at void android.os.Handler.handleCallback(android.os.Message) (Handler.java:873)
10-29 09:26:09.997 19019 19019 I tecres.stashap:   at void android.os.Handler.dispatchMessage(android.os.Message) (Handler.java:99)
10-29 09:26:09.997 19019 19019 I tecres.stashap:   at void android.os.Looper.loop() (Looper.java:193)
10-29 09:26:09.997 19019 19019 I tecres.stashap:   at void android.app.ActivityThread.main(java.lang.String[]) (ActivityThread.java:6669)
10-29 09:26:09.997 19019 19019 I tecres.stashap:   at java.lang.Object java.lang.reflect.Method.invoke(java.lang.Object, java.lang.Object[]) (Method.java:-2)
10-29 09:26:09.997 19019 19019 I tecres.stashap:   at void com.android.internal.os.RuntimeInit$MethodAndArgsCaller.run() (RuntimeInit.java:493)
10-29 09:26:09.997 19019 19019 I tecres.stashap:   at void com.android.internal.os.ZygoteInit.main(java.lang.String[]) (ZygoteInit.java:858)
10-29 09:26:09.997 19019 19019 I tecres.stashap: Caused by: java.lang.ClassNotFoundException: Didn't find class "androidx.window.sidecar.SidecarInterface$SidecarCallback" on path: DexPathList[[zip file "/data/app/com.github.damontecres.stashapp-DwVwaW0l212zaMW5cpQXFA==/base.apk"],nativeLibraryDirectories=[/data/app/com.github.damontecres.stashapp-DwVwaW0l212zaMW5cpQXFA==/lib/x86, /data/app/com.github.damontecres.stashapp-DwVwaW0l212zaMW5cpQXFA==/base.apk!/lib/x86, /system/lib]]
10-29 09:26:09.997 19019 19019 I tecres.stashap:   at java.lang.Class dalvik.system.BaseDexClassLoader.findClass(java.lang.String) (BaseDexClassLoader.java:134)
10-29 09:26:09.997 19019 19019 I tecres.stashap:   at java.lang.Class java.lang.ClassLoader.loadClass(java.lang.String, boolean) (ClassLoader.java:379)
10-29 09:26:09.997 19019 19019 I tecres.stashap:   at java.lang.Class java.lang.ClassLoader.loadClass(java.lang.String) (ClassLoader.java:312)
10-29 09:26:09.997 19019 19019 I tecres.stashap:   at androidx.window.layout.adapter.sidecar.ExtensionInterfaceCompat androidx.window.layout.adapter.sidecar.SidecarWindowBackend$Companion.initAndVerifyExtension(android.content.Context) (SidecarWindowBackend.kt:207)
10-29 09:26:09.997 19019 19019 I tecres.stashap:   at androidx.window.layout.adapter.sidecar.SidecarWindowBackend androidx.window.layout.adapter.sidecar.SidecarWindowBackend$Companion.getInstance(android.content.Context) (SidecarWindowBackend.kt:191)
10-29 09:26:09.997 19019 19019 I tecres.stashap:   at androidx.window.layout.WindowInfoTracker androidx.window.layout.WindowInfoTracker$Companion.getOrCreate(android.content.Context) (WindowInfoTracker.kt:135)
10-29 09:26:09.997 19019 19019 I tecres.stashap:   at androidx.compose.runtime.State androidx.compose.material3.adaptive.AndroidWindowInfo_androidKt.collectFoldingFeaturesAsState(androidx.compose.runtime.Composer, int) (AndroidWindowInfo.android.kt:90)
10-29 09:26:09.997 19019 19019 I tecres.stashap:   at androidx.compose.material3.adaptive.WindowAdaptiveInfo androidx.compose.material3.adaptive.AndroidWindowInfo_androidKt.currentWindowAdaptiveInfo(androidx.compose.runtime.Composer, int) (AndroidWindowInfo.android.kt:53)
10-29 09:26:09.997 19019 19019 I tecres.stashap:   at com.github.damontecres.stashapp.ui.util.ScreenSize com.github.damontecres.stashapp.ui.util.ScreenSizeKt.screenSize(androidx.compose.runtime.Composer, int) (ScreenSize.kt:15)
10-29 09:26:09.997 19019 19019 I tecres.stashap:   at void com.github.damontecres.stashapp.ui.components.server.InitialSetupKt.InitialSetup(kotlin.jvm.functions.Function1, androidx.compose.ui.Modifier, com.github.damontecres.stashapp.ui.components.server.ManageServersViewModel, androidx.compose.runtime.Composer, int, int) (InitialSetup.kt:39)
10-29 09:26:09.997 19019 19019 I tecres.stashap:   at kotlin.Unit com.github.damontecres.stashapp.ui.NavDrawerFragment.onViewCreated$lambda$19$lambda$18$lambda$17$lambda$16(com.github.damontecres.stashapp.ui.NavDrawerFragment, androidx.compose.runtime.State, com.github.damontecres.stashapp.proto.StashPreferences, boolean, androidx.compose.runtime.MutableState, androidx.compose.runtime.Composer, int) (NavDrawerFragment.kt:97)
10-29 09:26:09.997 19019 19019 I tecres.stashap:   at kotlin.Unit com.github.damontecres.stashapp.ui.NavDrawerFragment.$r8$lambda$UuBVf1afbVTUOc7-vuNByuLZJFQ(com.github.damontecres.stashapp.ui.NavDrawerFragment, androidx.compose.runtime.State, com.github.damontecres.stashapp.proto.StashPreferences, boolean, androidx.compose.runtime.MutableState, androidx.compose.runtime.Composer, int) (NavDrawerFragment.kt:-1)
10-29 09:26:09.997 19019 19019 I tecres.stashap:   at java.lang.Object com.github.damontecres.stashapp.ui.NavDrawerFragment$$ExternalSyntheticLambda3.invoke(java.lang.Object, java.lang.Object) (D8$$SyntheticClass:0)
10-29 09:26:09.997 19019 19019 I tecres.stashap:   at java.lang.Object androidx.compose.runtime.internal.ComposableLambdaImpl.invoke(androidx.compose.runtime.Composer, int) (ComposableLambda.kt:121)
10-29 09:26:09.997 19019 19019 I tecres.stashap:   at java.lang.Object androidx.compose.runtime.internal.ComposableLambdaImpl.invoke(java.lang.Object, java.lang.Object) (ComposableLambda.kt:51)
10-29 09:26:09.997 19019 19019 I tecres.stashap:   at void androidx.compose.runtime.CompositionLocalKt.CompositionLocalProvider(androidx.compose.runtime.ProvidedValue, kotlin.jvm.functions.Function2, androidx.compose.runtime.Composer, int) (CompositionLocal.kt:390)
10-29 09:26:09.997 19019 19019 I tecres.stashap:   at void androidx.tv.material3.TextKt.ProvideTextStyle(androidx.compose.ui.text.TextStyle, kotlin.jvm.functions.Function2, androidx.compose.runtime.Composer, int) (Text.kt:258)
10-29 09:26:09.997 19019 19019 I tecres.stashap:   at void androidx.tv.material3.MaterialThemeKt$MaterialTheme$1.invoke(androidx.compose.runtime.Composer, int) (MaterialTheme.kt:69)
10-29 09:26:09.997 19019 19019 I tecres.stashap:   at java.lang.Object androidx.tv.material3.MaterialThemeKt$MaterialTheme$1.invoke(java.lang.Object, java.lang.Object) (MaterialTheme.kt:68)
10-29 09:26:09.997 19019 19019 I tecres.stashap:   at java.lang.Object androidx.compose.runtime.internal.ComposableLambdaImpl.invoke(androidx.compose.runtime.Composer, int) (ComposableLambda.kt:121)
10-29 09:26:09.997 19019 19019 I tecres.stashap:   at java.lang.Object androidx.compose.runtime.internal.ComposableLambdaImpl.invoke(java.lang.Object, java.lang.Object) (ComposableLambda.kt:51)
10-29 09:26:09.997 19019 19019 I tecres.stashap:   at void androidx.compose.runtime.CompositionLocalKt.CompositionLocalProvider(androidx.compose.runtime.ProvidedValue[], kotlin.jvm.functions.Function2, androidx.compose.runtime.Composer, int) (CompositionLocal.kt:370)
10-29 09:26:09.997 19019 19019 I tecres.stashap:   at void androidx.tv.material3.MaterialThemeKt.MaterialTheme(androidx.tv.material3.ColorScheme, androidx.tv.material3.Shapes, androidx.tv.material3.Typography, kotlin.jvm.functions.Function2, androidx.compose.runtime.Composer, int, int) (MaterialTheme.kt:63)
10-29 09:26:09.997 19019 19019 I tecres.stashap:   at void com.github.damontecres.stashapp.ui.ThemesKt.AppTheme(com.github.damontecres.stashapp.proto.ThemeStyle, java.lang.String, com.github.damontecres.stashapp.ui.AppColorScheme, kotlin.jvm.functions.Function2, androidx.compose.runtime.Composer, int, int) (Themes.kt:113)
10-29 09:26:09.997 19019 19019 I tecres.stashap:   at kotlin.Unit com.github.damontecres.stashapp.ui.NavDrawerFragment.onViewCreated$lambda$19$lambda$18(com.github.damontecres.stashapp.ui.NavDrawerFragment, androidx.compose.ui.platform.ComposeView, androidx.compose.runtime.Composer, int) (NavDrawerFragment.kt:77)
10-29 09:26:09.997 19019 19019 I tecres.stashap:   at kotlin.Unit com.github.damontecres.stashapp.ui.NavDrawerFragment.$r8$lambda$AXAPyiaO1KbQmZpZ-GpJ7g1Rq_U(com.github.damontecres.stashapp.ui.NavDrawerFragment, androidx.compose.ui.platform.ComposeView, androidx.compose.runtime.Composer, int) (NavDrawerFragment.kt:-1)
10-29 09:26:09.997 19019 19019 I tecres.stashap:   at java.lang.Object com.github.damontecres.stashapp.ui.NavDrawerFragment$$ExternalSyntheticLambda2.invoke(java.lang.Object, java.lang.Object) (D8$$SyntheticClass:0)
10-29 09:26:09.997 19019 19019 I tecres.stashap:   at java.lang.Object androidx.compose.runtime.internal.ComposableLambdaImpl.invoke(androidx.compose.runtime.Composer, int) (ComposableLambda.kt:121)
10-29 09:26:09.998 19019 19019 I tecres.stashap:   at void androidx.compose.runtime.internal.ComposableLambdaImpl$invoke$1.invoke(androidx.compose.runtime.Composer, int) (ComposableLambda.kt:122)
10-29 09:26:09.998 19019 19019 I tecres.stashap:   at java.lang.Object androidx.compose.runtime.internal.ComposableLambdaImpl$invoke$1.invoke(java.lang.Object, java.lang.Object) (ComposableLambda.kt:122)
10-29 09:26:09.998 19019 19019 I tecres.stashap:   at void androidx.compose.runtime.RecomposeScopeImpl.compose(androidx.compose.runtime.Composer) (RecomposeScopeImpl.kt:196)
10-29 09:26:09.998 19019 19019 I tecres.stashap:   at void androidx.compose.runtime.ComposerImpl.recomposeToGroupEnd() (Composer.kt:2895)
10-29 09:26:09.998 19019 19019 I tecres.stashap:   at void androidx.compose.runtime.ComposerImpl.skipCurrentGroup() (Composer.kt:3231)
10-29 09:26:09.998 19019 19019 I tecres.stashap:   at void androidx.compose.runtime.ComposerImpl.doCompose-aFTiNEg(androidx.collection.MutableScatterMap, kotlin.jvm.functions.Function2) (Composer.kt:3855)
10-29 09:26:09.998 19019 19019 I tecres.stashap:   at boolean androidx.compose.runtime.ComposerImpl.recompose-aFTiNEg$runtime(androidx.collection.MutableScatterMap, androidx.compose.runtime.ShouldPauseCallback) (Composer.kt:3779)
10-29 09:26:09.998 19019 19019 I tecres.stashap:   at boolean androidx.compose.runtime.CompositionImpl.recompose() (Composition.kt:1075)
10-29 09:26:09.998 19019 19019 I tecres.stashap:   at androidx.compose.runtime.ControlledComposition androidx.compose.runtime.Recomposer.performRecompose(androidx.compose.runtime.ControlledComposition, androidx.collection.MutableScatterSet) (Recomposer.kt:1364)
10-29 09:26:09.998 19019 19019 I tecres.stashap:   at androidx.compose.runtime.ControlledComposition androidx.compose.runtime.Recomposer.access$performRecompose(androidx.compose.runtime.Recomposer, androidx.compose.runtime.ControlledComposition, androidx.collection.MutableScatterSet) (Recomposer.kt:156)
10-29 09:26:09.998 19019 19019 I tecres.stashap:   at kotlin.Unit androidx.compose.runtime.Recomposer$runRecomposeAndApplyChanges$2.invokeSuspend$lambda$22(androidx.compose.runtime.Recomposer, androidx.collection.MutableScatterSet, androidx.collection.MutableScatterSet, java.util.List, java.util.List, androidx.collection.MutableScatterSet, java.util.List, androidx.collection.MutableScatterSet, java.util.Set, long) (Recomposer.kt:627)
10-29 09:26:09.998 19019 19019 I tecres.stashap:   at kotlin.Unit androidx.compose.runtime.Recomposer$runRecomposeAndApplyChanges$2.$r8$lambda$OqADLCDYmRw1RgNUvn1CR0kX32M(androidx.compose.runtime.Recomposer, androidx.collection.MutableScatterSet, androidx.collection.MutableScatterSet, java.util.List, java.util.List, androidx.collection.MutableScatterSet, java.util.List, androidx.collection.MutableScatterSet, java.util.Set, long) (Recomposer.kt:-1)
10-29 09:26:09.998 19019 19019 I tecres.stashap:   at java.lang.Object androidx.compose.runtime.Recomposer$runRecomposeAndApplyChanges$2$$ExternalSyntheticLambda0.invoke(java.lang.Object) (D8$$SyntheticClass:0)
10-29 09:26:09.998 19019 19019 I tecres.stashap:   at void androidx.compose.ui.platform.AndroidUiFrameClock$withFrameNanos$2$callback$1.doFrame(long) (AndroidUiFrameClock.android.kt:39)
10-29 09:26:09.998 19019 19019 I tecres.stashap:   at void androidx.compose.ui.platform.AndroidUiDispatcher.performFrameDispatch(long) (AndroidUiDispatcher.android.kt:108)
10-29 09:26:09.998 19019 19019 I tecres.stashap:   at void androidx.compose.ui.platform.AndroidUiDispatcher.access$performFrameDispatch(androidx.compose.ui.platform.AndroidUiDispatcher, long) (AndroidUiDispatcher.android.kt:41)
10-29 09:26:09.998 19019 19019 I tecres.stashap:   at void androidx.compose.ui.platform.AndroidUiDispatcher$dispatchCallback$1.doFrame(long) (AndroidUiDispatcher.android.kt:69)
10-29 09:26:09.998 19019 19019 I tecres.stashap:   at void android.view.Choreographer$CallbackRecord.run(long) (Choreographer.java:947)
10-29 09:26:09.998 19019 19019 I tecres.stashap:   at void android.view.Choreographer.doCallbacks(int, long) (Choreographer.java:761)
10-29 09:26:09.998 19019 19019 I tecres.stashap:   at void android.view.Choreographer.doFrame(long, int) (Choreographer.java:693)
10-29 09:26:09.998 19019 19019 I tecres.stashap:   at void android.view.Choreographer$FrameDisplayEventReceiver.run() (Choreographer.java:935)
10-29 09:26:09.998 19019 19019 I tecres.stashap:   at void android.os.Handler.handleCallback(android.os.Message) (Handler.java:873)
10-29 09:26:09.998 19019 19019 I tecres.stashap:   at void android.os.Handler.dispatchMessage(android.os.Message) (Handler.java:99)
10-29 09:26:09.998 19019 19019 I tecres.stashap:   at void android.os.Looper.loop() (Looper.java:193)
10-29 09:26:09.998 19019 19019 I tecres.stashap:   at void android.app.ActivityThread.main(java.lang.String[]) (ActivityThread.java:6669)
10-29 09:26:09.998 19019 19019 I tecres.stashap:   at java.lang.Object java.lang.reflect.Method.invoke(java.lang.Object, java.lang.Object[]) (Method.java:-2)
10-29 09:26:09.998 19019 19019 I tecres.stashap:   at void com.android.internal.os.RuntimeInit$MethodAndArgsCaller.run() (RuntimeInit.java:493)
10-29 09:26:09.998 19019 19019 I tecres.stashap:   at void com.android.internal.os.ZygoteInit.main(java.lang.String[]) (ZygoteInit.java:858)
10-29 09:26:09.998 19019 19019 I tecres.stashap: 
10-29 09:26:10.033  1812  1839 W SurfaceFlinger: Attempting to set client state on removed layer: Splash Screen com.github.damontecres.stashapp#0
10-29 09:26:10.033  1812  1839 W SurfaceFlinger: Attempting to destroy on removed layer: Splash Screen com.github.damontecres.stashapp#0
10-29 09:26:10.035  1982  2182 I GnssLocationProvider: WakeLock acquired by sendMessage(REPORT_SV_STATUS, 0, com.android.server.location.GnssLocationProvider$SvStatusInfo@15e4775)
10-29 09:26:10.036  1982  2001 I GnssLocationProvider: WakeLock released by handleMessage(REPORT_SV_STATUS, 0, com.android.server.location.GnssLocationProvider$SvStatusInfo@15e4775)
10-29 09:26:10.202 19019 19019 W tecres.stashap: Accessing hidden method Landroid/text/SpannableStringInternal;->length()I (light greylist, linking)
10-29 09:26:10.455 19019 19019 W tecres.stashap: Accessing hidden method Landroid/view/RenderNode;->create(Ljava/lang/String;Landroid/view/View;)Landroid/view/RenderNode; (light greylist, linking)
10-29 09:26:10.455 19019 19019 W tecres.stashap: Accessing hidden method Landroid/view/RenderNode;->getScaleX()F (dark greylist, linking)
10-29 09:26:10.455 19019 19019 W tecres.stashap: Accessing hidden method Landroid/view/RenderNode;->setClipToBounds(Z)Z (light greylist, linking)
10-29 09:26:10.455 19019 19019 W tecres.stashap: Accessing hidden method Landroid/view/RenderNode;->setClipToOutline(Z)Z (dark greylist, linking)
10-29 09:26:10.455 19019 19019 I chatty  : uid=10058(com.github.damontecres.stashapp) identical 1 line
10-29 09:26:10.455 19019 19019 W tecres.stashap: Accessing hidden method Landroid/view/RenderNode;->setClipToOutline(Z)Z (dark greylist, linking)
10-29 09:26:10.456 19019 19019 W tecres.stashap: Accessing hidden method Landroid/view/RenderNode;->setLayerType(I)Z (dark greylist, linking)
10-29 09:26:10.456 19019 19019 I chatty  : uid=10058(com.github.damontecres.stashapp) identical 1 line
10-29 09:26:10.456 19019 19019 W tecres.stashap: Accessing hidden method Landroid/view/RenderNode;->setLayerType(I)Z (dark greylist, linking)
10-29 09:26:10.456 19019 19019 W tecres.stashap: Accessing hidden method Landroid/view/RenderNode;->getMatrix(Landroid/graphics/Matrix;)V (dark greylist, linking)
10-29 09:26:10.456 19019 19019 W tecres.stashap: Accessing hidden method Landroid/view/DisplayListCanvas;->drawRenderNode(Landroid/view/RenderNode;)V (light greylist, linking)
10-29 09:26:10.456 19019 19019 W tecres.stashap: Accessing hidden method Landroid/view/RenderNode;->isValid()Z (light greylist, linking)
10-29 09:26:10.457 19019 19019 W tecres.stashap: Accessing hidden method Landroid/view/RenderNode;->start(II)Landroid/view/DisplayListCanvas; (light greylist, linking)
10-29 09:26:10.457 19019 19019 W tecres.stashap: Accessing hidden method Landroid/view/RenderNode;->end(Landroid/view/DisplayListCanvas;)V (light greylist, linking)
10-29 09:26:10.457 19019 19019 W tecres.stashap: Accessing hidden method Landroid/view/RenderNode;->setAlpha(F)Z (dark greylist, linking)
10-29 09:26:10.457 19019 19019 W tecres.stashap: Accessing hidden method Landroid/view/RenderNode;->setCameraDistance(F)Z (dark greylist, linking)
10-29 09:26:10.457 19019 19019 W tecres.stashap: Accessing hidden method Landroid/view/RenderNode;->setLayerPaint(Landroid/graphics/Paint;)Z (dark greylist, linking)
10-29 09:26:10.458 19019 19019 W tecres.stashap: Accessing hidden method Landroid/view/RenderNode;->setOutline(Landroid/graphics/Outline;)Z (dark greylist, linking)
10-29 09:26:10.458 19019 19019 W tecres.stashap: Accessing hidden method Landroid/view/RenderNode;->setPivotX(F)Z (dark greylist, linking)
10-29 09:26:10.458 19019 19019 W tecres.stashap: Accessing hidden method Landroid/view/RenderNode;->setPivotX(F)Z (dark greylist, linking)
10-29 09:26:10.458 19019 19019 W tecres.stashap: Accessing hidden method Landroid/view/RenderNode;->setLeftTopRightBottom(IIII)Z (light greylist, linking)
10-29 09:26:10.458 19019 19019 W tecres.stashap: Accessing hidden method Landroid/view/RenderNode;->setPivotX(F)Z (dark greylist, linking)
10-29 09:26:10.458 19019 19019 W tecres.stashap: Accessing hidden method Landroid/view/RenderNode;->setRotationX(F)Z (dark greylist, linking)
10-29 09:26:10.458 19019 19019 W tecres.stashap: Accessing hidden method Landroid/view/RenderNode;->setRotationY(F)Z (dark greylist, linking)
10-29 09:26:10.458 19019 19019 W tecres.stashap: Accessing hidden method Landroid/view/RenderNode;->setRotation(F)Z (dark greylist, linking)
10-29 09:26:10.458 19019 19019 W tecres.stashap: Accessing hidden method Landroid/view/RenderNode;->setScaleX(F)Z (dark greylist, linking)
10-29 09:26:10.458 19019 19019 W tecres.stashap: Accessing hidden method Landroid/view/RenderNode;->setScaleY(F)Z (dark greylist, linking)
10-29 09:26:10.458 19019 19019 W tecres.stashap: Accessing hidden method Landroid/view/RenderNode;->setElevation(F)Z (dark greylist, linking)
10-29 09:26:10.458 19019 19019 W tecres.stashap: Accessing hidden method Landroid/view/RenderNode;->setTranslationX(F)Z (dark greylist, linking)
10-29 09:26:10.458 19019 19019 W tecres.stashap: Accessing hidden method Landroid/view/RenderNode;->setTranslationY(F)Z (dark greylist, linking)
10-29 09:26:10.458 19019 19019 W tecres.stashap: Accessing hidden method Landroid/view/RenderNode;->getScaleX()F (dark greylist, linking)
10-29 09:26:10.521 19019 19019 I Choreographer: Skipped 37 frames!  The application may be doing too much work on its main thread.
10-29 09:26:10.521 19019 19019 V NavDrawerFragment: cmd=NavigationCommand(destination=Setup, popUpToMain=false), server=null
10-29 09:26:11.035  1982  2182 I GnssLocationProvider: WakeLock acquired by sendMessage(REPORT_SV_STATUS, 0, com.android.server.location.GnssLocationProvider$SvStatusInfo@868430a)
10-29 09:26:11.036  1982  2001 I GnssLocationProvider: WakeLock released by handleMessage(REPORT_SV_STATUS, 0, com.android.server.location.GnssLocationProvider$SvStatusInfo@868430a)
10-29 09:26:11.376  1982  2107 E TaskPersister: File error accessing recents directory (directory doesn't exist?).
10-29 09:26:12.035  1982  2182 I GnssLocationProvider: WakeLock acquired by sendMessage(REPORT_SV_STATUS, 0, com.android.server.location.GnssLocationProvider$SvStatusInfo@c8dc77b)
10-29 09:26:12.036  1982  2001 I GnssLocationProvider: WakeLock released by handleMessage(REPORT_SV_STATUS, 0, com.android.server.location.GnssLocationProvider$SvStatusInfo@c8dc77b)
10-29 09:26:13.036  1982  2182 I GnssLocationProvider: WakeLock acquired by sendMessage(REPORT_SV_STATUS, 0, com.android.server.location.GnssLocationProvider$SvStatusInfo@f479998)
10-29 09:26:13.036  1982  2001 I GnssLocationProvider: WakeLock released by handleMessage(REPORT_SV_STATUS, 0, com.android.server.location.GnssLocationProvider$SvStatusInfo@f479998)
10-29 09:26:14.036  1982  2182 I GnssLocationProvider: WakeLock acquired by sendMessage(REPORT_SV_STATUS, 0, com.android.server.location.GnssLocationProvider$SvStatusInfo@5d8e5f1)
10-29 09:26:14.037  1982  2001 I GnssLocationProvider: WakeLock released by handleMessage(REPORT_SV_STATUS, 0, com.android.server.location.GnssLocationProvider$SvStatusInfo@5d8e5f1)
10-29 09:26:14.575 19019 19060 D ProfileInstaller: Installing profile for com.github.damontecres.stashapp
10-29 09:26:15.037  1982  2182 I GnssLocationProvider: WakeLock acquired by sendMessage(REPORT_SV_STATUS, 0, com.android.server.location.GnssLocationProvider$SvStatusInfo@ccf85d6)
10-29 09:26:15.037  1982  2001 I GnssLocationProvider: WakeLock released by handleMessage(REPORT_SV_STATUS, 0, com.android.server.location.GnssLocationProvider$SvStatusInfo@ccf85d6)
10-29 09:26:16.037  1982  2182 I GnssLocationProvider: WakeLock acquired by sendMessage(REPORT_SV_STATUS, 0, com.android.server.location.GnssLocationProvider$SvStatusInfo@8a76057)
10-29 09:26:16.038  1982  2001 I GnssLocationProvider: WakeLock released by handleMessage(REPORT_SV_STATUS, 0, com.android.server.location.GnssLocationProvider$SvStatusInfo@8a76057)
10-29 09:26:16.923  1982  2386 I ActivityManager: Killing 21960:com.google.android.katniss:search/u0a28 (adj 906): empty for 2153s
10-29 09:26:16.924  1982  2006 W libprocessgroup: kill(-21960, 9) failed: No such process
10-29 09:26:16.961  1982  2042 D ConnectivityService: ConnectivityService NetworkRequestInfo binderDied(NetworkRequest [ LISTEN id=20, [ Capabilities: INTERNET&NOT_RESTRICTED&TRUSTED Unwanted:  Uid: 10028] ], android.os.BinderProxy@8e8b744)
10-29 09:26:16.962  1813  1813 I Zygote  : Process 21960 exited due to signal (9)
10-29 09:26:16.970  1982  2006 W libprocessgroup: kill(-21960, 9) failed: No such process
10-29 09:26:16.970  1982  2006 I libprocessgroup: Successfully killed process cgroup uid 10028 pid 21960 in 45ms
10-29 09:26:17.038  1982  2182 I GnssLocationProvider: WakeLock acquired by sendMessage(REPORT_SV_STATUS, 0, com.android.server.location.GnssLocationProvider$SvStatusInfo@584f02d)
10-29 09:26:17.039  1982  2001 I GnssLocationProvider: WakeLock released by handleMessage(REPORT_SV_STATUS, 0, com.android.server.location.GnssLocationProvider$SvStatusInfo@584f02d)
10-29 09:26:18.039  1982  2182 I GnssLocationProvider: WakeLock acquired by sendMessage(REPORT_SV_STATUS, 0, com.android.server.location.GnssLocationProvider$SvStatusInfo@a962962)
10-29 09:26:18.039  1982  2001 I GnssLocationProvider: WakeLock released by handleMessage(REPORT_SV_STATUS, 0, com.android.server.location.GnssLocationProvider$SvStatusInfo@a962962)
10-29 09:26:18.045  1982  2001 E memtrack: Couldn't load memtrack module
10-29 09:26:18.045  1982  2001 W android.os.Debug: failed to get memory consumption info: -1
10-29 09:26:19.039  1982  2182 I GnssLocationProvider: WakeLock acquired by sendMessage(REPORT_SV_STATUS, 0, com.android.server.location.GnssLocationProvider$SvStatusInfo@657aaf3)
10-29 09:26:19.040  1982  2001 I GnssLocationProvider: WakeLock released by handleMessage(REPORT_SV_STATUS, 0, com.android.server.location.GnssLocationProvider$SvStatusInfo@657aaf3)
10-29 09:26:20.040  1982  2182 I GnssLocationProvider: WakeLock acquired by sendMessage(REPORT_SV_STATUS, 0, com.android.server.location.GnssLocationProvider$SvStatusInfo@45c03b0)
10-29 09:26:20.040  1982  2001 I GnssLocationProvider: WakeLock released by handleMessage(REPORT_SV_STATUS, 0, com.android.server.location.GnssLocationProvider$SvStatusInfo@45c03b0)
10-29 09:26:20.047  1982  2001 E memtrack: Couldn't load memtrack module
10-29 09:26:20.047  1982  2001 W android.os.Debug: failed to get memory consumption info: -1
10-29 09:26:20.054  1982  2001 E memtrack: Couldn't load memtrack module
10-29 09:26:20.054  1982  2001 W android.os.Debug: failed to get memory consumption info: -1
10-29 09:26:21.041  1982  2182 I GnssLocationProvider: WakeLock acquired by sendMessage(REPORT_SV_STATUS, 0, com.android.server.location.GnssLocationProvider$SvStatusInfo@e6d6229)
10-29 09:26:21.041  1982  2001 I GnssLocationProvider: WakeLock released by handleMessage(REPORT_SV_STATUS, 0, com.android.server.location.GnssLocationProvider$SvStatusInfo@e6d6229)
10-29 09:26:22.042  1982  2182 I GnssLocationProvider: WakeLock acquired by sendMessage(REPORT_SV_STATUS, 0, com.android.server.location.GnssLocationProvider$SvStatusInfo@d3179ae)
10-29 09:26:22.042  1982  2001 I GnssLocationProvider: WakeLock released by handleMessage(REPORT_SV_STATUS, 0, com.android.server.location.GnssLocationProvider$SvStatusInfo@d3179ae)
10-29 09:26:23.042  1982  2182 I GnssLocationProvider: WakeLock acquired by sendMessage(REPORT_SV_STATUS, 0, com.android.server.location.GnssLocationProvider$SvStatusInfo@bb8034f)
10-29 09:26:23.042  1982  2001 I GnssLocationProvider: WakeLock released by handleMessage(REPORT_SV_STATUS, 0, com.android.server.location.GnssLocationProvider$SvStatusInfo@bb8034f)
10-29 09:26:24.042  1982  2182 I GnssLocationProvider: WakeLock acquired by sendMessage(REPORT_SV_STATUS, 0, com.android.server.location.GnssLocationProvider$SvStatusInfo@c75aadc)
10-29 09:26:24.043  1982  2001 I GnssLocationProvider: WakeLock released by handleMessage(REPORT_SV_STATUS, 0, com.android.server.location.GnssLocationProvider$SvStatusInfo@c75aadc)
10-29 09:26:25.042  1982  2182 I GnssLocationProvider: WakeLock acquired by sendMessage(REPORT_SV_STATUS, 0, com.android.server.location.GnssLocationProvider$SvStatusInfo@a50f7e5)
10-29 09:26:25.043  1982  2001 I GnssLocationProvider: WakeLock released by handleMessage(REPORT_SV_STATUS, 0, com.android.server.location.GnssLocationProvider$SvStatusInfo@a50f7e5)
10-29 09:26:26.043  1982  2182 I GnssLocationProvider: WakeLock acquired by sendMessage(REPORT_SV_STATUS, 0, com.android.server.location.GnssLocationProvider$SvStatusInfo@1f82ba)
10-29 09:26:26.043  1982  2001 I GnssLocationProvider: WakeLock released by handleMessage(REPORT_SV_STATUS, 0, com.android.server.location.GnssLocationProvider$SvStatusInfo@1f82ba)
10-29 09:26:27.046  1982  2182 I GnssLocationProvider: WakeLock acquired by sendMessage(REPORT_SV_STATUS, 0, com.android.server.location.GnssLocationProvider$SvStatusInfo@d1b856b)
10-29 09:26:27.046  1982  2001 I GnssLocationProvider: WakeLock released by handleMessage(REPORT_SV_STATUS, 0, com.android.server.location.GnssLocationProvider$SvStatusInfo@d1b856b)
10-29 09:26:28.047  1982  2182 I GnssLocationProvider: WakeLock acquired by sendMessage(REPORT_SV_STATUS, 0, com.android.server.location.GnssLocationProvider$SvStatusInfo@32098c8)
10-29 09:26:28.047  1982  2001 I GnssLocationProvider: WakeLock released by handleMessage(REPORT_SV_STATUS, 0, com.android.server.location.GnssLocationProvider$SvStatusInfo@32098c8)
10-29 09:26:28.057  1982  2001 E memtrack: Couldn't load memtrack module
10-29 09:26:28.057  1982  2001 W android.os.Debug: failed to get memory consumption info: -1
10-29 09:26:29.047  1982  2182 I GnssLocationProvider: WakeLock acquired by sendMessage(REPORT_SV_STATUS, 0, com.android.server.location.GnssLocationProvider$SvStatusInfo@61e2d61)
10-29 09:26:29.048  1982  2001 I GnssLocationProvider: WakeLock released by handleMessage(REPORT_SV_STATUS, 0, com.android.server.location.GnssLocationProvider$SvStatusInfo@61e2d61)
10-29 09:26:29.080  1920  1920 E netmgr  : Failed to open QEMU pipe 'qemud:network': Invalid argument
10-29 09:26:29.080  1920  1920 E netmgr  : WifiForwarder unable to open QEMU pipe: Invalid argument
10-29 09:26:30.047  1982  2182 I GnssLocationProvider: WakeLock acquired by sendMessage(REPORT_SV_STATUS, 0, com.android.server.location.GnssLocationProvider$SvStatusInfo@6b31086)
10-29 09:26:30.048  1982  2001 I GnssLocationProvider: WakeLock released by handleMessage(REPORT_SV_STATUS, 0, com.android.server.location.GnssLocationProvider$SvStatusInfo@6b31086)
10-29 09:26:31.048  1982  2182 I GnssLocationProvider: WakeLock acquired by sendMessage(REPORT_SV_STATUS, 0, com.android.server.location.GnssLocationProvider$SvStatusInfo@6eb0d47)
10-29 09:26:31.048  1982  2001 I GnssLocationProvider: WakeLock released by handleMessage(REPORT_SV_STATUS, 0, com.android.server.location.GnssLocationProvider$SvStatusInfo@6eb0d47)
10-29 09:26:31.964  1825  1872 E storaged: getDiskStats failed with result NOT_SUPPORTED and size 0
10-29 09:26:32.048  1982  2182 I GnssLocationProvider: WakeLock acquired by sendMessage(REPORT_SV_STATUS, 0, com.android.server.location.GnssLocationProvider$SvStatusInfo@345aa5e)
10-29 09:26:32.049  1982  2001 I GnssLocationProvider: WakeLock released by handleMessage(REPORT_SV_STATUS, 0, com.android.server.location.GnssLocationProvider$SvStatusInfo@345aa5e)
10-29 09:26:32.058  2379  9815 I NetworkScheduler.Stats: Task com.google.android.gms/com.google.android.gms.icing.service.IcingGcmTaskService started execution. cause:4 exec_start_elapsed_seconds: 16650 [CONTEXT service_id=218 ]
10-29 09:26:32.063  2379 18985 I NetworkScheduler.Stats: Task com.google.android.gms/com.google.android.gms.icing.service.IcingGcmTaskService finished executing. cause:4 result: 1 elapsed_millis: 24 uptime_millis: 24 exec_start_elapsed_seconds: 16650 [CONTEXT service_id=218 ]
10-29 09:26:32.095  2379 19062 I NetworkScheduler.Stats: Task com.google.android.gms/com.google.android.gms.auth.account.be.legacy.AuthCronService started execution. cause:5 exec_start_elapsed_seconds: 16650 [CONTEXT service_id=218 ]
10-29 09:26:32.105 19063 19063 W id.gms.unstabl: Unexpected CPU variant for X86 using defaults: x86
10-29 09:26:32.112  1982  2005 I ActivityManager: Start proc 19063:com.google.android.gms.unstable/u0a20 for service com.google.android.gms/.droidguard.DroidGuardService
10-29 09:26:32.123 19063 19063 I id.gms.unstabl: The ClassLoaderContext is a special shared library.
10-29 09:26:32.123 19063 19063 I chatty  : uid=10020 com.google.android.gms.unstable identical 1 line
10-29 09:26:32.124 19063 19063 I id.gms.unstabl: The ClassLoaderContext is a special shared library.
10-29 09:26:32.158 19063 19063 W DynamiteModule: Local module descriptor class for providerinstaller not found.
10-29 09:26:32.163 19063 19063 W ProviderHelper: Unknown dynamite feature providerinstaller
10-29 09:26:32.169 19063 19063 I DynamiteModule: Considering local module providerinstaller:0 and remote module providerinstaller:0
10-29 09:26:32.169 19063 19063 W ProviderInstaller: Failed to load providerinstaller module: No acceptable module found. Local version is 0 and remote version is 0.
10-29 09:26:32.173 19063 19063 V NativeCrypto: Registering com/google/android/gms/org/conscrypt/NativeCrypto's 286 native methods...
10-29 09:26:32.179 19063 19063 D NetworkSecurityConfig: Using Network Security Config from resource network_security_config debugBuild: false
10-29 09:26:32.180 19063 19063 I ProviderInstaller: Installed default security provider GmsCore_OpenSSL
10-29 09:26:32.184 19063 19063 I Safeboot: Checking safeboot...
10-29 09:26:32.186 19063 19063 I Safeboot: Not entering safeboot; wrong process.
10-29 09:26:32.228 19063 19063 I Watchcat: Started
10-29 09:26:32.232 19063 19063 I ahjf    : Primes not initialized, returning default (no-op) Primes instance which will ignore all calls. Please call Primes.initialize(...) before using any Primes API.
10-29 09:26:32.309 19063 19077 I id.gms.unstabl: The ClassLoaderContext is a special shared library.
10-29 09:26:32.379  2379 19062 W Conscrypt: Could not set socket write timeout: java.net.SocketException: Socket closed
10-29 09:26:32.379  2379 19062 W Conscrypt: 	at com.google.android.gms.org.conscrypt.Platform.setSocketWriteTimeout(:com.google.android.gms@202414084@20.24.14 (080706-319035315):2)
10-29 09:26:32.379  2379 19062 W Conscrypt: 	at com.google.android.gms.org.conscrypt.ConscryptFileDescriptorSocket.setSoWriteTimeout(:com.google.android.gms@202414084@20.24.14 (080706-319035315):0)
10-29 09:26:32.575  2379 19062 W Conscrypt: Could not set socket write timeout: java.net.SocketException: Socket closed
10-29 09:26:32.575  2379 19062 W Conscrypt: 	at com.google.android.gms.org.conscrypt.Platform.setSocketWriteTimeout(:com.google.android.gms@202414084@20.24.14 (080706-319035315):2)
10-29 09:26:32.575  2379 19062 W Conscrypt: 	at com.google.android.gms.org.conscrypt.ConscryptFileDescriptorSocket.setSoWriteTimeout(:com.google.android.gms@202414084@20.24.14 (080706-319035315):0)
10-29 09:26:32.830  2379  2997 W GLSUser : [AppCertManager] Failed to get security token.
10-29 09:26:32.830  2379  2997 W GLSUser : java.io.IOException: QUOTA_EXCEEDED
10-29 09:26:32.830  2379  2997 W GLSUser : 	at qqg.a(:com.google.android.gms@202414084@20.24.14 (080706-319035315):46)
10-29 09:26:32.830  2379  2997 W GLSUser : 	at qqg.a(:com.google.android.gms@202414084@20.24.14 (080706-319035315):18)
10-29 09:26:32.830  2379  2997 W GLSUser : 	at geu.a(:com.google.android.gms@202414084@20.24.14 (080706-319035315):17)
10-29 09:26:32.830  2379  2997 W GLSUser : 	at ges.b(:com.google.android.gms@202414084@20.24.14 (080706-319035315):2)
10-29 09:26:32.830  2379  2997 W GLSUser : 	at gen.a(:com.google.android.gms@202414084@20.24.14 (080706-319035315):0)
10-29 09:26:32.830  2379  2997 W GLSUser : 	at geq.a(:com.google.android.gms@202414084@20.24.14 (080706-319035315):10)
10-29 09:26:32.830  2379  2997 W GLSUser : 	at epi.call(:com.google.android.gms@202414084@20.24.14 (080706-319035315):0)
10-29 09:26:32.830  2379  2997 W GLSUser : 	at java.util.concurrent.FutureTask.run(FutureTask.java:266)
10-29 09:26:32.830  2379  2997 W GLSUser : 	at joa.b(:com.google.android.gms@202414084@20.24.14 (080706-319035315):12)
10-29 09:26:32.830  2379  2997 W GLSUser : 	at joa.run(:com.google.android.gms@202414084@20.24.14 (080706-319035315):7)
10-29 09:26:32.830  2379  2997 W GLSUser : 	at java.util.concurrent.ThreadPoolExecutor.runWorker(ThreadPoolExecutor.java:1167)
10-29 09:26:32.830  2379  2997 W GLSUser : 	at java.util.concurrent.ThreadPoolExecutor$Worker.run(ThreadPoolExecutor.java:641)
10-29 09:26:32.830  2379  2997 W GLSUser : 	at jtw.run(:com.google.android.gms@202414084@20.24.14 (080706-319035315):0)
10-29 09:26:32.830  2379  2997 W GLSUser : 	at java.lang.Thread.run(Thread.java:764)
10-29 09:26:32.841  2379  2997 W Conscrypt: Could not set socket write timeout: java.net.SocketException: Socket closed
10-29 09:26:32.842  2379  2997 W Conscrypt: 	at com.google.android.gms.org.conscrypt.Platform.setSocketWriteTimeout(:com.google.android.gms@202414084@20.24.14 (080706-319035315):2)
10-29 09:26:32.842  2379  2997 W Conscrypt: 	at com.google.android.gms.org.conscrypt.ConscryptFileDescriptorSocket.setSoWriteTimeout(:com.google.android.gms@202414084@20.24.14 (080706-319035315):0)
10-29 09:26:33.047  2379  2997 W Conscrypt: Could not set socket write timeout: java.net.SocketException: Socket closed
10-29 09:26:33.047  2379  2997 W Conscrypt: 	at com.google.android.gms.org.conscrypt.Platform.setSocketWriteTimeout(:com.google.android.gms@202414084@20.24.14 (080706-319035315):2)
10-29 09:26:33.047  2379  2997 W Conscrypt: 	at com.google.android.gms.org.conscrypt.ConscryptFileDescriptorSocket.setSoWriteTimeout(:com.google.android.gms@202414084@20.24.14 (080706-319035315):0)
10-29 09:26:33.049  1982  2182 I GnssLocationProvider: WakeLock acquired by sendMessage(REPORT_SV_STATUS, 0, com.android.server.location.GnssLocationProvider$SvStatusInfo@e94e73b)
10-29 09:26:33.050  1982  2001 I GnssLocationProvider: WakeLock released by handleMessage(REPORT_SV_STATUS, 0, com.android.server.location.GnssLocationProvider$SvStatusInfo@e94e73b)
10-29 09:26:33.284  2379  2997 W GLSUser : [AppCertManager] IOException while requesting key: 
10-29 09:26:33.284  2379  2997 W GLSUser : java.io.IOException: Invalid device key response.
10-29 09:26:33.284  2379  2997 W GLSUser : 	at geu.a(:com.google.android.gms@202414084@20.24.14 (080706-319035315):49)
10-29 09:26:33.284  2379  2997 W GLSUser : 	at ges.b(:com.google.android.gms@202414084@20.24.14 (080706-319035315):2)
10-29 09:26:33.284  2379  2997 W GLSUser : 	at gen.a(:com.google.android.gms@202414084@20.24.14 (080706-319035315):0)
10-29 09:26:33.284  2379  2997 W GLSUser : 	at geq.a(:com.google.android.gms@202414084@20.24.14 (080706-319035315):10)
10-29 09:26:33.284  2379  2997 W GLSUser : 	at epi.call(:com.google.android.gms@202414084@20.24.14 (080706-319035315):0)
10-29 09:26:33.284  2379  2997 W GLSUser : 	at java.util.concurrent.FutureTask.run(FutureTask.java:266)
10-29 09:26:33.284  2379  2997 W GLSUser : 	at joa.b(:com.google.android.gms@202414084@20.24.14 (080706-319035315):12)
10-29 09:26:33.284  2379  2997 W GLSUser : 	at joa.run(:com.google.android.gms@202414084@20.24.14 (080706-319035315):7)
10-29 09:26:33.284  2379  2997 W GLSUser : 	at java.util.concurrent.ThreadPoolExecutor.runWorker(ThreadPoolExecutor.java:1167)
10-29 09:26:33.284  2379  2997 W GLSUser : 	at java.util.concurrent.ThreadPoolExecutor$Worker.run(ThreadPoolExecutor.java:641)
10-29 09:26:33.284  2379  2997 W GLSUser : 	at jtw.run(:com.google.android.gms@202414084@20.24.14 (080706-319035315):0)
10-29 09:26:33.284  2379  2997 W GLSUser : 	at java.lang.Thread.run(Thread.java:764)
10-29 09:26:33.289  2379  9815 I NetworkScheduler.Stats: Task com.google.android.gms/com.google.android.gms.auth.account.be.legacy.AuthCronService finished executing. cause:5 result: 3 elapsed_millis: 1206 uptime_millis: 1206 exec_start_elapsed_seconds: 16650 [CONTEXT service_id=218 ]
10-29 09:26:34.049  1982  2182 I GnssLocationProvider: WakeLock acquired by sendMessage(REPORT_SV_STATUS, 0, com.android.server.location.GnssLocationProvider$SvStatusInfo@67c9e58)
10-29 09:26:34.049  1982  2001 I GnssLocationProvider: WakeLock released by handleMessage(REPORT_SV_STATUS, 0, com.android.server.location.GnssLocationProvider$SvStatusInfo@67c9e58)
10-29 09:26:35.049  1982  2182 I GnssLocationProvider: WakeLock acquired by sendMessage(REPORT_SV_STATUS, 0, com.android.server.location.GnssLocationProvider$SvStatusInfo@b5e6bb1)
10-29 09:26:35.049  1982  2001 I GnssLocationProvider: WakeLock released by handleMessage(REPORT_SV_STATUS, 0, com.android.server.location.GnssLocationProvider$SvStatusInfo@b5e6bb1)
10-29 09:26:35.611  1982  1449 D WificondControl: Scan result ready event
10-29 09:26:36.049  1982  2182 I GnssLocationProvider: WakeLock acquired by sendMessage(REPORT_SV_STATUS, 0, com.android.server.location.GnssLocationProvider$SvStatusInfo@7e9f896)
10-29 09:26:36.049  1982  2001 I GnssLocationProvider: WakeLock released by handleMessage(REPORT_SV_STATUS, 0, com.android.server.location.GnssLocationProvider$SvStatusInfo@7e9f896)
10-29 09:26:37.050  1982  2182 I GnssLocationProvider: WakeLock acquired by sendMessage(REPORT_SV_STATUS, 0, com.android.server.location.GnssLocationProvider$SvStatusInfo@260bc17)
10-29 09:26:37.050  1982  2001 I GnssLocationProvider: WakeLock released by handleMessage(REPORT_SV_STATUS, 0, com.android.server.location.GnssLocationProvider$SvStatusInfo@260bc17)
10-29 09:26:38.051  1982  2182 I GnssLocationProvider: WakeLock acquired by sendMessage(REPORT_SV_STATUS, 0, com.android.server.location.GnssLocationProvider$SvStatusInfo@d494804)
10-29 09:26:38.051  1982  2001 I GnssLocationProvider: WakeLock released by handleMessage(REPORT_SV_STATUS, 0, com.android.server.location.GnssLocationProvider$SvStatusInfo@d494804)
10-29 09:26:39.052  1982  2182 I GnssLocationProvider: WakeLock acquired by sendMessage(REPORT_SV_STATUS, 0, com.android.server.location.GnssLocationProvider$SvStatusInfo@33d11ed)
10-29 09:26:39.052  1982  2001 I GnssLocationProvider: WakeLock released by handleMessage(REPORT_SV_STATUS, 0, com.android.server.location.GnssLocationProvider$SvStatusInfo@33d11ed)
10-29 09:26:40.052  1982  2182 I GnssLocationProvider: WakeLock acquired by sendMessage(REPORT_SV_STATUS, 0, com.android.server.location.GnssLocationProvider$SvStatusInfo@6c50822)
10-29 09:26:40.053  1982  2001 I GnssLocationProvider: WakeLock released by handleMessage(REPORT_SV_STATUS, 0, com.android.server.location.GnssLocationProvider$SvStatusInfo@6c50822)
10-29 09:26:40.061  1982  2001 E memtrack: Couldn't load memtrack module
10-29 09:26:40.061  1982  2001 W android.os.Debug: failed to get memory consumption info: -1
10-29 09:26:40.067  1982  2001 E memtrack: Couldn't load memtrack module
10-29 09:26:40.067  1982  2001 W android.os.Debug: failed to get memory consumption info: -1
10-29 09:26:41.052  1982  2182 I GnssLocationProvider: WakeLock acquired by sendMessage(REPORT_SV_STATUS, 0, com.android.server.location.GnssLocationProvider$SvStatusInfo@6ab02b3)
10-29 09:26:41.053  1982  2001 I GnssLocationProvider: WakeLock released by handleMessage(REPORT_SV_STATUS, 0, com.android.server.location.GnssLocationProvider$SvStatusInfo@6ab02b3)
10-29 09:26:42.053  1982  2182 I GnssLocationProvider: WakeLock acquired by sendMessage(REPORT_SV_STATUS, 0, com.android.server.location.GnssLocationProvider$SvStatusInfo@b14e070)
10-29 09:26:42.053  1982  2001 I GnssLocationProvider: WakeLock released by handleMessage(REPORT_SV_STATUS, 0, com.android.server.location.GnssLocationProvider$SvStatusInfo@b14e070)
10-29 09:26:43.053  1982  2182 I GnssLocationProvider: WakeLock acquired by sendMessage(REPORT_SV_STATUS, 0, com.android.server.location.GnssLocationProvider$SvStatusInfo@ae5dfe9)
10-29 09:26:43.053  1982  2001 I GnssLocationProvider: WakeLock released by handleMessage(REPORT_SV_STATUS, 0, com.android.server.location.GnssLocationProvider$SvStatusInfo@ae5dfe9)
10-29 09:26:44.054  1982  2182 I GnssLocationProvider: WakeLock acquired by sendMessage(REPORT_SV_STATUS, 0, com.android.server.location.GnssLocationProvider$SvStatusInfo@54f846e)
10-29 09:26:44.055  1982  2001 I GnssLocationProvider: WakeLock released by handleMessage(REPORT_SV_STATUS, 0, com.android.server.location.GnssLocationProvider$SvStatusInfo@54f846e)
10-29 09:26:45.054  1982  2182 I GnssLocationProvider: WakeLock acquired by sendMessage(REPORT_SV_STATUS, 0, com.android.server.location.GnssLocationProvider$SvStatusInfo@849170f)
10-29 09:26:45.054  1982  2001 I GnssLocationProvider: WakeLock released by handleMessage(REPORT_SV_STATUS, 0, com.android.server.location.GnssLocationProvider$SvStatusInfo@849170f)
10-29 09:26:46.055  1982  2182 I GnssLocationProvider: WakeLock acquired by sendMessage(REPORT_SV_STATUS, 0, com.android.server.location.GnssLocationProvider$SvStatusInfo@bf939c)
10-29 09:26:46.055  1982  2001 I GnssLocationProvider: WakeLock released by handleMessage(REPORT_SV_STATUS, 0, com.android.server.location.GnssLocationProvider$SvStatusInfo@bf939c)
10-29 09:26:47.055  1982  2182 I GnssLocationProvider: WakeLock acquired by sendMessage(REPORT_SV_STATUS, 0, com.android.server.location.GnssLocationProvider$SvStatusInfo@73391a5)
10-29 09:26:47.055  1982  2001 I GnssLocationProvider: WakeLock released by handleMessage(REPORT_SV_STATUS, 0, com.android.server.location.GnssLocationProvider$SvStatusInfo@73391a5)
10-29 09:26:48.056  1982  2182 I GnssLocationProvider: WakeLock acquired by sendMessage(REPORT_SV_STATUS, 0, com.android.server.location.GnssLocationProvider$SvStatusInfo@1f3797a)
10-29 09:26:48.056  1982  2001 I GnssLocationProvider: WakeLock released by handleMessage(REPORT_SV_STATUS, 0, com.android.server.location.GnssLocationProvider$SvStatusInfo@1f3797a)
10-29 09:26:49.056  1982  2182 I GnssLocationProvider: WakeLock acquired by sendMessage(REPORT_SV_STATUS, 0, com.android.server.location.GnssLocationProvider$SvStatusInfo@20a152b)
10-29 09:26:49.056  1982  2001 I GnssLocationProvider: WakeLock released by handleMessage(REPORT_SV_STATUS, 0, com.android.server.location.GnssLocationProvider$SvStatusInfo@20a152b)
10-29 09:26:50.056  1982  2182 I GnssLocationProvider: WakeLock acquired by sendMessage(REPORT_SV_STATUS, 0, com.android.server.location.GnssLocationProvider$SvStatusInfo@b004d88)
10-29 09:26:50.057  1982  2001 I GnssLocationProvider: WakeLock released by handleMessage(REPORT_SV_STATUS, 0, com.android.server.location.GnssLocationProvider$SvStatusInfo@b004d88)
10-29 09:26:51.057  1982  2182 I GnssLocationProvider: WakeLock acquired by sendMessage(REPORT_SV_STATUS, 0, com.android.server.location.GnssLocationProvider$SvStatusInfo@5f0a321)
10-29 09:26:51.057  1982  2001 I GnssLocationProvider: WakeLock released by handleMessage(REPORT_SV_STATUS, 0, com.android.server.location.GnssLocationProvider$SvStatusInfo@5f0a321)
10-29 09:26:52.058  1982  2182 I GnssLocationProvider: WakeLock acquired by sendMessage(REPORT_SV_STATUS, 0, com.android.server.location.GnssLocationProvider$SvStatusInfo@5afb346)
10-29 09:26:52.058  1982  2001 I GnssLocationProvider: WakeLock released by handleMessage(REPORT_SV_STATUS, 0, com.android.server.location.GnssLocationProvider$SvStatusInfo@5afb346)
10-29 09:26:53.058  1982  2182 I GnssLocationProvider: WakeLock acquired by sendMessage(REPORT_SV_STATUS, 0, com.android.server.location.GnssLocationProvider$SvStatusInfo@292d907)
10-29 09:26:53.058  1982  2001 I GnssLocationProvider: WakeLock released by handleMessage(REPORT_SV_STATUS, 0, com.android.server.location.GnssLocationProvider$SvStatusInfo@292d907)
10-29 09:26:54.060  1982  2182 I GnssLocationProvider: WakeLock acquired by sendMessage(REPORT_SV_STATUS, 0, com.android.server.location.GnssLocationProvider$SvStatusInfo@910ba34)
10-29 09:26:54.060  1982  2001 I GnssLocationProvider: WakeLock released by handleMessage(REPORT_SV_STATUS, 0, com.android.server.location.GnssLocationProvider$SvStatusInfo@910ba34)
10-29 09:26:55.060  1982  2182 I GnssLocationProvider: WakeLock acquired by sendMessage(REPORT_SV_STATUS, 0, com.android.server.location.GnssLocationProvider$SvStatusInfo@d13505d)
10-29 09:26:55.061  1982  2001 I GnssLocationProvider: WakeLock released by handleMessage(REPORT_SV_STATUS, 0, com.android.server.location.GnssLocationProvider$SvStatusInfo@d13505d)
10-29 09:26:56.061  1982  2182 I GnssLocationProvider: WakeLock acquired by sendMessage(REPORT_SV_STATUS, 0, com.android.server.location.GnssLocationProvider$SvStatusInfo@8a3bdd2)
10-29 09:26:56.061  1982  2001 I GnssLocationProvider: WakeLock released by handleMessage(REPORT_SV_STATUS, 0, com.android.server.location.GnssLocationProvider$SvStatusInfo@8a3bdd2)
10-29 09:26:57.061  1982  2182 I GnssLocationProvider: WakeLock acquired by sendMessage(REPORT_SV_STATUS, 0, com.android.server.location.GnssLocationProvider$SvStatusInfo@3f9fea3)
10-29 09:26:57.062  1982  2001 I GnssLocationProvider: WakeLock released by handleMessage(REPORT_SV_STATUS, 0, com.android.server.location.GnssLocationProvider$SvStatusInfo@3f9fea3)
10-29 09:26:58.062  1982  2182 I GnssLocationProvider: WakeLock acquired by sendMessage(REPORT_SV_STATUS, 0, com.android.server.location.GnssLocationProvider$SvStatusInfo@21945a0)
10-29 09:26:58.063  1982  2001 I GnssLocationProvider: WakeLock released by handleMessage(REPORT_SV_STATUS, 0, com.android.server.location.GnssLocationProvider$SvStatusInfo@21945a0)
10-29 09:26:58.070  1982  2001 E memtrack: Couldn't load memtrack module
10-29 09:26:58.070  1982  2001 W android.os.Debug: failed to get memory consumption info: -1
10-29 09:26:59.062  1982  2182 I GnssLocationProvider: WakeLock acquired by sendMessage(REPORT_SV_STATUS, 0, com.android.server.location.GnssLocationProvider$SvStatusInfo@1b99559)
10-29 09:26:59.063  1982  2001 I GnssLocationProvider: WakeLock released by handleMessage(REPORT_SV_STATUS, 0, com.android.server.location.GnssLocationProvider$SvStatusInfo@1b99559)
10-29 09:27:00.063  1982  2182 I GnssLocationProvider: WakeLock acquired by sendMessage(REPORT_SV_STATUS, 0, com.android.server.location.GnssLocationProvider$SvStatusInfo@123e1ff)
10-29 09:27:00.064  1982  2001 I GnssLocationProvider: WakeLock released by handleMessage(REPORT_SV_STATUS, 0, com.android.server.location.GnssLocationProvider$SvStatusInfo@123e1ff)
10-29 09:27:01.064  1982  2182 I GnssLocationProvider: WakeLock acquired by sendMessage(REPORT_SV_STATUS, 0, com.android.server.location.GnssLocationProvider$SvStatusInfo@55d1bcc)
10-29 09:27:01.065  1982  2001 I GnssLocationProvider: WakeLock released by handleMessage(REPORT_SV_STATUS, 0, com.android.server.location.GnssLocationProvider$SvStatusInfo@55d1bcc)
10-29 09:27:02.064  1982  2182 I GnssLocationProvider: WakeLock acquired by sendMessage(REPORT_SV_STATUS, 0, com.android.server.location.GnssLocationProvider$SvStatusInfo@3f79691)
10-29 09:27:02.065  1982  2001 I GnssLocationProvider: WakeLock released by handleMessage(REPORT_SV_STATUS, 0, com.android.server.location.GnssLocationProvider$SvStatusInfo@3f79691)
10-29 09:27:03.065  1982  2182 I GnssLocationProvider: WakeLock acquired by sendMessage(REPORT_SV_STATUS, 0, com.android.server.location.GnssLocationProvider$SvStatusInfo@57179f6)
10-29 09:27:03.065  1982  2001 I GnssLocationProvider: WakeLock released by handleMessage(REPORT_SV_STATUS, 0, com.android.server.location.GnssLocationProvider$SvStatusInfo@57179f6)
10-29 09:27:03.377  1982  2512 E memtrack: Couldn't load memtrack module
10-29 09:27:03.377  1982  2512 W android.os.Debug: failed to get memory consumption info: -1
10-29 09:27:04.065  1982  2182 I GnssLocationProvider: WakeLock acquired by sendMessage(REPORT_SV_STATUS, 0, com.android.server.location.GnssLocationProvider$SvStatusInfo@ebe11f7)
10-29 09:27:04.066  1982  2001 I GnssLocationProvider: WakeLock released by handleMessage(REPORT_SV_STATUS, 0, com.android.server.location.GnssLocationProvider$SvStatusInfo@ebe11f7)
