10-29 09:29:03.156  1982  2001 I GnssLocationProvider: WakeLock released by handleMessage(REPORT_SV_STATUS, 0, com.android.server.location.GnssLocationProvider$SvStatusInfo@757de0a)
10-29 09:29:03.460  1982  2512 E memtrack: Couldn't load memtrack module
10-29 09:29:03.460  1982  2512 W android.os.Debug: failed to get memory consumption info: -1
10-29 09:29:04.156  1982  2182 I GnssLocationProvider: WakeLock acquired by sendMessage(REPORT_SV_STATUS, 0, com.android.server.location.GnssLocationProvider$SvStatusInfo@bccc67b)
10-29 09:29:04.157  1982  2001 I GnssLocationProvider: WakeLock released by handleMessage(REPORT_SV_STATUS, 0, com.android.server.location.GnssLocationProvider$SvStatusInfo@bccc67b)
10-29 09:29:05.157  1982  2182 I GnssLocationProvider: WakeLock acquired by sendMessage(REPORT_SV_STATUS, 0, com.android.server.location.GnssLocationProvider$SvStatusInfo@8cc2c98)
10-29 09:29:05.157  1982  2001 I GnssLocationProvider: WakeLock released by handleMessage(REPORT_SV_STATUS, 0, com.android.server.location.GnssLocationProvider$SvStatusInfo@8cc2c98)
10-29 09:29:05.167 19019 19019 D Autofill Status: Autofill popup isn't shown because autofill is not available.
10-29 09:29:05.167 19019 19019 D Autofill Status: 
10-29 09:29:05.167 19019 19019 D Autofill Status: Did you set up autofill?
10-29 09:29:05.167 19019 19019 D Autofill Status: 1. Go to Settings > System > Languages&input > Advanced > Autofill Service
10-29 09:29:05.167 19019 19019 D Autofill Status: 2. Pick a service
10-29 09:29:05.167 19019 19019 D Autofill Status: 
10-29 09:29:05.167 19019 19019 D Autofill Status: Did you add an account?
10-29 09:29:05.167 19019 19019 D Autofill Status: 1. Go to Settings > System > Languages&input > Advanced
10-29 09:29:05.167 19019 19019 D Autofill Status: 2. Click on the settings icon next to the Autofill Service
10-29 09:29:05.167 19019 19019 D Autofill Status: 3. Add your account
10-29 09:29:05.274  2110  2110 W GInputConnectionWrapper: Fixing selection indices to 0, 0
10-29 09:29:05.345  2450  2450 D TVNotifService: skipped notification StatusBarNotification(pkg=android user=UserHandle{-1} id=8 tag=null key=-1|android|8|null|1000: Notification(channel=VIRTUAL_KEYBOARD pri=0 contentView=null vibrate=null sound=null defaults=0x0 flags=0x2 color=0xff607d8b category=sys vis=PRIVATE)) userId: 0
10-29 09:29:05.345  2450  2450 D TVNotifService: skipped notification StatusBarNotification(pkg=android user=UserHandle{-1} id=8 tag=null key=-1|android|8|null|1000: Notification(channel=VIRTUAL_KEYBOARD pri=0 contentView=null vibrate=null sound=null defaults=0x0 flags=0x2 color=0xff607d8b category=sys vis=PRIVATE)) userId: 0
10-29 09:29:06.157  1982  2182 I GnssLocationProvider: WakeLock acquired by sendMessage(REPORT_SV_STATUS, 0, com.android.server.location.GnssLocationProvider$SvStatusInfo@a9dd0d6)
10-29 09:29:06.157  1982  2001 I GnssLocationProvider: WakeLock released by handleMessage(REPORT_SV_STATUS, 0, com.android.server.location.GnssLocationProvider$SvStatusInfo@a9dd0d6)
10-29 09:29:06.971  1982  1982 W TelecomManager: Telecom Service not found.
10-29 09:29:06.972  2450  2450 D TVNotifService: skipped remove notification StatusBarNotification(pkg=android user=UserHandle{-1} id=8 tag=null key=-1|android|8|null|1000: Notification(channel=VIRTUAL_KEYBOARD pri=0 contentView=null vibrate=null sound=null defaults=0x0 flags=0x2 color=0xff607d8b category=sys vis=PRIVATE)) userId: 0
10-29 09:29:06.979  2110  3831 D EGL_emulation: eglMakeCurrent: 0xe1f06880: ver 2 0 (tinfo 0xcc4ac0e0)
10-29 09:29:07.157  1982  2182 I GnssLocationProvider: WakeLock acquired by sendMessage(REPORT_SV_STATUS, 0, com.android.server.location.GnssLocationProvider$SvStatusInfo@71e24ae)
10-29 09:29:07.157  1982  2001 I GnssLocationProvider: WakeLock released by handleMessage(REPORT_SV_STATUS, 0, com.android.server.location.GnssLocationProvider$SvStatusInfo@71e24ae)
10-29 09:29:07.444 19019 19019 D Autofill Status: Autofill popup isn't shown because autofill is not available.
10-29 09:29:07.444 19019 19019 D Autofill Status: 
10-29 09:29:07.444 19019 19019 D Autofill Status: Did you set up autofill?
10-29 09:29:07.444 19019 19019 D Autofill Status: 1. Go to Settings > System > Languages&input > Advanced > Autofill Service
10-29 09:29:07.444 19019 19019 D Autofill Status: 2. Pick a service
10-29 09:29:07.444 19019 19019 D Autofill Status: 
10-29 09:29:07.444 19019 19019 D Autofill Status: Did you add an account?
10-29 09:29:07.444 19019 19019 D Autofill Status: 1. Go to Settings > System > Languages&input > Advanced
10-29 09:29:07.444 19019 19019 D Autofill Status: 2. Click on the settings icon next to the Autofill Service
10-29 09:29:07.444 19019 19019 D Autofill Status: 3. Add your account
10-29 09:29:07.575  2110 19111 I native  : neural_language_identifier.cc:337 Portable Language Identification module loaded successfully.
10-29 09:29:07.605  2110  2110 W GInputConnectionWrapper: Fixing selection indices to 25, 25
10-29 09:29:07.731  2450  2450 D TVNotifService: skipped notification StatusBarNotification(pkg=android user=UserHandle{-1} id=8 tag=null key=-1|android|8|null|1000: Notification(channel=VIRTUAL_KEYBOARD pri=0 contentView=null vibrate=null sound=null defaults=0x0 flags=0x2 color=0xff607d8b category=sys vis=PRIVATE)) userId: 0
10-29 09:29:07.732  2450  2450 D TVNotifService: skipped notification StatusBarNotification(pkg=android user=UserHandle{-1} id=8 tag=null key=-1|android|8|null|1000: Notification(channel=VIRTUAL_KEYBOARD pri=0 contentView=null vibrate=null sound=null defaults=0x0 flags=0x2 color=0xff607d8b category=sys vis=PRIVATE)) userId: 0
10-29 09:29:07.742  1623  2259 D gralloc_ranchu: gralloc_alloc: Creating ashmem region of size 8298496
10-29 09:29:07.753  1623  2259 D gralloc_ranchu: gralloc_alloc: Creating ashmem region of size 8298496
10-29 09:29:07.755  1623  1623 D gralloc_ranchu: gralloc_alloc: Creating ashmem region of size 8298496
10-29 09:29:07.767  2110  3831 D EGL_emulation: eglMakeCurrent: 0xe1f06880: ver 2 0 (tinfo 0xcc4ac0e0)
10-29 09:29:08.157  1982  2182 I GnssLocationProvider: WakeLock acquired by sendMessage(REPORT_SV_STATUS, 0, com.android.server.location.GnssLocationProvider$SvStatusInfo@eb6d5e3)
10-29 09:29:08.157  1982  2001 I GnssLocationProvider: WakeLock released by handleMessage(REPORT_SV_STATUS, 0, com.android.server.location.GnssLocationProvider$SvStatusInfo@eb6d5e3)
10-29 09:29:08.660 19019 19019 D Autofill Status: Autofill popup isn't shown because autofill is not available.
10-29 09:29:08.660 19019 19019 D Autofill Status: 
10-29 09:29:08.660 19019 19019 D Autofill Status: Did you set up autofill?
10-29 09:29:08.660 19019 19019 D Autofill Status: 1. Go to Settings > System > Languages&input > Advanced > Autofill Service
10-29 09:29:08.660 19019 19019 D Autofill Status: 2. Pick a service
10-29 09:29:08.660 19019 19019 D Autofill Status: 
10-29 09:29:08.660 19019 19019 D Autofill Status: Did you add an account?
10-29 09:29:08.660 19019 19019 D Autofill Status: 1. Go to Settings > System > Languages&input > Advanced
10-29 09:29:08.660 19019 19019 D Autofill Status: 2. Click on the settings icon next to the Autofill Service
10-29 09:29:08.660 19019 19019 D Autofill Status: 3. Add your account
10-29 09:29:08.734  2110  2110 W GInputConnectionWrapper: Fixing selection indices to 0, 0
10-29 09:29:08.824  2450  2450 D TVNotifService: skipped notification StatusBarNotification(pkg=android user=UserHandle{-1} id=8 tag=null key=-1|android|8|null|1000: Notification(channel=VIRTUAL_KEYBOARD pri=0 contentView=null vibrate=null sound=null defaults=0x0 flags=0x2 color=0xff607d8b category=sys vis=PRIVATE)) userId: 0
10-29 09:29:08.857  2450  2450 D TVNotifService: skipped notification StatusBarNotification(pkg=android user=UserHandle{-1} id=8 tag=null key=-1|android|8|null|1000: Notification(channel=VIRTUAL_KEYBOARD pri=0 contentView=null vibrate=null sound=null defaults=0x0 flags=0x2 color=0xff607d8b category=sys vis=PRIVATE)) userId: 0
10-29 09:29:09.076 19019 19019 D Autofill Status: Autofill popup isn't shown because autofill is not available.
10-29 09:29:09.076 19019 19019 D Autofill Status: 
10-29 09:29:09.076 19019 19019 D Autofill Status: Did you set up autofill?
10-29 09:29:09.076 19019 19019 D Autofill Status: 1. Go to Settings > System > Languages&input > Advanced > Autofill Service
10-29 09:29:09.076 19019 19019 D Autofill Status: 2. Pick a service
10-29 09:29:09.076 19019 19019 D Autofill Status: 
10-29 09:29:09.076 19019 19019 D Autofill Status: Did you add an account?
10-29 09:29:09.076 19019 19019 D Autofill Status: 1. Go to Settings > System > Languages&input > Advanced
10-29 09:29:09.076 19019 19019 D Autofill Status: 2. Click on the settings icon next to the Autofill Service
10-29 09:29:09.076 19019 19019 D Autofill Status: 3. Add your account
10-29 09:29:09.158  1982  2182 I GnssLocationProvider: WakeLock acquired by sendMessage(REPORT_SV_STATUS, 0, com.android.server.location.GnssLocationProvider$SvStatusInfo@333155e)
10-29 09:29:09.158  1982  2001 I GnssLocationProvider: WakeLock released by handleMessage(REPORT_SV_STATUS, 0, com.android.server.location.GnssLocationProvider$SvStatusInfo@333155e)
10-29 09:29:09.178  2110  2110 W GInputConnectionWrapper: Fixing selection indices to 0, 0
10-29 09:29:09.211  2450  2450 D TVNotifService: skipped notification StatusBarNotification(pkg=android user=UserHandle{-1} id=8 tag=null key=-1|android|8|null|1000: Notification(channel=VIRTUAL_KEYBOARD pri=0 contentView=null vibrate=null sound=null defaults=0x0 flags=0x2 color=0xff607d8b category=sys vis=PRIVATE)) userId: 0
10-29 09:29:09.228  2450  2450 D TVNotifService: skipped notification StatusBarNotification(pkg=android user=UserHandle{-1} id=8 tag=null key=-1|android|8|null|1000: Notification(channel=VIRTUAL_KEYBOARD pri=0 contentView=null vibrate=null sound=null defaults=0x0 flags=0x2 color=0xff607d8b category=sys vis=PRIVATE)) userId: 0
10-29 09:29:09.453  1982  1982 W TelecomManager: Telecom Service not found.
10-29 09:29:09.457  2450  2450 D TVNotifService: skipped remove notification StatusBarNotification(pkg=android user=UserHandle{-1} id=8 tag=null key=-1|android|8|null|1000: Notification(channel=VIRTUAL_KEYBOARD pri=0 contentView=null vibrate=null sound=null defaults=0x0 flags=0x2 color=0xff607d8b category=sys vis=PRIVATE)) userId: 0
10-29 09:29:09.467  2110  3831 D EGL_emulation: eglMakeCurrent: 0xe1f06880: ver 2 0 (tinfo 0xcc4ac0e0)
10-29 09:29:10.158  1982  2182 I GnssLocationProvider: WakeLock acquired by sendMessage(REPORT_SV_STATUS, 0, com.android.server.location.GnssLocationProvider$SvStatusInfo@a767236)
10-29 09:29:10.158  1982  2001 I GnssLocationProvider: WakeLock released by handleMessage(REPORT_SV_STATUS, 0, com.android.server.location.GnssLocationProvider$SvStatusInfo@a767236)
10-29 09:29:11.158  1982  2182 I GnssLocationProvider: WakeLock acquired by sendMessage(REPORT_SV_STATUS, 0, com.android.server.location.GnssLocationProvider$SvStatusInfo@6ff4537)
10-29 09:29:11.158  1982  2001 I GnssLocationProvider: WakeLock released by handleMessage(REPORT_SV_STATUS, 0, com.android.server.location.GnssLocationProvider$SvStatusInfo@6ff4537)
10-29 09:29:12.158  1982  2182 I GnssLocationProvider: WakeLock acquired by sendMessage(REPORT_SV_STATUS, 0, com.android.server.location.GnssLocationProvider$SvStatusInfo@1332009)
10-29 09:29:12.158  1982  2001 I GnssLocationProvider: WakeLock released by handleMessage(REPORT_SV_STATUS, 0, com.android.server.location.GnssLocationProvider$SvStatusInfo@1332009)
10-29 09:29:13.159  1982  2182 I GnssLocationProvider: WakeLock acquired by sendMessage(REPORT_SV_STATUS, 0, com.android.server.location.GnssLocationProvider$SvStatusInfo@67d920e)
10-29 09:29:13.160  1982  2001 I GnssLocationProvider: WakeLock released by handleMessage(REPORT_SV_STATUS, 0, com.android.server.location.GnssLocationProvider$SvStatusInfo@67d920e)
10-29 09:29:14.159  1982  2182 I GnssLocationProvider: WakeLock acquired by sendMessage(REPORT_SV_STATUS, 0, com.android.server.location.GnssLocationProvider$SvStatusInfo@acba42f)
10-29 09:29:14.160  1982  2001 I GnssLocationProvider: WakeLock released by handleMessage(REPORT_SV_STATUS, 0, com.android.server.location.GnssLocationProvider$SvStatusInfo@acba42f)
10-29 09:29:15.160  1982  2182 I GnssLocationProvider: WakeLock acquired by sendMessage(REPORT_SV_STATUS, 0, com.android.server.location.GnssLocationProvider$SvStatusInfo@156a3c)
10-29 09:29:15.160  1982  2001 I GnssLocationProvider: WakeLock released by handleMessage(REPORT_SV_STATUS, 0, com.android.server.location.GnssLocationProvider$SvStatusInfo@156a3c)
10-29 09:29:15.591  1982 22482 D WificondControl: Scan result ready event
10-29 09:29:16.161  1982  2182 I GnssLocationProvider: WakeLock acquired by sendMessage(REPORT_SV_STATUS, 0, com.android.server.location.GnssLocationProvider$SvStatusInfo@5e4b3c5)
10-29 09:29:16.161  1982  2001 I GnssLocationProvider: WakeLock released by handleMessage(REPORT_SV_STATUS, 0, com.android.server.location.GnssLocationProvider$SvStatusInfo@5e4b3c5)
10-29 09:29:16.454 19019 19019 D Autofill Status: Autofill popup isn't shown because autofill is not available.
10-29 09:29:16.454 19019 19019 D Autofill Status: 
10-29 09:29:16.454 19019 19019 D Autofill Status: Did you set up autofill?
10-29 09:29:16.454 19019 19019 D Autofill Status: 1. Go to Settings > System > Languages&input > Advanced > Autofill Service
10-29 09:29:16.454 19019 19019 D Autofill Status: 2. Pick a service
10-29 09:29:16.454 19019 19019 D Autofill Status: 
10-29 09:29:16.454 19019 19019 D Autofill Status: Did you add an account?
10-29 09:29:16.454 19019 19019 D Autofill Status: 1. Go to Settings > System > Languages&input > Advanced
10-29 09:29:16.454 19019 19019 D Autofill Status: 2. Click on the settings icon next to the Autofill Service
10-29 09:29:16.454 19019 19019 D Autofill Status: 3. Add your account
10-29 09:29:16.491  2110 19111 I native  : neural_language_identifier.cc:337 Portable Language Identification module loaded successfully.
10-29 09:29:16.498  2110  2110 W GInputConnectionWrapper: Fixing selection indices to 0, 0
10-29 09:29:16.725  2450  2450 D TVNotifService: skipped notification StatusBarNotification(pkg=android user=UserHandle{-1} id=8 tag=null key=-1|android|8|null|1000: Notification(channel=VIRTUAL_KEYBOARD pri=0 contentView=null vibrate=null sound=null defaults=0x0 flags=0x2 color=0xff607d8b category=sys vis=PRIVATE)) userId: 0
10-29 09:29:16.725  2450  2450 D TVNotifService: skipped notification StatusBarNotification(pkg=android user=UserHandle{-1} id=8 tag=null key=-1|android|8|null|1000: Notification(channel=VIRTUAL_KEYBOARD pri=0 contentView=null vibrate=null sound=null defaults=0x0 flags=0x2 color=0xff607d8b category=sys vis=PRIVATE)) userId: 0
10-29 09:29:16.728  1623  1623 D gralloc_ranchu: gralloc_alloc: Creating ashmem region of size 8298496
10-29 09:29:16.753  1623  2259 D gralloc_ranchu: gralloc_alloc: Creating ashmem region of size 8298496
10-29 09:29:16.788  1623  2259 D gralloc_ranchu: gralloc_alloc: Creating ashmem region of size 8298496
10-29 09:29:16.826  2110  3831 D EGL_emulation: eglMakeCurrent: 0xe1f06880: ver 2 0 (tinfo 0xcc4ac0e0)
10-29 09:29:17.163  1982  2182 I GnssLocationProvider: WakeLock acquired by sendMessage(REPORT_SV_STATUS, 0, com.android.server.location.GnssLocationProvider$SvStatusInfo@f789abe)
10-29 09:29:17.163  1982  2001 I GnssLocationProvider: WakeLock released by handleMessage(REPORT_SV_STATUS, 0, com.android.server.location.GnssLocationProvider$SvStatusInfo@f789abe)
10-29 09:29:17.916 19019 19019 D Autofill Status: Autofill popup isn't shown because autofill is not available.
10-29 09:29:17.916 19019 19019 D Autofill Status: 
10-29 09:29:17.916 19019 19019 D Autofill Status: Did you set up autofill?
10-29 09:29:17.916 19019 19019 D Autofill Status: 1. Go to Settings > System > Languages&input > Advanced > Autofill Service
10-29 09:29:17.916 19019 19019 D Autofill Status: 2. Pick a service
10-29 09:29:17.916 19019 19019 D Autofill Status: 
10-29 09:29:17.916 19019 19019 D Autofill Status: Did you add an account?
10-29 09:29:17.916 19019 19019 D Autofill Status: 1. Go to Settings > System > Languages&input > Advanced
10-29 09:29:17.916 19019 19019 D Autofill Status: 2. Click on the settings icon next to the Autofill Service
10-29 09:29:17.916 19019 19019 D Autofill Status: 3. Add your account
10-29 09:29:18.020  2110  2110 W GInputConnectionWrapper: Fixing selection indices to 0, 0
10-29 09:29:18.072  2450  2450 D TVNotifService: skipped notification StatusBarNotification(pkg=android user=UserHandle{-1} id=8 tag=null key=-1|android|8|null|1000: Notification(channel=VIRTUAL_KEYBOARD pri=0 contentView=null vibrate=null sound=null defaults=0x0 flags=0x2 color=0xff607d8b category=sys vis=PRIVATE)) userId: 0
10-29 09:29:18.081  2450  2450 D TVNotifService: skipped notification StatusBarNotification(pkg=android user=UserHandle{-1} id=8 tag=null key=-1|android|8|null|1000: Notification(channel=VIRTUAL_KEYBOARD pri=0 contentView=null vibrate=null sound=null defaults=0x0 flags=0x2 color=0xff607d8b category=sys vis=PRIVATE)) userId: 0
10-29 09:29:18.163  1982  2182 I GnssLocationProvider: WakeLock acquired by sendMessage(REPORT_SV_STATUS, 0, com.android.server.location.GnssLocationProvider$SvStatusInfo@1a5da6c)
10-29 09:29:18.164  1982  2001 I GnssLocationProvider: WakeLock released by handleMessage(REPORT_SV_STATUS, 0, com.android.server.location.GnssLocationProvider$SvStatusInfo@1a5da6c)
10-29 09:29:19.163  1982  2182 I GnssLocationProvider: WakeLock acquired by sendMessage(REPORT_SV_STATUS, 0, com.android.server.location.GnssLocationProvider$SvStatusInfo@7b31835)
10-29 09:29:19.164  1982  2001 I GnssLocationProvider: WakeLock released by handleMessage(REPORT_SV_STATUS, 0, com.android.server.location.GnssLocationProvider$SvStatusInfo@7b31835)
10-29 09:29:19.543  1982  1982 W TelecomManager: Telecom Service not found.
10-29 09:29:19.544  2450  2450 D TVNotifService: skipped remove notification StatusBarNotification(pkg=android user=UserHandle{-1} id=8 tag=null key=-1|android|8|null|1000: Notification(channel=VIRTUAL_KEYBOARD pri=0 contentView=null vibrate=null sound=null defaults=0x0 flags=0x2 color=0xff607d8b category=sys vis=PRIVATE)) userId: 0
10-29 09:29:19.553  2110  3831 D EGL_emulation: eglMakeCurrent: 0xe1f06880: ver 2 0 (tinfo 0xcc4ac0e0)
10-29 09:29:20.164  1982  2182 I GnssLocationProvider: WakeLock acquired by sendMessage(REPORT_SV_STATUS, 0, com.android.server.location.GnssLocationProvider$SvStatusInfo@e0b18ed)
10-29 09:29:20.164  1982  2001 I GnssLocationProvider: WakeLock released by handleMessage(REPORT_SV_STATUS, 0, com.android.server.location.GnssLocationProvider$SvStatusInfo@e0b18ed)
10-29 09:29:21.164  1982  2182 I GnssLocationProvider: WakeLock acquired by sendMessage(REPORT_SV_STATUS, 0, com.android.server.location.GnssLocationProvider$SvStatusInfo@a00322)
10-29 09:29:21.164  1982  2001 I GnssLocationProvider: WakeLock released by handleMessage(REPORT_SV_STATUS, 0, com.android.server.location.GnssLocationProvider$SvStatusInfo@a00322)
10-29 09:29:22.164  1982  2182 I GnssLocationProvider: WakeLock acquired by sendMessage(REPORT_SV_STATUS, 0, com.android.server.location.GnssLocationProvider$SvStatusInfo@361e1b3)
10-29 09:29:22.165  1982  2001 I GnssLocationProvider: WakeLock released by handleMessage(REPORT_SV_STATUS, 0, com.android.server.location.GnssLocationProvider$SvStatusInfo@361e1b3)
10-29 09:29:23.203  1982  2182 I GnssLocationProvider: WakeLock acquired by sendMessage(REPORT_SV_STATUS, 0, com.android.server.location.GnssLocationProvider$SvStatusInfo@6e3d370)
10-29 09:29:23.203  1982  2001 I GnssLocationProvider: WakeLock released by handleMessage(REPORT_SV_STATUS, 0, com.android.server.location.GnssLocationProvider$SvStatusInfo@6e3d370)
10-29 09:29:23.474 19019 19019 V StashClient: User-Agent=StashAppAndroidTV/0.6.12-8-g534d51d5 (release/9; sdk/28) (unknown; sdk_google_atv_x86; generic_x86)
10-29 09:29:23.516 19019 19019 W tecres.stashap: Accessing hidden method Lcom/android/org/conscrypt/OpenSSLSocketImpl;->setUseSessionTickets(Z)V (light greylist, reflection)
10-29 09:29:23.516 19019 19019 W tecres.stashap: Accessing hidden method Lcom/android/org/conscrypt/OpenSSLSocketImpl;->setHostname(Ljava/lang/String;)V (light greylist, reflection)
10-29 09:29:23.516 19019 19019 W tecres.stashap: Accessing hidden method Lcom/android/org/conscrypt/OpenSSLSocketImpl;->getAlpnSelectedProtocol()[B (light greylist, reflection)
10-29 09:29:23.516 19019 19019 W tecres.stashap: Accessing hidden method Lcom/android/org/conscrypt/OpenSSLSocketImpl;->setAlpnProtocols([B)V (light greylist, reflection)
10-29 09:29:23.519 19019 19019 W tecres.stashap: Accessing hidden method Ldalvik/system/CloseGuard;->get()Ldalvik/system/CloseGuard; (light greylist, reflection)
10-29 09:29:23.519 19019 19019 W tecres.stashap: Accessing hidden method Ldalvik/system/CloseGuard;->open(Ljava/lang/String;)V (light greylist, reflection)
10-29 09:29:23.519 19019 19019 W tecres.stashap: Accessing hidden method Ldalvik/system/CloseGuard;->warnIfOpen()V (light greylist, reflection)
10-29 09:29:23.520 19019 19019 D NetworkSecurityConfig: No Network Security Config specified, using platform default
10-29 09:29:23.654 19019 19047 V QueryEngine: executeQuery 0 Credentials
10-29 09:29:23.705 19019 19046 V QueryEngine: executeQuery 0 Credentials successful
10-29 09:29:23.729 19019 19019 D ManageServersViewModel: connectionState=NewApiKey(apiKey=eyJhbGciOiJIUzI1NiIsInR5cCI6IkpXVCJ9.eyJ1aWQiOiJib29tIiwic3ViIjoiQVBJS2V5IiwiaWF0IjoxNzYxNjY5NDM4fQ.Kc5ELdmBhIPk01v-fReXHtPe61Q_t7fUXIogqFTdATk)
10-29 09:29:23.748 19019 19019 I AddServer: Connection to http://192.168.1.111:9999 successful with new API key!
10-29 09:29:23.881  1812  1812 D SurfaceFlinger: duplicate layer name: changing com.github.damontecres.stashapp/com.github.damontecres.stashapp.RootActivity to com.github.damontecres.stashapp/com.github.damontecres.stashapp.RootActivity#1
10-29 09:29:23.887  1623  2259 D gralloc_ranchu: gralloc_alloc: Creating ashmem region of size 2363392
10-29 09:29:23.890  1623  1623 D gralloc_ranchu: gralloc_alloc: Creating ashmem region of size 2363392
10-29 09:29:23.891  1623  1623 D gralloc_ranchu: gralloc_alloc: Creating ashmem region of size 2363392
10-29 09:29:23.911 19019 19019 D Autofill Status: Autofill popup isn't shown because autofill is not available.
10-29 09:29:23.911 19019 19019 D Autofill Status: 
10-29 09:29:23.911 19019 19019 D Autofill Status: Did you set up autofill?
10-29 09:29:23.911 19019 19019 D Autofill Status: 1. Go to Settings > System > Languages&input > Advanced > Autofill Service
10-29 09:29:23.911 19019 19019 D Autofill Status: 2. Pick a service
10-29 09:29:23.911 19019 19019 D Autofill Status: 
10-29 09:29:23.911 19019 19019 D Autofill Status: Did you add an account?
10-29 09:29:23.911 19019 19019 D Autofill Status: 1. Go to Settings > System > Languages&input > Advanced
10-29 09:29:23.911 19019 19019 D Autofill Status: 2. Click on the settings icon next to the Autofill Service
10-29 09:29:23.911 19019 19019 D Autofill Status: 3. Add your account
10-29 09:29:23.979 19019 19043 D EGL_emulation: eglMakeCurrent: 0xe82cab00: ver 2 0 (tinfo 0xe3f57e30)
10-29 09:29:24.019 19019 19019 W IInputConnectionWrapper: getExtractedText on inactive InputConnection
10-29 09:29:24.028  2110 19111 I native  : neural_language_identifier.cc:337 Portable Language Identification module loaded successfully.
10-29 09:29:24.030 19019 19043 D EGL_emulation: eglMakeCurrent: 0xe82cab00: ver 2 0 (tinfo 0xe3f57e30)
10-29 09:29:24.069 19019 19043 I chatty  : uid=10058(com.github.damontecres.stashapp) RenderThread identical 2 lines
10-29 09:29:24.092 19019 19043 D EGL_emulation: eglMakeCurrent: 0xe82cab00: ver 2 0 (tinfo 0xe3f57e30)
10-29 09:29:24.100 19019 19019 W IInputConnectionWrapper: beginBatchEdit on inactive InputConnection
10-29 09:29:24.100 19019 19019 W IInputConnectionWrapper: getTextBeforeCursor on inactive InputConnection
10-29 09:29:24.107 19019 19043 D EGL_emulation: eglMakeCurrent: 0xe82cab00: ver 2 0 (tinfo 0xe3f57e30)
10-29 09:29:24.126 19019 19043 D EGL_emulation: eglMakeCurrent: 0xe82cab00: ver 2 0 (tinfo 0xe3f57e30)
10-29 09:29:24.126 19019 19019 W IInputConnectionWrapper: getTextAfterCursor on inactive InputConnection
10-29 09:29:24.139 19019 19043 D EGL_emulation: eglMakeCurrent: 0xe82cab00: ver 2 0 (tinfo 0xe3f57e30)
10-29 09:29:24.158 19019 19043 D EGL_emulation: eglMakeCurrent: 0xe82cab00: ver 2 0 (tinfo 0xe3f57e30)
10-29 09:29:24.158 19019 19019 W IInputConnectionWrapper: getSelectedText on inactive InputConnection
10-29 09:29:24.167  1982  2182 I GnssLocationProvider: WakeLock acquired by sendMessage(REPORT_SV_STATUS, 0, com.android.server.location.GnssLocationProvider$SvStatusInfo@7a69da3)
10-29 09:29:24.168  1982  2001 I GnssLocationProvider: WakeLock released by handleMessage(REPORT_SV_STATUS, 0, com.android.server.location.GnssLocationProvider$SvStatusInfo@7a69da3)
10-29 09:29:24.172 19019 19043 D EGL_emulation: eglMakeCurrent: 0xe82cab00: ver 2 0 (tinfo 0xe3f57e30)
10-29 09:29:24.191 19019 19043 D EGL_emulation: eglMakeCurrent: 0xe82cab00: ver 2 0 (tinfo 0xe3f57e30)
10-29 09:29:24.191 19019 19019 W IInputConnectionWrapper: endBatchEdit on inactive InputConnection
10-29 09:29:24.192 19019 19019 W IInputConnectionWrapper: beginBatchEdit on inactive InputConnection
10-29 09:29:24.192 19019 19019 W IInputConnectionWrapper: getTextBeforeCursor on inactive InputConnection
10-29 09:29:24.199  1812  2261 W SurfaceFlinger: Attempting to set client state on removed layer: Surface(name=Dim Layer for - Task=88)/@0x8a9be46 - animation-leash#0
10-29 09:29:24.199  1812  2261 W SurfaceFlinger: Attempting to destroy on removed layer: Surface(name=Dim Layer for - Task=88)/@0x8a9be46 - animation-leash#0
10-29 09:29:24.220 19019 19043 D EGL_emulation: eglMakeCurrent: 0xe82cab00: ver 2 0 (tinfo 0xe3f57e30)
10-29 09:29:24.221 19019 19019 W IInputConnectionWrapper: getTextAfterCursor on inactive InputConnection
10-29 09:29:24.236 19019 19043 D EGL_emulation: eglMakeCurrent: 0xe82cab00: ver 2 0 (tinfo 0xe3f57e30)
10-29 09:29:24.246 19019 19043 D EGL_emulation: eglMakeCurrent: 0xe82cab00: ver 2 0 (tinfo 0xe3f57e30)
10-29 09:29:24.247 19019 19019 W IInputConnectionWrapper: getSelectedText on inactive InputConnection
10-29 09:29:24.278  2450  2450 D TVNotifService: skipped notification StatusBarNotification(pkg=android user=UserHandle{-1} id=8 tag=null key=-1|android|8|null|1000: Notification(channel=VIRTUAL_KEYBOARD pri=0 contentView=null vibrate=null sound=null defaults=0x0 flags=0x2 color=0xff607d8b category=sys vis=PRIVATE)) userId: 0
10-29 09:29:24.278  2450  2450 D TVNotifService: skipped notification StatusBarNotification(pkg=android user=UserHandle{-1} id=8 tag=null key=-1|android|8|null|1000: Notification(channel=VIRTUAL_KEYBOARD pri=0 contentView=null vibrate=null sound=null defaults=0x0 flags=0x2 color=0xff607d8b category=sys vis=PRIVATE)) userId: 0
10-29 09:29:24.282  1623  1623 D gralloc_ranchu: gralloc_alloc: Creating ashmem region of size 8298496
10-29 09:29:24.285  1623  2259 D gralloc_ranchu: gralloc_alloc: Creating ashmem region of size 8298496
10-29 09:29:24.286  1623  2259 D gralloc_ranchu: gralloc_alloc: Creating ashmem region of size 8298496
10-29 09:29:24.290 19019 19019 W IInputConnectionWrapper: endBatchEdit on inactive InputConnection
10-29 09:29:24.293  2110  2110 I native  : input-context-store.cc:113 Using roll back input context operation: [AbortComposing] reason: client [226] vs decoder [227]
10-29 09:29:24.393 19019 19043 D EGL_emulation: eglMakeCurrent: 0xe82cab00: ver 2 0 (tinfo 0xe3f57e30)
10-29 09:29:24.396  2110  2110 W GInputConnectionWrapper: Fixing selection indices to 0, 0
10-29 09:29:24.404 19019 19043 D EGL_emulation: eglMakeCurrent: 0xe82cab00: ver 2 0 (tinfo 0xe3f57e30)
10-29 09:29:24.439 19019 19043 I chatty  : uid=10058(com.github.damontecres.stashapp) RenderThread identical 3 lines
10-29 09:29:24.472 19019 19043 D EGL_emulation: eglMakeCurrent: 0xe82cab00: ver 2 0 (tinfo 0xe3f57e30)
10-29 09:29:24.505  2450  2450 D TVNotifService: skipped notification StatusBarNotification(pkg=android user=UserHandle{-1} id=8 tag=null key=-1|android|8|null|1000: Notification(channel=VIRTUAL_KEYBOARD pri=0 contentView=null vibrate=null sound=null defaults=0x0 flags=0x2 color=0xff607d8b category=sys vis=PRIVATE)) userId: 0
10-29 09:29:24.506  2450  2450 D TVNotifService: skipped notification StatusBarNotification(pkg=android user=UserHandle{-1} id=8 tag=null key=-1|android|8|null|1000: Notification(channel=VIRTUAL_KEYBOARD pri=0 contentView=null vibrate=null sound=null defaults=0x0 flags=0x2 color=0xff607d8b category=sys vis=PRIVATE)) userId: 0
10-29 09:29:24.507  2110  3831 D EGL_emulation: eglMakeCurrent: 0xe1f06880: ver 2 0 (tinfo 0xcc4ac0e0)
10-29 09:29:24.557 19019 19043 D EGL_emulation: eglMakeCurrent: 0xe82cab00: ver 2 0 (tinfo 0xe3f57e30)
10-29 09:29:24.597 19019 19043 I chatty  : uid=10058(com.github.damontecres.stashapp) RenderThread identical 3 lines
10-29 09:29:24.996 19019 19043 D EGL_emulation: eglMakeCurrent: 0xe82cab00: ver 2 0 (tinfo 0xe3f57e30)
10-29 09:29:25.167  1982  2182 I GnssLocationProvider: WakeLock acquired by sendMessage(REPORT_SV_STATUS, 0, com.android.server.location.GnssLocationProvider$SvStatusInfo@b27ba82)
10-29 09:29:25.167  1982  2001 I GnssLocationProvider: WakeLock released by handleMessage(REPORT_SV_STATUS, 0, com.android.server.location.GnssLocationProvider$SvStatusInfo@b27ba82)
10-29 09:29:26.088 19019 19019 D Autofill Status: Autofill popup isn't shown because autofill is not available.
10-29 09:29:26.088 19019 19019 D Autofill Status: 
10-29 09:29:26.088 19019 19019 D Autofill Status: Did you set up autofill?
10-29 09:29:26.088 19019 19019 D Autofill Status: 1. Go to Settings > System > Languages&input > Advanced > Autofill Service
10-29 09:29:26.088 19019 19019 D Autofill Status: 2. Pick a service
10-29 09:29:26.088 19019 19019 D Autofill Status: 
10-29 09:29:26.088 19019 19019 D Autofill Status: Did you add an account?
10-29 09:29:26.088 19019 19019 D Autofill Status: 1. Go to Settings > System > Languages&input > Advanced
10-29 09:29:26.088 19019 19019 D Autofill Status: 2. Click on the settings icon next to the Autofill Service
10-29 09:29:26.088 19019 19019 D Autofill Status: 3. Add your account
10-29 09:29:26.137  2110  2110 W GInputConnectionWrapper: Fixing selection indices to 0, 0
10-29 09:29:26.189  1982  2182 I GnssLocationProvider: WakeLock acquired by sendMessage(REPORT_SV_STATUS, 0, com.android.server.location.GnssLocationProvider$SvStatusInfo@79dc9d0)
10-29 09:29:26.189  1982  2001 I GnssLocationProvider: WakeLock released by handleMessage(REPORT_SV_STATUS, 0, com.android.server.location.GnssLocationProvider$SvStatusInfo@79dc9d0)
10-29 09:29:26.244  2450  2450 D TVNotifService: skipped notification StatusBarNotification(pkg=android user=UserHandle{-1} id=8 tag=null key=-1|android|8|null|1000: Notification(channel=VIRTUAL_KEYBOARD pri=0 contentView=null vibrate=null sound=null defaults=0x0 flags=0x2 color=0xff607d8b category=sys vis=PRIVATE)) userId: 0
10-29 09:29:26.252  2450  2450 D TVNotifService: skipped notification StatusBarNotification(pkg=android user=UserHandle{-1} id=8 tag=null key=-1|android|8|null|1000: Notification(channel=VIRTUAL_KEYBOARD pri=0 contentView=null vibrate=null sound=null defaults=0x0 flags=0x2 color=0xff607d8b category=sys vis=PRIVATE)) userId: 0
10-29 09:29:27.185  1982  2182 I GnssLocationProvider: WakeLock acquired by sendMessage(REPORT_SV_STATUS, 0, com.android.server.location.GnssLocationProvider$SvStatusInfo@88c7dc9)
10-29 09:29:27.185  1982  2001 I GnssLocationProvider: WakeLock released by handleMessage(REPORT_SV_STATUS, 0, com.android.server.location.GnssLocationProvider$SvStatusInfo@88c7dc9)
10-29 09:29:27.601  1982  1982 W TelecomManager: Telecom Service not found.
10-29 09:29:27.602  2450  2450 D TVNotifService: skipped remove notification StatusBarNotification(pkg=android user=UserHandle{-1} id=8 tag=null key=-1|android|8|null|1000: Notification(channel=VIRTUAL_KEYBOARD pri=0 contentView=null vibrate=null sound=null defaults=0x0 flags=0x2 color=0xff607d8b category=sys vis=PRIVATE)) userId: 0
10-29 09:29:27.615  2110  3831 D EGL_emulation: eglMakeCurrent: 0xe1f06880: ver 2 0 (tinfo 0xcc4ac0e0)
10-29 09:29:27.652 19019 19043 D EGL_emulation: eglMakeCurrent: 0xe82cab00: ver 2 0 (tinfo 0xe3f57e30)
10-29 09:29:27.935 19019 19043 I chatty  : uid=10058(com.github.damontecres.stashapp) RenderThread identical 22 lines
10-29 09:29:27.947 19019 19043 D EGL_emulation: eglMakeCurrent: 0xe82cab00: ver 2 0 (tinfo 0xe3f57e30)
10-29 09:29:28.186  1982  2182 I GnssLocationProvider: WakeLock acquired by sendMessage(REPORT_SV_STATUS, 0, com.android.server.location.GnssLocationProvider$SvStatusInfo@7c7c832)
10-29 09:29:28.186  1982  2001 I GnssLocationProvider: WakeLock released by handleMessage(REPORT_SV_STATUS, 0, com.android.server.location.GnssLocationProvider$SvStatusInfo@7c7c832)
10-29 09:29:28.488 19019 19046 V QueryEngine: executeQuery 1 Configuration
10-29 09:29:28.538 19019 19047 V QueryEngine: executeQuery 1 Configuration successful
10-29 09:29:28.539 19019 19019 I ServerPreferences: updatePreferences for server version v0.29.1
10-29 09:29:28.652 19019 19043 D EGL_emulation: eglMakeCurrent: 0xe82cab00: ver 2 0 (tinfo 0xe3f57e30)
10-29 09:29:28.714 19019 19019 W tecres.stashap: Accessing hidden method Landroid/graphics/FontFamily;-><init>()V (light greylist, reflection)
10-29 09:29:28.714 19019 19019 W tecres.stashap: Accessing hidden method Landroid/graphics/FontFamily;->addFontFromAssetManager(Landroid/content/res/AssetManager;Ljava/lang/String;IZIII[Landroid/graphics/fonts/FontVariationAxis;)Z (light greylist, reflection)
10-29 09:29:28.714 19019 19019 W tecres.stashap: Accessing hidden method Landroid/graphics/FontFamily;->addFontFromBuffer(Ljava/nio/ByteBuffer;I[Landroid/graphics/fonts/FontVariationAxis;II)Z (light greylist, reflection)
10-29 09:29:28.714 19019 19019 W tecres.stashap: Accessing hidden method Landroid/graphics/FontFamily;->freeze()Z (light greylist, reflection)
10-29 09:29:28.714 19019 19019 W tecres.stashap: Accessing hidden method Landroid/graphics/FontFamily;->abortCreation()V (light greylist, reflection)
10-29 09:29:28.714 19019 19019 W tecres.stashap: Accessing hidden method Landroid/graphics/Typeface;->createFromFamiliesWithDefault([Landroid/graphics/FontFamily;Ljava/lang/String;II)Landroid/graphics/Typeface; (light greylist, reflection)
10-29 09:29:28.816  1812  1951 W SurfaceFlinger: Attempting to set client state on removed layer: com.github.damontecres.stashapp/com.github.damontecres.stashapp.RootActivity#1
10-29 09:29:28.816  1812  1951 W SurfaceFlinger: Attempting to destroy on removed layer: com.github.damontecres.stashapp/com.github.damontecres.stashapp.RootActivity#1
10-29 09:29:28.833  1812  1964 W SurfaceFlinger: Attempting to set client state on removed layer: Dim Layer for - Task=88#0
10-29 09:29:28.833  1812  1964 W SurfaceFlinger: Attempting to destroy on removed layer: Dim Layer for - Task=88#0
10-29 09:29:28.891 19019 19043 D EGL_emulation: eglMakeCurrent: 0xe82cab00: ver 2 0 (tinfo 0xe3f57e30)
10-29 09:29:28.907 19019 19019 V NavDrawerFragment: cmd=NavigationCommand(destination=Main, popUpToMain=true), server=StashServer(url=http://192.168.1.111:9999, apiKey?=true)
10-29 09:29:28.909 19019 19047 V QueryEngine: executeQuery 2 Configuration
10-29 09:29:28.911 19019 19019 D MainPage: 1 front page rows
10-29 09:29:28.931 19019 19126 V QueryEngine: executeQuery 3 Statistics
10-29 09:29:28.936 19019 19019 V UpdateChecker: Last successful update check was 20390d 9h 29m 28.936s ago
10-29 09:29:28.976 19019 19047 V QueryEngine: executeQuery 2 Configuration successful
10-29 09:29:29.025 19019 19126 V QueryEngine: executeQuery 3 Statistics successful
10-29 09:29:29.142 19019 19019 D MainPage: 1 front page rows
10-29 09:29:29.142 19019 19126 V QueryEngine: executeQuery 4 Configuration
10-29 09:29:29.147 19019 19130 V QueryEngine: executeQuery 5 Statistics
10-29 09:29:29.149 19019 19019 V UpdateChecker: Last successful update check was 20390d 9h 29m 29.149s ago
10-29 09:29:29.153  1920  1920 E netmgr  : Failed to open QEMU pipe 'qemud:network': Invalid argument
10-29 09:29:29.153  1920  1920 E netmgr  : WifiForwarder unable to open QEMU pipe: Invalid argument
10-29 09:29:29.183 19019 19019 I ServerPreferences: updatePreferences for server version v0.29.1
10-29 09:29:29.186  1982  2182 I GnssLocationProvider: WakeLock acquired by sendMessage(REPORT_SV_STATUS, 0, com.android.server.location.GnssLocationProvider$SvStatusInfo@9bef618)
10-29 09:29:29.187  1982  2001 I GnssLocationProvider: WakeLock released by handleMessage(REPORT_SV_STATUS, 0, com.android.server.location.GnssLocationProvider$SvStatusInfo@9bef618)
10-29 09:29:29.192 19019 19130 V QueryEngine: executeQuery 5 Statistics successful
10-29 09:29:29.196 19019 19130 V QueryEngine: executeQuery 4 Configuration successful
10-29 09:29:29.201 19019 19019 I ServerPreferences: updatePreferences for server version v0.29.1
10-29 09:29:29.504 19019 19129 W tecres.stashap: Long monitor contention with owner DefaultDispatcher-worker-1 (19046) at void kotlin.reflect.jvm.internal.impl.protobuf.CodedInputStream.recomputeBufferSizeAfterLimit()(CodedInputStream.java:1006) waiters=0 in java.lang.Object kotlin.SynchronizedLazyImpl.getValue() for 357ms
10-29 09:29:29.510 19019 19046 V QueryEngine: executeQuery 6 FindGroups
10-29 09:29:29.510 19019 19129 V QueryEngine: executeQuery 7 FindGroups
10-29 09:29:29.530 19019 19127 W UpdateChecker: Update check failed: 
10-29 09:29:29.606 19019 19127 V QueryEngine: executeQuery 7 FindGroups successful
10-29 09:29:29.610 19019 19046 V QueryEngine: executeQuery 6 FindGroups successful
10-29 09:29:29.668 19019 19047 W UpdateChecker: Update check failed: 
10-29 09:29:29.803 19019 19019 V UpdateChecker: No update available for v0.6.12-8-g534d51d5
10-29 09:29:29.875  1613  3510 W audio_hw_generic: Not supplying enough data to HAL, expected position 310798344 , only wrote 310798080
10-29 09:29:29.957  1623  2259 D gralloc_ranchu: gralloc_alloc: Creating ashmem region of size 143360
10-29 09:29:30.010  1623  2259 D gralloc_ranchu: gralloc_alloc: Creating ashmem region of size 3690496
10-29 09:29:30.187  1982  2182 I GnssLocationProvider: WakeLock acquired by sendMessage(REPORT_SV_STATUS, 0, com.android.server.location.GnssLocationProvider$SvStatusInfo@e697656)
10-29 09:29:30.187  1982  2001 I GnssLocationProvider: WakeLock released by handleMessage(REPORT_SV_STATUS, 0, com.android.server.location.GnssLocationProvider$SvStatusInfo@e697656)
10-29 09:29:30.770 19019 19046 V QueryEngine: executeQuery 8 Configuration
10-29 09:29:30.772 19019 19127 V QueryEngine: executeQuery 9 FindGroup
10-29 09:29:30.803 19019 19046 V QueryEngine: executeQuery 8 Configuration successful
10-29 09:29:30.804 19019 19127 V QueryEngine: executeQuery 9 FindGroup successful
10-29 09:29:30.805 19019 19019 I ServerPreferences: updatePreferences for server version v0.29.1
10-29 09:29:31.187  1982  2182 I GnssLocationProvider: WakeLock acquired by sendMessage(REPORT_SV_STATUS, 0, com.android.server.location.GnssLocationProvider$SvStatusInfo@179c6d7)
10-29 09:29:31.187  1982  2001 I GnssLocationProvider: WakeLock released by handleMessage(REPORT_SV_STATUS, 0, com.android.server.location.GnssLocationProvider$SvStatusInfo@179c6d7)
10-29 09:29:31.968  1825  1872 E storaged: getDiskStats failed with result NOT_SUPPORTED and size 0
10-29 09:29:32.188  1982  2182 I GnssLocationProvider: WakeLock acquired by sendMessage(REPORT_SV_STATUS, 0, com.android.server.location.GnssLocationProvider$SvStatusInfo@cb95bc4)
10-29 09:29:32.188  1982  2001 I GnssLocationProvider: WakeLock released by handleMessage(REPORT_SV_STATUS, 0, com.android.server.location.GnssLocationProvider$SvStatusInfo@cb95bc4)
10-29 09:29:33.188  1982  2182 I GnssLocationProvider: WakeLock acquired by sendMessage(REPORT_SV_STATUS, 0, com.android.server.location.GnssLocationProvider$SvStatusInfo@429f973)
10-29 09:29:33.189  1982  2001 I GnssLocationProvider: WakeLock released by handleMessage(REPORT_SV_STATUS, 0, com.android.server.location.GnssLocationProvider$SvStatusInfo@429f973)
10-29 09:29:33.664 19140 19140 W .katniss:searc: Unexpected CPU variant for X86 using defaults: x86
10-29 09:29:33.669  1982  2005 I ActivityManager: Start proc 19140:com.google.android.katniss:search/u0a28 for service com.google.android.katniss/com.google.android.apps.tvsearch.providers.launcher.WidgetInfoUpdateJobService
10-29 09:29:33.695 19140 19140 I .katniss:searc: The ClassLoaderContext is a special shared library.
10-29 09:29:33.698 19140 19140 I .katniss:searc: The ClassLoaderContext is a special shared library.
10-29 09:29:33.714 19140 19140 W SoundPool: Use of stream types is deprecated for operations other than volume control
10-29 09:29:33.714 19140 19140 W SoundPool: See the documentation of SoundPool() for what to use instead with android.media.AudioAttributes to qualify your playback use case
10-29 09:29:33.742 19140 19158 I OMXClient: IOmx service obtained
10-29 09:29:33.742  1827  1885 I OMXMaster: makeComponentInstance(OMX.google.raw.decoder) in omx@1.0-service process
10-29 09:29:33.747 19140 19155 I .katniss:searc: The ClassLoaderContext is a special shared library.
10-29 09:29:33.748  1827  2445 E OMXNodeInstance: getConfig(0xeaca6e40:google.raw.decoder, ConfigAndroidVendorExtension(0x6f100004)) ERROR: Undefined(0x80001001)
10-29 09:29:33.749  1611  1611 W AshmemAllocator: ashmem_create_region(65536) returning hidl_memory(0xe9c1c180, 65536)
10-29 09:29:33.762  1611  1611 I chatty  : uid=1000(system) allocator@1.0-s identical 2 lines
10-29 09:29:33.762  1611  1611 W AshmemAllocator: ashmem_create_region(65536) returning hidl_memory(0xe9c1c180, 65536)
10-29 09:29:33.765 19140 19155 I .katniss:searc: The ClassLoaderContext is a special shared library.
10-29 09:29:33.765  1611  1611 W AshmemAllocator: ashmem_create_region(65536) returning hidl_memory(0xe9c1c180, 65536)
10-29 09:29:33.769  1611  1611 I chatty  : uid=1000(system) allocator@1.0-s identical 2 lines
10-29 09:29:33.769  1611  1611 W AshmemAllocator: ashmem_create_region(65536) returning hidl_memory(0xe9c1c180, 65536)
10-29 09:29:33.773  1820  1820 D MediaBufferGroup: creating MemoryDealer
10-29 09:29:33.793 19140 19163 I OMXClient: IOmx service obtained
10-29 09:29:33.794  1827 10976 I OMXMaster: makeComponentInstance(OMX.google.raw.decoder) in omx@1.0-service process
10-29 09:29:33.798 19140 19155 I .katniss:searc: The ClassLoaderContext is a special shared library.
10-29 09:29:33.801  1827 10976 E OMXNodeInstance: getConfig(0xeaca6e40:google.raw.decoder, ConfigAndroidVendorExtension(0x6f100004)) ERROR: Undefined(0x80001001)
10-29 09:29:33.807  1611  1611 W AshmemAllocator: ashmem_create_region(65536) returning hidl_memory(0xe9c1c180, 65536)
10-29 09:29:33.813  1611  1611 I chatty  : uid=1000(system) allocator@1.0-s identical 6 lines
10-29 09:29:33.813  1611  1611 W AshmemAllocator: ashmem_create_region(65536) returning hidl_memory(0xe9c1c180, 65536)
10-29 09:29:33.815  1820  2306 D MediaBufferGroup: creating MemoryDealer
10-29 09:29:33.825 19140 19166 E .katniss:searc: The String#value field is not present on Android versions >= 6.0
10-29 09:29:33.846 19140 19169 I OMXClient: IOmx service obtained
10-29 09:29:33.847  1827  1885 I OMXMaster: makeComponentInstance(OMX.google.raw.decoder) in omx@1.0-service process
10-29 09:29:33.851  1827  1885 E OMXNodeInstance: getConfig(0xeaca6e40:google.raw.decoder, ConfigAndroidVendorExtension(0x6f100004)) ERROR: Undefined(0x80001001)
10-29 09:29:33.854  1611  1611 W AshmemAllocator: ashmem_create_region(65536) returning hidl_memory(0xe9c1c180, 65536)
10-29 09:29:33.859  1611  1611 I chatty  : uid=1000(system) allocator@1.0-s identical 6 lines
10-29 09:29:33.860  1611  1611 W AshmemAllocator: ashmem_create_region(65536) returning hidl_memory(0xe9c1c180, 65536)
10-29 09:29:33.861  1820  2306 D MediaBufferGroup: creating MemoryDealer
10-29 09:29:33.889 19140 19177 I OMXClient: IOmx service obtained
10-29 09:29:33.890  1827  1885 I OMXMaster: makeComponentInstance(OMX.google.raw.decoder) in omx@1.0-service process
10-29 09:29:33.892  1827 10976 E OMXNodeInstance: getConfig(0xeaca6e40:google.raw.decoder, ConfigAndroidVendorExtension(0x6f100004)) ERROR: Undefined(0x80001001)
10-29 09:29:33.894  1611  1611 W AshmemAllocator: ashmem_create_region(65536) returning hidl_memory(0xe9c1c180, 65536)
10-29 09:29:33.897  1611  1611 I chatty  : uid=1000(system) allocator@1.0-s identical 6 lines
10-29 09:29:33.897  1611  1611 W AshmemAllocator: ashmem_create_region(65536) returning hidl_memory(0xe9c1c180, 65536)
10-29 09:29:33.899  1820  2306 D MediaBufferGroup: creating MemoryDealer
10-29 09:29:33.902 19140 19155 V NativeCrypto: Registering com/google/android/gms/org/conscrypt/NativeCrypto's 286 native methods...
10-29 09:29:33.928 19140 19155 D NetworkSecurityConfig: No Network Security Config specified, using platform default
10-29 09:29:33.941 19140 19155 I ProviderInstaller: Installed default security provider GmsCore_OpenSSL
10-29 09:29:33.970 19140 19140 E BluetoothAdapter: Bluetooth binder is null
10-29 09:29:34.031 19140 19184 I DynamiteModule: Considering local module providerinstaller:0 and remote module providerinstaller:0
10-29 09:29:34.046 19140 19185 W Conscrypt: Could not set socket write timeout: java.net.SocketException: Socket closed
10-29 09:29:34.046 19140 19185 W Conscrypt: 	at com.google.android.gms.org.conscrypt.Platform.setSocketWriteTimeout(:com.google.android.gms@202414084@20.24.14 (080706-319035315):2)
10-29 09:29:34.046 19140 19185 W Conscrypt: 	at com.google.android.gms.org.conscrypt.ConscryptFileDescriptorSocket.setSoWriteTimeout(:com.google.android.gms@202414084@20.24.14 (080706-319035315):0)
10-29 09:29:34.049 19140 19184 W Conscrypt: Could not set socket write timeout: java.net.SocketException: Socket closed
10-29 09:29:34.049 19140 19184 W Conscrypt: 	at com.google.android.gms.org.conscrypt.Platform.setSocketWriteTimeout(:com.google.android.gms@202414084@20.24.14 (080706-319035315):2)
10-29 09:29:34.049 19140 19184 W Conscrypt: 	at com.google.android.gms.org.conscrypt.ConscryptFileDescriptorSocket.setSoWriteTimeout(:com.google.android.gms@202414084@20.24.14 (080706-319035315):0)
10-29 09:29:34.077 19019 19019 D FilterPageViewModel: filterArgs=FilterArgs(dataType=SCENE, name=null, override=null, findFilter=StashFindFilter(q=null, sortAndDirection=SortAndDirection(sort=GroupSceneNumber, direction=ASC, randomSeed=-1)), objectFilter=SceneFilterType(groups=HierarchicalMultiCriterionInput(depth=0, excludes=null, modifier=INCLUDES_ALL, value=[2]))), columns=5
10-29 09:29:34.107 19019 19127 V QueryEngine: executeQuery 10 CountScenes
10-29 09:29:34.144 19019 19046 V QueryEngine: executeQuery 10 CountScenes successful
10-29 09:29:34.189  1982  2182 I GnssLocationProvider: WakeLock acquired by sendMessage(REPORT_SV_STATUS, 0, com.android.server.location.GnssLocationProvider$SvStatusInfo@d4c903e)
10-29 09:29:34.190  1982  2001 I GnssLocationProvider: WakeLock released by handleMessage(REPORT_SV_STATUS, 0, com.android.server.location.GnssLocationProvider$SvStatusInfo@d4c903e)
10-29 09:29:34.205 19019 19024 I tecres.stashap: JIT allocated 60KB for stack maps of void com.github.damontecres.stashapp.ui.components.StashGridKt.StashGrid(com.github.damontecres.stashapp.util.ComposePager, com.github.damontecres.stashapp.ui.ComposeUiConfig, com.github.damontecres.stashapp.ui.components.ItemOnClicker, com.github.damontecres.stashapp.ui.components.LongClicker, kotlin.jvm.functions.Function2, boolean, androidx.compose.ui.focus.FocusRequester, androidx.compose.ui.Modifier, int, kotlin.jvm.functions.Function2, kotlin.jvm.functions.Function2, androidx.compose.runtime.Composer, int, int, int)
10-29 09:29:34.241 19019 19046 V QueryEngine: executeQuery 11 FindScenes
10-29 09:29:34.268 19140 19184 W Conscrypt: Could not set socket write timeout: java.net.SocketException: Socket closed
10-29 09:29:34.268 19140 19184 W Conscrypt: 	at com.google.android.gms.org.conscrypt.Platform.setSocketWriteTimeout(:com.google.android.gms@202414084@20.24.14 (080706-319035315):2)
10-29 09:29:34.268 19140 19184 W Conscrypt: 	at com.google.android.gms.org.conscrypt.ConscryptFileDescriptorSocket.setSoWriteTimeout(:com.google.android.gms@202414084@20.24.14 (080706-319035315):0)
10-29 09:29:34.280 19140 19185 W Conscrypt: Could not set socket write timeout: java.net.SocketException: Socket closed
10-29 09:29:34.280 19140 19185 W Conscrypt: 	at com.google.android.gms.org.conscrypt.Platform.setSocketWriteTimeout(:com.google.android.gms@202414084@20.24.14 (080706-319035315):2)
10-29 09:29:34.280 19140 19185 W Conscrypt: 	at com.google.android.gms.org.conscrypt.ConscryptFileDescriptorSocket.setSoWriteTimeout(:com.google.android.gms@202414084@20.24.14 (080706-319035315):0)
10-29 09:29:34.345 19019 19046 V QueryEngine: executeQuery 11 FindScenes successful
10-29 09:29:34.532  1623  2259 D gralloc_ranchu: gralloc_alloc: Creating ashmem region of size 212992
10-29 09:29:34.839  1623  2259 D gralloc_ranchu: gralloc_alloc: Creating ashmem region of size 212992
10-29 09:29:34.902  1623  2259 D gralloc_ranchu: gralloc_alloc: Creating ashmem region of size 217088
10-29 09:29:34.963  1623  2259 D gralloc_ranchu: gralloc_alloc: Creating ashmem region of size 217088
10-29 09:29:34.968  1623  2259 D gralloc_ranchu: gralloc_alloc: Creating ashmem region of size 212992
10-29 09:29:35.169  1623  2259 I chatty  : uid=1000(system) HwBinder:1623_2 identical 6 lines
10-29 09:29:35.178  1623  2259 D gralloc_ranchu: gralloc_alloc: Creating ashmem region of size 212992
